Archive member included to satisfy reference by file (symbol)

/opt/devkitpro/libctru/lib/libcitro2d.a(base.o)
                              main.o (C2D_Init)
/opt/devkitpro/libctru/lib/libcitro2d.a(text.o)
                              main.o (C2D_TextBufNew)
/opt/devkitpro/libctru/lib/libcitro2d.a(spritesheet.o)
                              main.o (C2D_SpriteSheetLoad)
/opt/devkitpro/libctru/lib/libcitro2d.a(font.o)
                              main.o (C2D_FontLoad)
/opt/devkitpro/libctru/lib/libcitro2d.a(render2d.shbin.o)
                              /opt/devkitpro/libctru/lib/libcitro2d.a(base.o) (render2d_shbin)
/opt/devkitpro/libctru/lib/libcitro3d.a(base.o)
                              main.o (C3D_Init)
/opt/devkitpro/libctru/lib/libcitro3d.a(renderqueue.o)
                              /opt/devkitpro/libctru/lib/libcitro3d.a(base.o) (C3Di_RenderQueueEnableVBlank)
/opt/devkitpro/libctru/lib/libcitro3d.a(texture.o)
                              /opt/devkitpro/libctru/lib/libcitro2d.a(base.o) (C3D_TexBind)
/opt/devkitpro/libctru/lib/libcitro3d.a(tex3ds.o)
                              /opt/devkitpro/libctru/lib/libcitro2d.a(spritesheet.o) (Tex3DS_TextureImport)
/opt/devkitpro/libctru/lib/libcitro3d.a(framebuffer.o)
                              /opt/devkitpro/libctru/lib/libcitro3d.a(renderqueue.o) (C3D_CalcColorBufSize)
/opt/devkitpro/libctru/lib/libcitro3d.a(texenv.o)
                              /opt/devkitpro/libctru/lib/libcitro2d.a(base.o) (C3D_GetTexEnv)
/opt/devkitpro/libctru/lib/libcitro3d.a(drawElements.o)
                              /opt/devkitpro/libctru/lib/libcitro2d.a(base.o) (C3D_DrawElements)
/opt/devkitpro/libctru/lib/libcitro3d.a(proctex.o)
                              /opt/devkitpro/libctru/lib/libcitro2d.a(base.o) (C3D_ProcTexInit)
/opt/devkitpro/libctru/lib/libcitro3d.a(buffers.o)
                              /opt/devkitpro/libctru/lib/libcitro2d.a(base.o) (BufInfo_Init)
/opt/devkitpro/libctru/lib/libcitro3d.a(effect.o)
                              /opt/devkitpro/libctru/lib/libcitro3d.a(base.o) (C3D_DepthMap)
/opt/devkitpro/libctru/lib/libcitro3d.a(attribs.o)
                              /opt/devkitpro/libctru/lib/libcitro2d.a(base.o) (AttrInfo_Init)
/opt/devkitpro/libctru/lib/libcitro3d.a(immediate.o)
                              /opt/devkitpro/libctru/lib/libcitro3d.a(base.o) (C3D_ImmSendAttrib)
/opt/devkitpro/libctru/lib/libcitro3d.a(uniforms.o)
                              /opt/devkitpro/libctru/lib/libcitro3d.a(base.o) (C3D_UpdateUniforms)
/opt/devkitpro/libctru/lib/libcitro3d.a(mtx_ortho.o)
                              /opt/devkitpro/libctru/lib/libcitro2d.a(base.o) (Mtx_Ortho)
/opt/devkitpro/libctru/lib/libcitro3d.a(mtx_scale.o)
                              /opt/devkitpro/libctru/lib/libcitro2d.a(base.o) (Mtx_Scale)
/opt/devkitpro/libctru/lib/libcitro3d.a(mtx_multiply.o)
                              /opt/devkitpro/libctru/lib/libcitro2d.a(base.o) (Mtx_Multiply)
/opt/devkitpro/libctru/lib/libcitro3d.a(mtx_orthotilt.o)
                              /opt/devkitpro/libctru/lib/libcitro2d.a(base.o) (Mtx_OrthoTilt)
/opt/devkitpro/libctru/lib/libcitro3d.a(mtx_translate.o)
                              /opt/devkitpro/libctru/lib/libcitro2d.a(base.o) (Mtx_Translate)
/opt/devkitpro/libctru/lib/libcitro3d.a(mtx_rotatez.o)
                              /opt/devkitpro/libctru/lib/libcitro2d.a(base.o) (Mtx_RotateZ)
/opt/devkitpro/libctru/lib/libctru.a(vram.o)
                              /opt/devkitpro/libctru/lib/libcitro3d.a(renderqueue.o) (vramAlloc)
/opt/devkitpro/libctru/lib/libctru.a(linear.o)
                              /opt/devkitpro/libctru/lib/libcitro2d.a(base.o) (linearAlloc)
/opt/devkitpro/libctru/lib/libctru.a(mem_pool.o)
                              /opt/devkitpro/libctru/lib/libctru.a(vram.o) (MemPool::Allocate(MemChunk&, unsigned long, int))
/opt/devkitpro/libctru/lib/libctru.a(romfs_dev.o)
                              main.o (romfsMountSelf)
/opt/devkitpro/libctru/lib/libctru.a(os.o)
                              /opt/devkitpro/libctru/lib/libcitro3d.a(texture.o) (osConvertVirtToPhys)
/opt/devkitpro/libctru/lib/libctru.a(path_buf.o)
                              /opt/devkitpro/libctru/lib/libctru.a(romfs_dev.o) (__ctru_dev_utf16_buf)
/opt/devkitpro/libctru/lib/libctru.a(font.o)
                              /opt/devkitpro/libctru/lib/libcitro2d.a(text.o) (fontEnsureMapped)
/opt/devkitpro/libctru/lib/libctru.a(gfx.o)
                              /opt/devkitpro/libctru/lib/libcitro2d.a(base.o) (gfxIsWide)
/opt/devkitpro/libctru/lib/libctru.a(shaderProgram.o)
                              /opt/devkitpro/libctru/lib/libcitro2d.a(base.o) (shaderInstanceGetUniformLocation)
/opt/devkitpro/libctru/lib/libctru.a(shbin.o)
                              /opt/devkitpro/libctru/lib/libcitro2d.a(base.o) (DVLB_ParseFile)
/opt/devkitpro/libctru/lib/libctru.a(gx.o)
                              /opt/devkitpro/libctru/lib/libcitro3d.a(renderqueue.o) (GX_BindQueue)
[...]
Memory Configuration

Name             Origin             Length             Attributes
*default*        0x0000000000000000 0xffffffffffffffff

Linker script and memory map

                0x0000000000100000                PROVIDE (__start__ = 0x100000)
                0x0000000000100000                . = __start__

.text           0x0000000000100000    0x22af4
 *(.crt0)
 .crt0          0x0000000000100000       0x94 /opt/devkitpro/devkitARM/bin/../lib/gcc/arm-none-eabi/12.2.0/../../../../arm-none-eabi/lib/armv6k/fpu/3dsx_crt0.o
                0x0000000000100000                _start
                0x0000000000100008                __service_ptr
                0x000000000010000c                __apt_appid
                0x0000000000100010                __heap_size
                0x0000000000100014                __linear_heap_size
                0x0000000000100018                __system_arglist
                0x000000000010001c                __system_runflags
 *(.init)
 .init          0x0000000000100094        0xc /opt/devkitpro/devkitARM/bin/../lib/gcc/arm-none-eabi/12.2.0/armv6k/fpu/crti.o
                0x0000000000100094                _init
 .init          0x00000000001000a0        0xc /opt/devkitpro/devkitARM/bin/../lib/gcc/arm-none-eabi/12.2.0/armv6k/fpu/crtn.o
                0x00000000001000ac                . = ALIGN (0x4)
 *(.text)
 .text          0x00000000001000ac      0x20c /opt/devkitpro/devkitARM/bin/../lib/gcc/arm-none-eabi/12.2.0/armv6k/fpu/libgcc.a(_udivsi3.o)
                0x00000000001000ac                __udivsi3
                0x00000000001000ac                __aeabi_uidiv
                0x0000000000100298                __aeabi_uidivmod
 .text          0x00000000001002b8      0x240 /opt/devkitpro/devkitARM/bin/../lib/gcc/arm-none-eabi/12.2.0/armv6k/fpu/libgcc.a(_divsi3.o)
                0x00000000001002b8                __aeabi_idiv
                0x00000000001002b8                __divsi3
                0x00000000001004d8                __aeabi_idivmod
 .text          0x00000000001004f8        0x4 /opt/devkitpro/devkitARM/bin/../lib/gcc/arm-none-eabi/12.2.0/armv6k/fpu/libgcc.a(_dvmd_tls.o)
                0x00000000001004f8                __aeabi_ldiv0
                0x00000000001004f8                __aeabi_idiv0
 .text          0x00000000001004fc      0x250 /opt/devkitpro/devkitARM/bin/../lib/gcc/arm-none-eabi/12.2.0/armv6k/fpu/libgcc.a(_arm_addsubsf3.o)
                0x00000000001004fc                __aeabi_frsub
                0x0000000000100504                __subsf3
                0x0000000000100504                __aeabi_fsub
                0x0000000000100508                __aeabi_fadd
                0x0000000000100508                __addsf3
                0x0000000000100698                __aeabi_ui2f
                0x0000000000100698                __floatunsisf
                0x00000000001006a0                __aeabi_i2f
                0x00000000001006a0                __floatsisf
                0x00000000001006c0                __floatundisf
                0x00000000001006c0                __aeabi_ul2f
                0x00000000001006d0                __floatdisf
                0x00000000001006d0                __aeabi_l2f
 .text          0x000000000010074c       0xd4 /opt/devkitpro/devkitARM/bin/../lib/gcc/arm-none-eabi/12.2.0/armv6k/fpu/libgcc.a(_aeabi_ldivmod.o)
                0x000000000010074c                __aeabi_ldivmod
 .text          0x0000000000100820       0x3c /opt/devkitpro/devkitARM/bin/../lib/gcc/arm-none-eabi/12.2.0/armv6k/fpu/libgcc.a(_aeabi_uldivmod.o)
                0x0000000000100820                __aeabi_uldivmod
 *fill*         0x000000000010085c        0x4 
 .text          0x0000000000100860      0x390 /opt/devkitpro/devkitARM/bin/../lib/gcc/arm-none-eabi/12.2.0/../../../../arm-none-eabi/lib/armv6k/fpu/libg.a(lib_a-strcmp.o)
                0x0000000000100868                strcmp
 *(.text.*)
 .text.__do_global_dtors_aux
                0x0000000000100bf0       0x40 /opt/devkitpro/devkitARM/bin/../lib/gcc/arm-none-eabi/12.2.0/armv6k/fpu/crtbegin.o
 .text.frame_dummy
                0x0000000000100c30       0x2c /opt/devkitpro/devkitARM/bin/../lib/gcc/arm-none-eabi/12.2.0/armv6k/fpu/crtbegin.o
 .text._ZL15drawDynamicTextP13C2D_TextBuf_sfffmP10C2D_Font_smPKcz.constprop.0
                0x0000000000100c5c       0x88 main.o
 .text.startup.main
                0x0000000000100ce4      0xda8 main.o
                0x0000000000100ce4                main
 .text.C2Di_FrameEndHook
                0x0000000000101a8c       0x44 /opt/devkitpro/libctru/lib/libcitro2d.a(base.o)
 .text.C2D_Init
                0x0000000000101ad0      0x36c /opt/devkitpro/libctru/lib/libcitro2d.a(base.o)
                0x0000000000101ad0                C2D_Init
 .text.C2D_Fini
                0x0000000000101e3c       0x4c /opt/devkitpro/libctru/lib/libcitro2d.a(base.o)
                0x0000000000101e3c                C2D_Fini
 .text.C2D_Prepare
                0x0000000000101e88       0xb8 /opt/devkitpro/libctru/lib/libcitro2d.a(base.o)
                0x0000000000101e88                C2D_Prepare
 .text.C2D_Flush
                0x0000000000101f40       0x48 /opt/devkitpro/libctru/lib/libcitro2d.a(base.o)
                0x0000000000101f40                C2D_Flush
 .text.C2D_SceneSize
                0x0000000000101f88      0x104 /opt/devkitpro/libctru/lib/libcitro2d.a(base.o)
                0x0000000000101f88                C2D_SceneSize
 .text.C2D_CreateScreenTarget
                0x000000000010208c       0x58 /opt/devkitpro/libctru/lib/libcitro2d.a(base.o)
                0x000000000010208c                C2D_CreateScreenTarget
 .text.C2D_TargetClear
                0x00000000001020e4       0x64 /opt/devkitpro/libctru/lib/libcitro2d.a(base.o)
                0x00000000001020e4                C2D_TargetClear
 .text.C2Di_AppendQuad
                0x0000000000102148       0x58 /opt/devkitpro/libctru/lib/libcitro2d.a(base.o)
                0x0000000000102148                C2Di_AppendQuad
 .text.C2Di_AppendVtx
                0x00000000001021a0       0x40 /opt/devkitpro/libctru/lib/libcitro2d.a(base.o)
                0x00000000001021a0                C2Di_AppendVtx
 .text.C2Di_Update
                0x00000000001021e0      0x550 /opt/devkitpro/libctru/lib/libcitro2d.a(base.o)
                0x00000000001021e0                C2Di_Update
 .text.C2D_DrawRectangle
                0x0000000000102730      0x158 /opt/devkitpro/libctru/lib/libcitro2d.a(base.o)
                0x0000000000102730                C2D_DrawRectangle
 .text.C2Di_GlyphComp
                0x0000000000102888       0x18 /opt/devkitpro/libctru/lib/libcitro2d.a(text.o)
 .text.C2Di_CalcLineWidths
                0x00000000001028a0      0x140 /opt/devkitpro/libctru/lib/libcitro2d.a(text.o)
 .text.C2D_TextBufNew
                0x00000000001029e0      0x1dc /opt/devkitpro/libctru/lib/libcitro2d.a(text.o)
                0x00000000001029e0                C2D_TextBufNew
 .text.C2D_TextBufClear
                0x0000000000102bbc        0xc /opt/devkitpro/libctru/lib/libcitro2d.a(text.o)
                0x0000000000102bbc                C2D_TextBufClear
 .text.C2D_TextFontParseLine
                0x0000000000102bc8      0x1c8 /opt/devkitpro/libctru/lib/libcitro2d.a(text.o)
                0x0000000000102bc8                C2D_TextFontParseLine
 .text.C2D_TextFontParse
                0x0000000000102d90       0xa8 /opt/devkitpro/libctru/lib/libcitro2d.a(text.o)
                0x0000000000102d90                C2D_TextFontParse
 .text.C2D_TextOptimize
                0x0000000000102e38       0x30 /opt/devkitpro/libctru/lib/libcitro2d.a(text.o)
                0x0000000000102e38                C2D_TextOptimize
 .text.C2D_DrawText
                0x0000000000102e68      0xf6c /opt/devkitpro/libctru/lib/libcitro2d.a(text.o)
                0x0000000000102e68                C2D_DrawText
 .text.C2D_SpriteSheetLoadFromHandle
                0x0000000000103dd4       0x6c /opt/devkitpro/libctru/lib/libcitro2d.a(spritesheet.o)
                0x0000000000103dd4                C2D_SpriteSheetLoadFromHandle
 .text.C2D_SpriteSheetLoad
                0x0000000000103e40       0x48 /opt/devkitpro/libctru/lib/libcitro2d.a(spritesheet.o)
                0x0000000000103e40                C2D_SpriteSheetLoad
 .text.C2D_SpriteSheetFree
                0x0000000000103e88       0x28 /opt/devkitpro/libctru/lib/libcitro2d.a(spritesheet.o)
                0x0000000000103e88                C2D_SpriteSheetFree
 .text.C2D_SpriteSheetCount
                0x0000000000103eb0        0x8 /opt/devkitpro/libctru/lib/libcitro2d.a(spritesheet.o)
                0x0000000000103eb0                C2D_SpriteSheetCount
 .text.C2D_SpriteSheetGetImage
                0x0000000000103eb8       0x2c /opt/devkitpro/libctru/lib/libcitro2d.a(spritesheet.o)
                0x0000000000103eb8                C2D_SpriteSheetGetImage
 .text.C2D_FontFree
                0x0000000000103ee4       0x28 /opt/devkitpro/libctru/lib/libcitro2d.a(font.o)
                0x0000000000103ee4                C2D_FontFree
 .text.C2Di_PostLoadFont
                0x0000000000103f0c       0xe8 /opt/devkitpro/libctru/lib/libcitro2d.a(font.o)
 .text.C2D_FontLoadFromHandle
                0x0000000000103ff4       0xb4 /opt/devkitpro/libctru/lib/libcitro2d.a(font.o)
                0x0000000000103ff4                C2D_FontLoadFromHandle
 .text.C2D_FontLoad
                0x00000000001040a8       0x34 /opt/devkitpro/libctru/lib/libcitro2d.a(font.o)
                0x00000000001040a8                C2D_FontLoad
 .text.C2D_FontGlyphIndexFromCodePoint
                0x00000000001040dc       0x44 /opt/devkitpro/libctru/lib/libcitro2d.a(font.o)
                0x00000000001040dc                C2D_FontGlyphIndexFromCodePoint
 .text.C2D_FontCalcGlyphPos
                0x0000000000104120       0x78 /opt/devkitpro/libctru/lib/libcitro2d.a(font.o)
                0x0000000000104120                C2D_FontCalcGlyphPos
 .text.C3Di_LightEnvUpdate
                0x0000000000104198        0x4 /opt/devkitpro/libctru/lib/libcitro3d.a(base.o)
                0x0000000000104198                C3Di_LightEnvUpdate
 .text.C3Di_LightEnvDirty
                0x000000000010419c        0x4 /opt/devkitpro/libctru/lib/libcitro3d.a(base.o)
                0x000000000010419c                C3Di_LightEnvDirty
 .text.C3Di_AptEventHook
                0x00000000001041a0       0xb4 /opt/devkitpro/libctru/lib/libcitro3d.a(base.o)
 .text.C3Di_GasUpdate
                0x0000000000104254        0x4 /opt/devkitpro/libctru/lib/libcitro3d.a(base.o)
                0x0000000000104254                C3Di_GasUpdate
 .text.C3D_Init
                0x0000000000104258      0x1e0 /opt/devkitpro/libctru/lib/libcitro3d.a(base.o)
                0x0000000000104258                C3D_Init
 .text.C3D_SetViewport
                0x0000000000104438       0x98 /opt/devkitpro/libctru/lib/libcitro3d.a(base.o)
                0x0000000000104438                C3D_SetViewport
 .text.C3Di_UpdateContext
                0x00000000001044d0      0x4e8 /opt/devkitpro/libctru/lib/libcitro3d.a(base.o)
                0x00000000001044d0                C3Di_UpdateContext
 .text.C3Di_SplitFrame
                0x00000000001049b8       0xe0 /opt/devkitpro/libctru/lib/libcitro3d.a(base.o)
                0x00000000001049b8                C3Di_SplitFrame
 .text.C3D_Fini
                0x0000000000104a98       0x44 /opt/devkitpro/libctru/lib/libcitro3d.a(base.o)
                0x0000000000104a98                C3D_Fini
 .text.C3D_BindProgram
                0x0000000000104adc      0x114 /opt/devkitpro/libctru/lib/libcitro3d.a(base.o)
                0x0000000000104adc                C3D_BindProgram
 .text.onVBlank0
                0x0000000000104bf0       0x4c /opt/devkitpro/libctru/lib/libcitro3d.a(renderqueue.o)
 .text.onVBlank1
                0x0000000000104c3c       0x4c /opt/devkitpro/libctru/lib/libcitro3d.a(renderqueue.o)
 .text.C3Di_RenderTargetDestroy
                0x0000000000104c88       0x80 /opt/devkitpro/libctru/lib/libcitro3d.a(renderqueue.o)
 .text.onQueueFinish
                0x0000000000104d08       0xf4 /opt/devkitpro/libctru/lib/libcitro3d.a(renderqueue.o)
 .text.C3Di_RenderQueueEnableVBlank
                0x0000000000104dfc       0x38 /opt/devkitpro/libctru/lib/libcitro3d.a(renderqueue.o)
                0x0000000000104dfc                C3Di_RenderQueueEnableVBlank
 .text.C3Di_RenderQueueDisableVBlank
                0x0000000000104e34       0x30 /opt/devkitpro/libctru/lib/libcitro3d.a(renderqueue.o)
                0x0000000000104e34                C3Di_RenderQueueDisableVBlank
 .text.C3Di_RenderQueueInit
                0x0000000000104e64       0x60 /opt/devkitpro/libctru/lib/libcitro3d.a(renderqueue.o)
                0x0000000000104e64                C3Di_RenderQueueInit
 .text.C3Di_RenderQueueExit
                0x0000000000104ec4       0xb0 /opt/devkitpro/libctru/lib/libcitro3d.a(renderqueue.o)
                0x0000000000104ec4                C3Di_RenderQueueExit
 .text.C3Di_RenderQueueWaitDone
                0x0000000000104f74       0x34 /opt/devkitpro/libctru/lib/libcitro3d.a(renderqueue.o)
                0x0000000000104f74                C3Di_RenderQueueWaitDone
 .text.C3D_FrameBegin
                0x0000000000104fa8       0xe4 /opt/devkitpro/libctru/lib/libcitro3d.a(renderqueue.o)
                0x0000000000104fa8                C3D_FrameBegin
 .text.C3D_FrameDrawOn
                0x000000000010508c       0x48 /opt/devkitpro/libctru/lib/libcitro3d.a(renderqueue.o)
                0x000000000010508c                C3D_FrameDrawOn
 .text.C3D_FrameSplit
                0x00000000001050d4       0x58 /opt/devkitpro/libctru/lib/libcitro3d.a(renderqueue.o)
                0x00000000001050d4                C3D_FrameSplit
 .text.C3D_FrameEnd
                0x000000000010512c      0x1d8 /opt/devkitpro/libctru/lib/libcitro3d.a(renderqueue.o)
                0x000000000010512c                C3D_FrameEnd
 .text.C3D_FrameEndHook
                0x0000000000105304       0x1c /opt/devkitpro/libctru/lib/libcitro3d.a(renderqueue.o)
                0x0000000000105304                C3D_FrameEndHook
 .text.C3D_RenderTargetCreate
                0x0000000000105320      0x184 /opt/devkitpro/libctru/lib/libcitro3d.a(renderqueue.o)
                0x0000000000105320                C3D_RenderTargetCreate
 .text.C3D_RenderTargetSetOutput
                0x00000000001054a4       0xa8 /opt/devkitpro/libctru/lib/libcitro3d.a(renderqueue.o)
                0x00000000001054a4                C3D_RenderTargetSetOutput
 .text.C3D_SyncTextureCopy
                0x000000000010554c       0xfc /opt/devkitpro/libctru/lib/libcitro3d.a(renderqueue.o)
                0x000000000010554c                C3D_SyncTextureCopy
 .text.C3D_TexInitWithParams
                0x0000000000105648      0x294 /opt/devkitpro/libctru/lib/libcitro3d.a(texture.o)
                0x0000000000105648                C3D_TexInitWithParams
 .text.C3D_TexLoadImage
                0x00000000001058dc       0xc8 /opt/devkitpro/libctru/lib/libcitro3d.a(texture.o)
                0x00000000001058dc                C3D_TexLoadImage
 .text.C3D_TexBind
                0x00000000001059a4       0x44 /opt/devkitpro/libctru/lib/libcitro3d.a(texture.o)
                0x00000000001059a4                C3D_TexBind
 .text.C3D_TexDelete
                0x00000000001059e8       0x74 /opt/devkitpro/libctru/lib/libcitro3d.a(texture.o)
                0x00000000001059e8                C3D_TexDelete
 .text.C3Di_SetTex
                0x0000000000105a5c      0x16c /opt/devkitpro/libctru/lib/libcitro3d.a(texture.o)
                0x0000000000105a5c                C3Di_SetTex
 .text.Tex3DSi_ImportCommon
                0x0000000000105bc8      0x3f4 /opt/devkitpro/libctru/lib/libcitro3d.a(tex3ds.o)
 .text.Tex3DS_TextureImportStdio
                0x0000000000105fbc       0x38 /opt/devkitpro/libctru/lib/libcitro3d.a(tex3ds.o)
                0x0000000000105fbc                Tex3DS_TextureImportStdio
 .text.Tex3DS_GetNumSubTextures
                0x0000000000105ff4        0x8 /opt/devkitpro/libctru/lib/libcitro3d.a(tex3ds.o)
                0x0000000000105ff4                Tex3DS_GetNumSubTextures
 .text.Tex3DS_GetSubTexture
                0x0000000000105ffc       0x1c /opt/devkitpro/libctru/lib/libcitro3d.a(tex3ds.o)
                0x0000000000105ffc                Tex3DS_GetSubTexture
 .text.Tex3DS_TextureFree
                0x0000000000106018        0x4 /opt/devkitpro/libctru/lib/libcitro3d.a(tex3ds.o)
                0x0000000000106018                Tex3DS_TextureFree
 .text.C3D_CalcColorBufSize
                0x000000000010601c       0x1c /opt/devkitpro/libctru/lib/libcitro3d.a(framebuffer.o)
                0x000000000010601c                C3D_CalcColorBufSize
 .text.C3D_CalcDepthBufSize
                0x0000000000106038       0x1c /opt/devkitpro/libctru/lib/libcitro3d.a(framebuffer.o)
                0x0000000000106038                C3D_CalcDepthBufSize
 .text.C3D_SetFrameBuf
                0x0000000000106054       0x44 /opt/devkitpro/libctru/lib/libcitro3d.a(framebuffer.o)
                0x0000000000106054                C3D_SetFrameBuf
 .text.C3Di_FrameBufBind
                0x0000000000106098      0x16c /opt/devkitpro/libctru/lib/libcitro3d.a(framebuffer.o)
                0x0000000000106098                C3Di_FrameBufBind
 .text.C3D_FrameBufClear
                0x0000000000106204       0xc8 /opt/devkitpro/libctru/lib/libcitro3d.a(framebuffer.o)
                0x0000000000106204                C3D_FrameBufClear
 .text.C3D_FrameBufTransfer
                0x00000000001062cc       0x44 /opt/devkitpro/libctru/lib/libcitro3d.a(framebuffer.o)
                0x00000000001062cc                C3D_FrameBufTransfer
 .text.C3D_GetTexEnv
                0x0000000000106310       0x34 /opt/devkitpro/libctru/lib/libcitro3d.a(texenv.o)
                0x0000000000106310                C3D_GetTexEnv
 .text.C3Di_TexEnvBind
                0x0000000000106344       0x24 /opt/devkitpro/libctru/lib/libcitro3d.a(texenv.o)
                0x0000000000106344                C3Di_TexEnvBind
 .text.C3D_DrawElements
                0x0000000000106368      0x218 /opt/devkitpro/libctru/lib/libcitro3d.a(drawElements.o)
                0x0000000000106368                C3D_DrawElements
 .text.C3D_ProcTexInit
                0x0000000000106580       0x70 /opt/devkitpro/libctru/lib/libcitro3d.a(proctex.o)
                0x0000000000106580                C3D_ProcTexInit
 .text.C3D_ProcTexBind
                0x00000000001065f0       0x54 /opt/devkitpro/libctru/lib/libcitro3d.a(proctex.o)
                0x00000000001065f0                C3D_ProcTexBind
 .text.C3D_ProcTexLutBind
                0x0000000000106644       0x5c /opt/devkitpro/libctru/lib/libcitro3d.a(proctex.o)
                0x0000000000106644                C3D_ProcTexLutBind
 .text.ProcTexLut_FromArray
                0x00000000001066a0       0xa4 /opt/devkitpro/libctru/lib/libcitro3d.a(proctex.o)
                0x00000000001066a0                ProcTexLut_FromArray
 .text.C3Di_ProcTexUpdate
                0x0000000000106744      0x17c /opt/devkitpro/libctru/lib/libcitro3d.a(proctex.o)
                0x0000000000106744                C3Di_ProcTexUpdate
 .text.C3Di_ProcTexDirty
                0x00000000001068c0       0x68 /opt/devkitpro/libctru/lib/libcitro3d.a(proctex.o)
                0x00000000001068c0                C3Di_ProcTexDirty
 .text.BufInfo_Init
                0x0000000000106928       0x24 /opt/devkitpro/libctru/lib/libcitro3d.a(buffers.o)
                0x0000000000106928                BufInfo_Init
 .text.BufInfo_Add
                0x000000000010694c       0x80 /opt/devkitpro/libctru/lib/libcitro3d.a(buffers.o)
                0x000000000010694c                BufInfo_Add
 .text.C3D_SetBufInfo
                0x00000000001069cc       0x40 /opt/devkitpro/libctru/lib/libcitro3d.a(buffers.o)
                0x00000000001069cc                C3D_SetBufInfo
 .text.C3Di_BufInfoBind
                0x0000000000106a0c       0x48 /opt/devkitpro/libctru/lib/libcitro3d.a(buffers.o)
                0x0000000000106a0c                C3Di_BufInfoBind
 .text.C3D_DepthMap
                0x0000000000106a54       0x40 /opt/devkitpro/libctru/lib/libcitro3d.a(effect.o)
                0x0000000000106a54                C3D_DepthMap
 .text.C3D_CullFace
                0x0000000000106a94       0x1c /opt/devkitpro/libctru/lib/libcitro3d.a(effect.o)
                0x0000000000106a94                C3D_CullFace
 .text.C3D_StencilTest
                0x0000000000106ab0       0x40 /opt/devkitpro/libctru/lib/libcitro3d.a(effect.o)
                0x0000000000106ab0                C3D_StencilTest
 .text.C3D_StencilOp
                0x0000000000106af0       0x24 /opt/devkitpro/libctru/lib/libcitro3d.a(effect.o)
                0x0000000000106af0                C3D_StencilOp
 .text.C3D_BlendingColor
                0x0000000000106b14       0x1c /opt/devkitpro/libctru/lib/libcitro3d.a(effect.o)
                0x0000000000106b14                C3D_BlendingColor
 .text.C3D_EarlyDepthTest
                0x0000000000106b30       0x24 /opt/devkitpro/libctru/lib/libcitro3d.a(effect.o)
                0x0000000000106b30                C3D_EarlyDepthTest
 .text.C3D_DepthTest
                0x0000000000106b54       0x2c /opt/devkitpro/libctru/lib/libcitro3d.a(effect.o)
                0x0000000000106b54                C3D_DepthTest
 .text.C3D_AlphaTest
                0x0000000000106b80       0x2c /opt/devkitpro/libctru/lib/libcitro3d.a(effect.o)
                0x0000000000106b80                C3D_AlphaTest
 .text.C3D_AlphaBlend
                0x0000000000106bac       0x50 /opt/devkitpro/libctru/lib/libcitro3d.a(effect.o)
                0x0000000000106bac                C3D_AlphaBlend
 .text.C3D_FragOpMode
                0x0000000000106bfc       0x30 /opt/devkitpro/libctru/lib/libcitro3d.a(effect.o)
                0x0000000000106bfc                C3D_FragOpMode
 .text.C3D_FragOpShadow
                0x0000000000106c2c       0x44 /opt/devkitpro/libctru/lib/libcitro3d.a(effect.o)
                0x0000000000106c2c                C3D_FragOpShadow
 .text.C3Di_EffectBind
                0x0000000000106c70      0x1ac /opt/devkitpro/libctru/lib/libcitro3d.a(effect.o)
                0x0000000000106c70                C3Di_EffectBind
 .text.AttrInfo_Init
                0x0000000000106e1c       0x28 /opt/devkitpro/libctru/lib/libcitro3d.a(attribs.o)
                0x0000000000106e1c                AttrInfo_Init
 .text.AttrInfo_AddLoader
                0x0000000000106e44       0x94 /opt/devkitpro/libctru/lib/libcitro3d.a(attribs.o)
                0x0000000000106e44                AttrInfo_AddLoader
 .text.C3D_SetAttrInfo
                0x0000000000106ed8       0x54 /opt/devkitpro/libctru/lib/libcitro3d.a(attribs.o)
                0x0000000000106ed8                C3D_SetAttrInfo
 .text.C3Di_AttrInfoBind
                0x0000000000106f2c       0x80 /opt/devkitpro/libctru/lib/libcitro3d.a(attribs.o)
                0x0000000000106f2c                C3Di_AttrInfoBind
 .text.C3D_ImmSendAttrib
                0x0000000000106fac       0xa8 /opt/devkitpro/libctru/lib/libcitro3d.a(immediate.o)
                0x0000000000106fac                C3D_ImmSendAttrib
 .text.C3D_UpdateUniforms
                0x0000000000107054      0x280 /opt/devkitpro/libctru/lib/libcitro3d.a(uniforms.o)
                0x0000000000107054                C3D_UpdateUniforms
 .text.C3Di_DirtyUniforms
                0x00000000001072d4       0xc0 /opt/devkitpro/libctru/lib/libcitro3d.a(uniforms.o)
                0x00000000001072d4                C3Di_DirtyUniforms
 .text.C3Di_LoadShaderUniforms
                0x0000000000107394       0xd8 /opt/devkitpro/libctru/lib/libcitro3d.a(uniforms.o)
                0x0000000000107394                C3Di_LoadShaderUniforms
 .text.C3Di_ClearShaderUniforms
                0x000000000010746c       0x28 /opt/devkitpro/libctru/lib/libcitro3d.a(uniforms.o)
                0x000000000010746c                C3Di_ClearShaderUniforms
 .text.Mtx_Ortho
                0x0000000000107494       0xcc /opt/devkitpro/libctru/lib/libcitro3d.a(mtx_ortho.o)
                0x0000000000107494                Mtx_Ortho
 .text.Mtx_OrthoTilt
                0x0000000000107560       0xcc /opt/devkitpro/libctru/lib/libcitro3d.a(mtx_orthotilt.o)
                0x0000000000107560                Mtx_OrthoTilt
 .text._ZL21addrMapNodeComparatorPK11rbtree_nodeS1_
                0x000000000010762c       0x24 /opt/devkitpro/libctru/lib/libctru.a(vram.o)
 .text._ZL21addrMapNodeDestructorP11rbtree_node
                0x0000000000107650        0x4 /opt/devkitpro/libctru/lib/libctru.a(vram.o)
 .text.vramMemAlignAt
                0x0000000000107654      0x250 /opt/devkitpro/libctru/lib/libctru.a(vram.o)
                0x0000000000107654                vramMemAlignAt
 .text.vramAlloc
                0x00000000001078a4        0xc /opt/devkitpro/libctru/lib/libctru.a(vram.o)
                0x00000000001078a4                vramAlloc
 .text.vramAllocAt
                0x00000000001078b0        0xc /opt/devkitpro/libctru/lib/libctru.a(vram.o)
                0x00000000001078b0                vramAllocAt
 .text.vramFree
                0x00000000001078bc       0x90 /opt/devkitpro/libctru/lib/libctru.a(vram.o)
                0x00000000001078bc                vramFree
 .text._ZL21addrMapNodeComparatorPK11rbtree_nodeS1_
                0x000000000010794c       0x24 /opt/devkitpro/libctru/lib/libctru.a(linear.o)
 .text._ZL21addrMapNodeDestructorP11rbtree_node
                0x0000000000107970        0x4 /opt/devkitpro/libctru/lib/libctru.a(linear.o)
 .text.linearMemAlign
                0x0000000000107974      0x120 /opt/devkitpro/libctru/lib/libctru.a(linear.o)
                0x0000000000107974                linearMemAlign
 .text.linearAlloc
                0x0000000000107a94        0x8 /opt/devkitpro/libctru/lib/libctru.a(linear.o)
                0x0000000000107a94                linearAlloc
 .text.linearFree
                0x0000000000107a9c       0x5c /opt/devkitpro/libctru/lib/libctru.a(linear.o)
                0x0000000000107a9c                linearFree
 .text._ZN7MemPool13CoalesceRightEP8MemBlock
                0x0000000000107af8       0x80 /opt/devkitpro/libctru/lib/libctru.a(mem_pool.o)
                0x0000000000107af8                MemPool::CoalesceRight(MemBlock*)
 .text._ZN7MemPool8AllocateER8MemChunkmi
                0x0000000000107b78      0x16c /opt/devkitpro/libctru/lib/libctru.a(mem_pool.o)
                0x0000000000107b78                MemPool::Allocate(MemChunk&, unsigned long, int)
 .text._ZN7MemPool10DeallocateERK8MemChunk
                0x0000000000107ce4       0xfc /opt/devkitpro/libctru/lib/libctru.a(mem_pool.o)
                0x0000000000107ce4                MemPool::Deallocate(MemChunk const&)
 .text._ZN7MemPool12GetFreeSpaceEv
                0x0000000000107de0       0x30 /opt/devkitpro/libctru/lib/libctru.a(mem_pool.o)
                0x0000000000107de0                MemPool::GetFreeSpace()
 .text.romfs_close
                0x0000000000107e10        0x8 /opt/devkitpro/libctru/lib/libctru.a(romfs_dev.o)
 .text.romfs_seek
                0x0000000000107e18       0xc0 /opt/devkitpro/libctru/lib/libctru.a(romfs_dev.o)
 .text.romfs_dirreset
                0x0000000000107ed8       0x24 /opt/devkitpro/libctru/lib/libctru.a(romfs_dev.o)
 .text.fill_dir
                0x0000000000107efc       0xc8 /opt/devkitpro/libctru/lib/libctru.a(romfs_dev.o)
 .text.romfs_dirnext
                0x0000000000107fc4      0x28c /opt/devkitpro/libctru/lib/libctru.a(romfs_dev.o)
 .text.romfs_free
                0x0000000000108250       0x84 /opt/devkitpro/libctru/lib/libctru.a(romfs_dev.o)
 .text.searchForFile.constprop.0
                0x00000000001082d4       0xd4 /opt/devkitpro/libctru/lib/libctru.a(romfs_dev.o)
 .text.searchForDir.constprop.0
                0x00000000001083a8       0xd8 /opt/devkitpro/libctru/lib/libctru.a(romfs_dev.o)
 .text.navigateToDir.constprop.0
                0x0000000000108480      0x1c0 /opt/devkitpro/libctru/lib/libctru.a(romfs_dev.o)
 .text.romfs_open
                0x0000000000108640      0x10c /opt/devkitpro/libctru/lib/libctru.a(romfs_dev.o)
 .text.romfs_chdir
                0x000000000010874c       0x4c /opt/devkitpro/libctru/lib/libctru.a(romfs_dev.o)
 .text.romfs_diropen
                0x0000000000108798       0x70 /opt/devkitpro/libctru/lib/libctru.a(romfs_dev.o)
 .text.romfs_stat
                0x0000000000108808      0x174 /opt/devkitpro/libctru/lib/libctru.a(romfs_dev.o)
 .text.romfs_dirclose
                0x000000000010897c        0x8 /opt/devkitpro/libctru/lib/libctru.a(romfs_dev.o)
 *fill*         0x0000000000108984        0x4 
 .text.romfs_fstat
                0x0000000000108988       0x84 /opt/devkitpro/libctru/lib/libctru.a(romfs_dev.o)
 .text.romfs_read
                0x0000000000108a0c       0xd0 /opt/devkitpro/libctru/lib/libctru.a(romfs_dev.o)
 .text.romfsMountFromFile
                0x0000000000108adc      0x28c /opt/devkitpro/libctru/lib/libctru.a(romfs_dev.o)
                0x0000000000108adc                romfsMountFromFile
 .text.romfsMountFromCurrentProcess
                0x0000000000108d68       0x98 /opt/devkitpro/libctru/lib/libctru.a(romfs_dev.o)
                0x0000000000108d68                romfsMountFromCurrentProcess
 .text.romfsMountSelf
                0x0000000000108e00      0x260 /opt/devkitpro/libctru/lib/libctru.a(romfs_dev.o)
                0x0000000000108e00                romfsMountSelf
 .text.romfsUnmount
                0x0000000000109060       0xa0 /opt/devkitpro/libctru/lib/libctru.a(romfs_dev.o)
                0x0000000000109060                romfsUnmount
 .text.osConvertVirtToPhys
                0x0000000000109100       0x74 /opt/devkitpro/libctru/lib/libctru.a(os.o)
                0x0000000000109100                osConvertVirtToPhys
 .text.osGetTimeRef
                0x0000000000109174       0x54 /opt/devkitpro/libctru/lib/libctru.a(os.o)
                0x0000000000109174                osGetTimeRef
 .text.osGetTime
                0x00000000001091c8       0xec /opt/devkitpro/libctru/lib/libctru.a(os.o)
                0x00000000001091c8                osGetTime
 .text.__ctru_speedup_config
                0x00000000001092b4       0x34 /opt/devkitpro/libctru/lib/libctru.a(os.o)
                0x00000000001092b4                __ctru_speedup_config
 .text.fontEnsureMapped
                0x00000000001092e8       0x94 /opt/devkitpro/libctru/lib/libctru.a(font.o)
                0x00000000001092e8                fontEnsureMapped
 .text.fontFixPointers
                0x000000000010937c       0x7c /opt/devkitpro/libctru/lib/libctru.a(font.o)
                0x000000000010937c                fontFixPointers
 .text.fontGlyphIndexFromCodePoint
                0x00000000001093f8      0x100 /opt/devkitpro/libctru/lib/libctru.a(font.o)
                0x00000000001093f8                fontGlyphIndexFromCodePoint
 .text.fontCalcGlyphPos
                0x00000000001094f8      0x1ec /opt/devkitpro/libctru/lib/libctru.a(font.o)
                0x00000000001094f8                fontCalcGlyphPos
 .text.gfxPresentFramebuffer
                0x00000000001096e4       0xd0 /opt/devkitpro/libctru/lib/libctru.a(gfx.o)
 .text.gfxIsWide
                0x00000000001097b4       0x1c /opt/devkitpro/libctru/lib/libctru.a(gfx.o)
                0x00000000001097b4                gfxIsWide
 .text.gfxSetScreenFormat
                0x00000000001097d0       0xec /opt/devkitpro/libctru/lib/libctru.a(gfx.o)
                0x00000000001097d0                gfxSetScreenFormat
 .text.gfxSetDoubleBuffering
                0x00000000001098bc       0x10 /opt/devkitpro/libctru/lib/libctru.a(gfx.o)
                0x00000000001098bc                gfxSetDoubleBuffering
 .text.gfxInit  0x00000000001098cc       0xe0 /opt/devkitpro/libctru/lib/libctru.a(gfx.o)
                0x00000000001098cc                gfxInit
 .text.gfxInitDefault
                0x00000000001099ac       0x10 /opt/devkitpro/libctru/lib/libctru.a(gfx.o)
                0x00000000001099ac                gfxInitDefault
 .text.gfxExit  0x00000000001099bc       0xb4 /opt/devkitpro/libctru/lib/libctru.a(gfx.o)
                0x00000000001099bc                gfxExit
 .text.gfxGetFramebuffer
                0x0000000000109a70       0xa0 /opt/devkitpro/libctru/lib/libctru.a(gfx.o)
                0x0000000000109a70                gfxGetFramebuffer
 .text.gfxScreenSwapBuffers
                0x0000000000109b10       0x30 /opt/devkitpro/libctru/lib/libctru.a(gfx.o)
                0x0000000000109b10                gfxScreenSwapBuffers
 .text.shaderInstanceInit
                0x0000000000109b40      0x1d4 /opt/devkitpro/libctru/lib/libctru.a(shaderProgram.o)
                0x0000000000109b40                shaderInstanceInit
 .text.shaderInstanceGetUniformLocation
                0x0000000000109d14       0x18 /opt/devkitpro/libctru/lib/libctru.a(shaderProgram.o)
                0x0000000000109d14                shaderInstanceGetUniformLocation
 .text.shaderProgramInit
                0x0000000000109d2c       0x1c /opt/devkitpro/libctru/lib/libctru.a(shaderProgram.o)
                0x0000000000109d2c                shaderProgramInit
 .text.shaderProgramFree
                0x0000000000109d48       0x64 /opt/devkitpro/libctru/lib/libctru.a(shaderProgram.o)
                0x0000000000109d48                shaderProgramFree
 .text.shaderProgramSetVsh
                0x0000000000109dac       0x80 /opt/devkitpro/libctru/lib/libctru.a(shaderProgram.o)
                0x0000000000109dac                shaderProgramSetVsh
 .text.shaderProgramConfigure
                0x0000000000109e2c      0x8e0 /opt/devkitpro/libctru/lib/libctru.a(shaderProgram.o)
                0x0000000000109e2c                shaderProgramConfigure
 .text.DVLE_GenerateOutmap.part.0
                0x000000000010a70c      0x1cc /opt/devkitpro/libctru/lib/libctru.a(shbin.o)
 .text.DVLB_ParseFile
                0x000000000010a8d8      0x1b4 /opt/devkitpro/libctru/lib/libctru.a(shbin.o)
                0x000000000010a8d8                DVLB_ParseFile
 .text.DVLB_Free
                0x000000000010aa8c       0x38 /opt/devkitpro/libctru/lib/libctru.a(shbin.o)
                0x000000000010aa8c                DVLB_Free
 .text.DVLE_GetUniformRegister
                0x000000000010aac4       0x74 /opt/devkitpro/libctru/lib/libctru.a(shbin.o)
                0x000000000010aac4                DVLE_GetUniformRegister
 .text.GX_BindQueue
                0x000000000010ab38       0x10 /opt/devkitpro/libctru/lib/libctru.a(gx.o)
                0x000000000010ab38                GX_BindQueue
 .text.GX_ProcessCommandList
                0x000000000010ab48       0x78 /opt/devkitpro/libctru/lib/libctru.a(gx.o)
                0x000000000010ab48                GX_ProcessCommandList
 .text.GX_MemoryFill
                0x000000000010abc0       0x74 /opt/devkitpro/libctru/lib/libctru.a(gx.o)
                0x000000000010abc0                GX_MemoryFill
 .text.GX_DisplayTransfer
                0x000000000010ac34       0x70 /opt/devkitpro/libctru/lib/libctru.a(gx.o)
                0x000000000010ac34                GX_DisplayTransfer
 .text.GX_TextureCopy
                0x000000000010aca4       0x74 /opt/devkitpro/libctru/lib/libctru.a(gx.o)
                0x000000000010aca4                GX_TextureCopy
 .text.gxCmdQueueDoCommands.part.0
                0x000000000010ad18       0x68 /opt/devkitpro/libctru/lib/libctru.a(gxqueue.o)
 .text.gxCmdQueueInterrupt
                0x000000000010ad80       0xc8 /opt/devkitpro/libctru/lib/libctru.a(gxqueue.o)
                0x000000000010ad80                gxCmdQueueInterrupt
 .text.gxCmdQueueClear
                0x000000000010ae48       0x4c /opt/devkitpro/libctru/lib/libctru.a(gxqueue.o)
                0x000000000010ae48                gxCmdQueueClear
 .text.gxCmdQueueAdd
                0x000000000010ae94       0xf8 /opt/devkitpro/libctru/lib/libctru.a(gxqueue.o)
                0x000000000010ae94                gxCmdQueueAdd
 .text.gxCmdQueueRun
                0x000000000010af8c       0x80 /opt/devkitpro/libctru/lib/libctru.a(gxqueue.o)
                0x000000000010af8c                gxCmdQueueRun
 .text.gxCmdQueueStop
                0x000000000010b00c       0x60 /opt/devkitpro/libctru/lib/libctru.a(gxqueue.o)
                0x000000000010b00c                gxCmdQueueStop
 .text.gxCmdQueueWait
                0x000000000010b06c       0x74 /opt/devkitpro/libctru/lib/libctru.a(gxqueue.o)
                0x000000000010b06c                gxCmdQueueWait
 .text.GPUCMD_Add
                0x000000000010b0e0      0x13c /opt/devkitpro/libctru/lib/libctru.a(gpu.o)
                0x000000000010b0e0                GPUCMD_Add
 .text.GPUCMD_Split
                0x000000000010b21c       0xb0 /opt/devkitpro/libctru/lib/libctru.a(gpu.o)
                0x000000000010b21c                GPUCMD_Split
 .text.f32tof16
                0x000000000010b2cc       0x34 /opt/devkitpro/libctru/lib/libctru.a(gpu.o)
                0x000000000010b2cc                f32tof16
 .text.f32tof24
                0x000000000010b300       0x34 /opt/devkitpro/libctru/lib/libctru.a(gpu.o)
                0x000000000010b300                f32tof24
 .text.f32tof31
                0x000000000010b334       0x38 /opt/devkitpro/libctru/lib/libctru.a(gpu.o)
                0x000000000010b334                f32tof31
 .text.cfguInit
                0x000000000010b36c       0xa4 /opt/devkitpro/libctru/lib/libctru.a(cfgu.o)
                0x000000000010b36c                cfguInit
 .text.cfguExit
                0x000000000010b410       0x3c /opt/devkitpro/libctru/lib/libctru.a(cfgu.o)
                0x000000000010b410                cfguExit
 .text.gspHardwareInit
                0x000000000010b44c      0xc58 /opt/devkitpro/libctru/lib/libctru.a(gspgpu.o)
 .text.gspInit  0x000000000010c0a4      0x248 /opt/devkitpro/libctru/lib/libctru.a(gspgpu.o)
                0x000000000010c0a4                gspInit
 .text.gspExit  0x000000000010c2ec       0xf0 /opt/devkitpro/libctru/lib/libctru.a(gspgpu.o)
                0x000000000010c2ec                gspExit
 .text.gspHasGpuRight
                0x000000000010c3dc       0x10 /opt/devkitpro/libctru/lib/libctru.a(gspgpu.o)
                0x000000000010c3dc                gspHasGpuRight
 .text.gspPresentBuffer
                0x000000000010c3ec       0xa0 /opt/devkitpro/libctru/lib/libctru.a(gspgpu.o)
                0x000000000010c3ec                gspPresentBuffer
 .text.gspSetEventCallback
                0x000000000010c48c       0x30 /opt/devkitpro/libctru/lib/libctru.a(gspgpu.o)
                0x000000000010c48c                gspSetEventCallback
 .text.gspWaitForEvent
                0x000000000010c4bc       0x44 /opt/devkitpro/libctru/lib/libctru.a(gspgpu.o)
                0x000000000010c4bc                gspWaitForEvent
 .text.gspWaitForAnyEvent
                0x000000000010c500       0x4c /opt/devkitpro/libctru/lib/libctru.a(gspgpu.o)
                0x000000000010c500                gspWaitForAnyEvent
 .text.gspEventThreadMain
                0x000000000010c54c      0x158 /opt/devkitpro/libctru/lib/libctru.a(gspgpu.o)
 .text.gspSubmitGxCommand
                0x000000000010c6a4      0x130 /opt/devkitpro/libctru/lib/libctru.a(gspgpu.o)
                0x000000000010c6a4                gspSubmitGxCommand
 .text.GSPGPU_FlushDataCache
                0x000000000010c7d4       0x50 /opt/devkitpro/libctru/lib/libctru.a(gspgpu.o)
                0x000000000010c7d4                GSPGPU_FlushDataCache
 .text.GSPGPU_SetLcdForceBlack
                0x000000000010c824       0x34 /opt/devkitpro/libctru/lib/libctru.a(gspgpu.o)
                0x000000000010c824                GSPGPU_SetLcdForceBlack
 .text.GSPGPU_AcquireRight
                0x000000000010c858       0x68 /opt/devkitpro/libctru/lib/libctru.a(gspgpu.o)
                0x000000000010c858                GSPGPU_AcquireRight
 .text.GSPGPU_ReleaseRight
                0x000000000010c8c0       0x48 /opt/devkitpro/libctru/lib/libctru.a(gspgpu.o)
                0x000000000010c8c0                GSPGPU_ReleaseRight
 .text.GSPGPU_ImportDisplayCaptureInfo
                0x000000000010c908       0x7c /opt/devkitpro/libctru/lib/libctru.a(gspgpu.o)
                0x000000000010c908                GSPGPU_ImportDisplayCaptureInfo
 .text.GSPGPU_SaveVramSysArea
                0x000000000010c984       0x2c /opt/devkitpro/libctru/lib/libctru.a(gspgpu.o)
                0x000000000010c984                GSPGPU_SaveVramSysArea
 .text.GSPGPU_RestoreVramSysArea
                0x000000000010c9b0       0x2c /opt/devkitpro/libctru/lib/libctru.a(gspgpu.o)
                0x000000000010c9b0                GSPGPU_RestoreVramSysArea
 .text.aptConvertScreenForCapture
                0x000000000010c9dc      0x1a4 /opt/devkitpro/libctru/lib/libctru.a(apt.o)
 .text.aptDspSleep
                0x000000000010cb80        0x8 /opt/devkitpro/libctru/lib/libctru.a(apt.o)
                0x000000000010cb80                aptDspSleep
 .text.aptDspWakeup
                0x000000000010cb88        0x4 /opt/devkitpro/libctru/lib/libctru.a(apt.o)
                0x000000000010cb88                aptDspWakeup
 .text.aptDspCancel
                0x000000000010cb8c        0x4 /opt/devkitpro/libctru/lib/libctru.a(apt.o)
                0x000000000010cb8c                aptDspCancel
 .text.aptSendCommand
                0x000000000010cb90      0x158 /opt/devkitpro/libctru/lib/libctru.a(apt.o)
                0x000000000010cb90                aptSendCommand
 .text.aptExitProcess
                0x000000000010cce8       0x44 /opt/devkitpro/libctru/lib/libctru.a(apt.o)
 .text.aptExit  0x000000000010cd2c      0x3b0 /opt/devkitpro/libctru/lib/libctru.a(apt.o)
                0x000000000010cd2c                aptExit
 .text.aptHandleSleep
                0x000000000010d0dc       0xe0 /opt/devkitpro/libctru/lib/libctru.a(apt.o)
                0x000000000010d0dc                aptHandleSleep
 .text.aptHook  0x000000000010d1bc       0x30 /opt/devkitpro/libctru/lib/libctru.a(apt.o)
                0x000000000010d1bc                aptHook
 .text.aptUnhook
                0x000000000010d1ec       0x30 /opt/devkitpro/libctru/lib/libctru.a(apt.o)
                0x000000000010d1ec                aptUnhook
 .text.APT_SleepIfShellClosed
                0x000000000010d21c       0x84 /opt/devkitpro/libctru/lib/libctru.a(apt.o)
                0x000000000010d21c                APT_SleepIfShellClosed
 .text.aptSetSleepAllowed
                0x000000000010d2a0       0x84 /opt/devkitpro/libctru/lib/libctru.a(apt.o)
                0x000000000010d2a0                aptSetSleepAllowed
 .text.APT_UnlockTransition
                0x000000000010d324       0x84 /opt/devkitpro/libctru/lib/libctru.a(apt.o)
                0x000000000010d324                APT_UnlockTransition
 .text.aptEventHandler
                0x000000000010d3a8      0x4a4 /opt/devkitpro/libctru/lib/libctru.a(apt.o)
 .text.APT_ReceiveParameter
                0x000000000010d84c       0xb0 /opt/devkitpro/libctru/lib/libctru.a(apt.o)
                0x000000000010d84c                APT_ReceiveParameter
 .text.aptReceiveParameter.constprop.0
                0x000000000010d8fc       0xb0 /opt/devkitpro/libctru/lib/libctru.a(apt.o)
 *fill*         0x000000000010d9ac        0x4 
 .text.aptScreenTransfer
                0x000000000010d9b0      0x2ac /opt/devkitpro/libctru/lib/libctru.a(apt.o)
 .text.aptWaitForWakeUp.isra.0
                0x000000000010dc5c      0x344 /opt/devkitpro/libctru/lib/libctru.a(apt.o)
 .text.aptJumpToHomeMenu
                0x000000000010dfa0      0x100 /opt/devkitpro/libctru/lib/libctru.a(apt.o)
                0x000000000010dfa0                aptJumpToHomeMenu
 .text.aptMainLoop
                0x000000000010e0a0       0x48 /opt/devkitpro/libctru/lib/libctru.a(apt.o)
                0x000000000010e0a0                aptMainLoop
 .text.aptInit  0x000000000010e0e8      0x22c /opt/devkitpro/libctru/lib/libctru.a(apt.o)
                0x000000000010e0e8                aptInit
 .text.APT_CheckNew3DS
                0x000000000010e314       0x7c /opt/devkitpro/libctru/lib/libctru.a(apt.o)
                0x000000000010e314                APT_CheckNew3DS
 .text.APT_GetSharedFont
                0x000000000010e390       0x48 /opt/devkitpro/libctru/lib/libctru.a(apt.o)
                0x000000000010e390                APT_GetSharedFont
 .text.hidShouldUseIrrst
                0x000000000010e3d8       0x24 /opt/devkitpro/libctru/lib/libctru.a(hid.o)
                0x000000000010e3d8                hidShouldUseIrrst
 .text.hidInit  0x000000000010e3fc      0x18c /opt/devkitpro/libctru/lib/libctru.a(hid.o)
                0x000000000010e3fc                hidInit
 .text.hidExit  0x000000000010e588       0xe8 /opt/devkitpro/libctru/lib/libctru.a(hid.o)
                0x000000000010e588                hidExit
 .text.hidScanInput
                0x000000000010e670      0x2a4 /opt/devkitpro/libctru/lib/libctru.a(hid.o)
                0x000000000010e670                hidScanInput
 .text.hidKeysHeld
                0x000000000010e914       0x10 /opt/devkitpro/libctru/lib/libctru.a(hid.o)
                0x000000000010e914                hidKeysHeld
 .text.hidKeysDown
                0x000000000010e924       0x10 /opt/devkitpro/libctru/lib/libctru.a(hid.o)
                0x000000000010e924                hidKeysDown
 .text.hidKeysUp
                0x000000000010e934       0x10 /opt/devkitpro/libctru/lib/libctru.a(hid.o)
                0x000000000010e934                hidKeysUp
 .text.hidTouchRead
                0x000000000010e944       0x18 /opt/devkitpro/libctru/lib/libctru.a(hid.o)
                0x000000000010e944                hidTouchRead
 .text.ptmSysmInit
                0x000000000010e95c       0x74 /opt/devkitpro/libctru/lib/libctru.a(ptmsysm.o)
                0x000000000010e95c                ptmSysmInit
 .text.ptmSysmExit
                0x000000000010e9d0       0x3c /opt/devkitpro/libctru/lib/libctru.a(ptmsysm.o)
                0x000000000010e9d0                ptmSysmExit
 .text.PTMSYSM_ConfigureNew3DSCPU
                0x000000000010ea0c       0x34 /opt/devkitpro/libctru/lib/libctru.a(ptmsysm.o)
                0x000000000010ea0c                PTMSYSM_ConfigureNew3DSCPU
 .text.fsInit   0x000000000010ea40       0xcc /opt/devkitpro/libctru/lib/libctru.a(fs.o)
                0x000000000010ea40                fsInit
 .text.fsExit   0x000000000010eb0c       0x3c /opt/devkitpro/libctru/lib/libctru.a(fs.o)
                0x000000000010eb0c                fsExit
 .text.fsExemptFromSession
                0x000000000010eb48       0x60 /opt/devkitpro/libctru/lib/libctru.a(fs.o)
                0x000000000010eb48                fsExemptFromSession
 .text.fsUnexemptFromSession
                0x000000000010eba8       0x50 /opt/devkitpro/libctru/lib/libctru.a(fs.o)
                0x000000000010eba8                fsUnexemptFromSession
 .text.FSUSER_OpenFile
                0x000000000010ebf8       0xcc /opt/devkitpro/libctru/lib/libctru.a(fs.o)
                0x000000000010ebf8                FSUSER_OpenFile
 .text.FSUSER_OpenFileDirectly
                0x000000000010ecc4       0xd4 /opt/devkitpro/libctru/lib/libctru.a(fs.o)
                0x000000000010ecc4                FSUSER_OpenFileDirectly
 .text.FSUSER_DeleteFile
                0x000000000010ed98       0xbc /opt/devkitpro/libctru/lib/libctru.a(fs.o)
                0x000000000010ed98                FSUSER_DeleteFile
 .text.FSUSER_RenameFile
                0x000000000010ee54       0xf8 /opt/devkitpro/libctru/lib/libctru.a(fs.o)
                0x000000000010ee54                FSUSER_RenameFile
 .text.FSUSER_DeleteDirectory
                0x000000000010ef4c       0xbc /opt/devkitpro/libctru/lib/libctru.a(fs.o)
                0x000000000010ef4c                FSUSER_DeleteDirectory
 .text.FSUSER_CreateFile
                0x000000000010f008       0xd4 /opt/devkitpro/libctru/lib/libctru.a(fs.o)
                0x000000000010f008                FSUSER_CreateFile
 .text.FSUSER_CreateDirectory
                0x000000000010f0dc       0xc4 /opt/devkitpro/libctru/lib/libctru.a(fs.o)
                0x000000000010f0dc                FSUSER_CreateDirectory
 .text.FSUSER_RenameDirectory
                0x000000000010f1a0       0xf8 /opt/devkitpro/libctru/lib/libctru.a(fs.o)
                0x000000000010f1a0                FSUSER_RenameDirectory
 .text.FSUSER_OpenDirectory
                0x000000000010f298       0xb4 /opt/devkitpro/libctru/lib/libctru.a(fs.o)
                0x000000000010f298                FSUSER_OpenDirectory
 .text.FSUSER_OpenArchive
                0x000000000010f34c       0x98 /opt/devkitpro/libctru/lib/libctru.a(fs.o)
                0x000000000010f34c                FSUSER_OpenArchive
 .text.FSUSER_CloseArchive
                0x000000000010f3e4       0x8c /opt/devkitpro/libctru/lib/libctru.a(fs.o)
                0x000000000010f3e4                FSUSER_CloseArchive
 .text.FSUSER_GetSdmcArchiveResource
                0x000000000010f470       0x74 /opt/devkitpro/libctru/lib/libctru.a(fs.o)
                0x000000000010f470                FSUSER_GetSdmcArchiveResource
 .text.FSUSER_IsSdmcWritable
                0x000000000010f4e4       0x64 /opt/devkitpro/libctru/lib/libctru.a(fs.o)
                0x000000000010f4e4                FSUSER_IsSdmcWritable
 .text.FSFILE_Read
                0x000000000010f548       0x58 /opt/devkitpro/libctru/lib/libctru.a(fs.o)
                0x000000000010f548                FSFILE_Read
 .text.FSFILE_Write
                0x000000000010f5a0       0x60 /opt/devkitpro/libctru/lib/libctru.a(fs.o)
                0x000000000010f5a0                FSFILE_Write
 .text.FSFILE_GetSize
                0x000000000010f600       0x3c /opt/devkitpro/libctru/lib/libctru.a(fs.o)
                0x000000000010f600                FSFILE_GetSize
 .text.FSFILE_SetSize
                0x000000000010f63c       0x28 /opt/devkitpro/libctru/lib/libctru.a(fs.o)
                0x000000000010f63c                FSFILE_SetSize
 .text.FSFILE_Close
                0x000000000010f664       0x3c /opt/devkitpro/libctru/lib/libctru.a(fs.o)
                0x000000000010f664                FSFILE_Close
 .text.FSFILE_Flush
                0x000000000010f6a0       0x24 /opt/devkitpro/libctru/lib/libctru.a(fs.o)
                0x000000000010f6a0                FSFILE_Flush
 .text.FSDIR_Read
                0x000000000010f6c4       0x50 /opt/devkitpro/libctru/lib/libctru.a(fs.o)
                0x000000000010f6c4                FSDIR_Read
 .text.FSDIR_Close
                0x000000000010f714       0x3c /opt/devkitpro/libctru/lib/libctru.a(fs.o)
                0x000000000010f714                FSDIR_Close
 .text.buffer_read
                0x000000000010f750       0xc4 /opt/devkitpro/libctru/lib/libctru.a(decompress.o)
 .text.iov_read
                0x000000000010f814       0xd0 /opt/devkitpro/libctru/lib/libctru.a(decompress.o)
 .text.iov_memmove
                0x000000000010f8e4      0x138 /opt/devkitpro/libctru/lib/libctru.a(decompress.o)
 .text.decompress_rle
                0x000000000010fa1c      0x1dc /opt/devkitpro/libctru/lib/libctru.a(decompress.o)
 .text.decompress_lzss
                0x000000000010fbf8      0x244 /opt/devkitpro/libctru/lib/libctru.a(decompress.o)
 .text.decompress_lz11
                0x000000000010fe3c      0x424 /opt/devkitpro/libctru/lib/libctru.a(decompress.o)
 .text.decompress_huff
                0x0000000000110260      0x2d8 /opt/devkitpro/libctru/lib/libctru.a(decompress.o)
 .text.decompressCallback_Stdio
                0x0000000000110538       0x10 /opt/devkitpro/libctru/lib/libctru.a(decompress.o)
                0x0000000000110538                decompressCallback_Stdio
 .text.decompressHeader
                0x0000000000110548       0xdc /opt/devkitpro/libctru/lib/libctru.a(decompress.o)
                0x0000000000110548                decompressHeader
 .text.decompressV
                0x0000000000110624      0x240 /opt/devkitpro/libctru/lib/libctru.a(decompress.o)
                0x0000000000110624                decompressV
 .text.rbtree_init
                0x0000000000110864       0x10 /opt/devkitpro/libctru/lib/libctru.a(rbtree_init.o)
                0x0000000000110864                rbtree_init
 .text.do_insert
                0x0000000000110874      0x1b4 /opt/devkitpro/libctru/lib/libctru.a(rbtree_insert.o)
 .text.rbtree_insert
                0x0000000000110a28        0x8 /opt/devkitpro/libctru/lib/libctru.a(rbtree_insert.o)
                0x0000000000110a28                rbtree_insert
 .text.rbtree_rotate
                0x0000000000110a30       0x90 /opt/devkitpro/libctru/lib/libctru.a(rbtree_rotate.o)
                0x0000000000110a30                rbtree_rotate
 .text.rbtree_remove
                0x0000000000110ac0      0x318 /opt/devkitpro/libctru/lib/libctru.a(rbtree_remove.o)
                0x0000000000110ac0                rbtree_remove
 .text.rbtree_find
                0x0000000000110dd8       0x74 /opt/devkitpro/libctru/lib/libctru.a(rbtree_find.o)
                0x0000000000110dd8                rbtree_find
 .text.utf16_to_utf8
                0x0000000000110e4c       0xe8 /opt/devkitpro/libctru/lib/libctru.a(utf16_to_utf8.o)
                0x0000000000110e4c                utf16_to_utf8
 .text.decode_utf16
                0x0000000000110f34       0x64 /opt/devkitpro/libctru/lib/libctru.a(decode_utf16.o)
                0x0000000000110f34                decode_utf16
 .text.decode_utf8
                0x0000000000110f98      0x13c /opt/devkitpro/libctru/lib/libctru.a(decode_utf8.o)
                0x0000000000110f98                decode_utf8
 .text.utf8_to_utf16
                0x00000000001110d4       0xc0 /opt/devkitpro/libctru/lib/libctru.a(utf8_to_utf16.o)
                0x00000000001110d4                utf8_to_utf16
 *fill*         0x0000000000111194        0x4 
 .text.__system_allocateHeaps
                0x0000000000111198      0x1e0 /opt/devkitpro/libctru/lib/libctru.a(allocateHeaps.o)
                0x0000000000111198                __system_allocateHeaps
 .text.__libctru_init
                0x0000000000111378       0x38 /opt/devkitpro/libctru/lib/libctru.a(ctru_init.o)
                0x0000000000111378                __libctru_init
 .text.__system_initArgv
                0x00000000001113b0      0x170 /opt/devkitpro/libctru/lib/libctru.a(initArgv.o)
                0x00000000001113b0                __system_initArgv
 .text.svcControlMemory
                0x0000000000111520       0x20 /opt/devkitpro/libctru/lib/libctru.a(svc.o)
                0x0000000000111520                svcControlMemory
 .text.svcQueryMemory
                0x0000000000111540       0x30 /opt/devkitpro/libctru/lib/libctru.a(svc.o)
                0x0000000000111540                svcQueryMemory
 .text.svcExitProcess
                0x0000000000111570        0x8 /opt/devkitpro/libctru/lib/libctru.a(svc.o)
                0x0000000000111570                svcExitProcess
 .text.svcCreateThread
                0x0000000000111578       0x20 /opt/devkitpro/libctru/lib/libctru.a(svc.o)
                0x0000000000111578                svcCreateThread
 .text.svcExitThread
                0x0000000000111598        0x8 /opt/devkitpro/libctru/lib/libctru.a(svc.o)
                0x0000000000111598                svcExitThread
 .text.svcSleepThread
                0x00000000001115a0        0x8 /opt/devkitpro/libctru/lib/libctru.a(svc.o)
                0x00000000001115a0                svcSleepThread
 .text.svcReleaseMutex
                0x00000000001115a8        0x8 /opt/devkitpro/libctru/lib/libctru.a(svc.o)
                0x00000000001115a8                svcReleaseMutex
 .text.svcCreateEvent
                0x00000000001115b0       0x14 /opt/devkitpro/libctru/lib/libctru.a(svc.o)
                0x00000000001115b0                svcCreateEvent
 .text.svcSignalEvent
                0x00000000001115c4        0x8 /opt/devkitpro/libctru/lib/libctru.a(svc.o)
                0x00000000001115c4                svcSignalEvent
 .text.svcClearEvent
                0x00000000001115cc        0x8 /opt/devkitpro/libctru/lib/libctru.a(svc.o)
                0x00000000001115cc                svcClearEvent
 .text.svcMapMemoryBlock
                0x00000000001115d4        0x8 /opt/devkitpro/libctru/lib/libctru.a(svc.o)
                0x00000000001115d4                svcMapMemoryBlock
 .text.svcUnmapMemoryBlock
                0x00000000001115dc        0x8 /opt/devkitpro/libctru/lib/libctru.a(svc.o)
                0x00000000001115dc                svcUnmapMemoryBlock
 .text.svcCreateAddressArbiter
                0x00000000001115e4       0x14 /opt/devkitpro/libctru/lib/libctru.a(svc.o)
                0x00000000001115e4                svcCreateAddressArbiter
 .text.svcArbitrateAddressNoTimeout
                0x00000000001115f8        0x8 /opt/devkitpro/libctru/lib/libctru.a(svc.o)
                0x00000000001115f8                svcArbitrateAddressNoTimeout
 .text.svcCloseHandle
                0x0000000000111600        0x8 /opt/devkitpro/libctru/lib/libctru.a(svc.o)
                0x0000000000111600                svcCloseHandle
 .text.svcWaitSynchronization
                0x0000000000111608        0x8 /opt/devkitpro/libctru/lib/libctru.a(svc.o)
                0x0000000000111608                svcWaitSynchronization
 .text.svcWaitSynchronizationN
                0x0000000000111610       0x28 /opt/devkitpro/libctru/lib/libctru.a(svc.o)
                0x0000000000111610                svcWaitSynchronizationN
 .text.svcDuplicateHandle
                0x0000000000111638       0x14 /opt/devkitpro/libctru/lib/libctru.a(svc.o)
                0x0000000000111638                svcDuplicateHandle
 .text.svcGetSystemTick
                0x000000000011164c        0x8 /opt/devkitpro/libctru/lib/libctru.a(svc.o)
                0x000000000011164c                svcGetSystemTick
 .text.svcConnectToPort
                0x0000000000111654       0x14 /opt/devkitpro/libctru/lib/libctru.a(svc.o)
                0x0000000000111654                svcConnectToPort
 .text.svcSendSyncRequest
                0x0000000000111668        0x8 /opt/devkitpro/libctru/lib/libctru.a(svc.o)
                0x0000000000111668                svcSendSyncRequest
 .text.svcGetResourceLimit
                0x0000000000111670       0x14 /opt/devkitpro/libctru/lib/libctru.a(svc.o)
                0x0000000000111670                svcGetResourceLimit
 .text.svcGetResourceLimitLimitValues
                0x0000000000111684        0x8 /opt/devkitpro/libctru/lib/libctru.a(svc.o)
                0x0000000000111684                svcGetResourceLimitLimitValues
 .text.svcGetResourceLimitCurrentValues
                0x000000000011168c        0x8 /opt/devkitpro/libctru/lib/libctru.a(svc.o)
                0x000000000011168c                svcGetResourceLimitCurrentValues
 .text.svcBreak
                0x0000000000111694        0x8 /opt/devkitpro/libctru/lib/libctru.a(svc.o)
                0x0000000000111694                svcBreak
 .text.initSystem
                0x000000000011169c       0x50 /opt/devkitpro/libctru/lib/libctru.a(stack_adjust.o)
                0x000000000011169c                initSystem
 .text.__ctru_exit
                0x00000000001116ec       0x18 /opt/devkitpro/libctru/lib/libctru.a(stack_adjust.o)
                0x00000000001116ec                __ctru_exit
 .text.__aeabi_read_tp
                0x0000000000111704        0xc /opt/devkitpro/libctru/lib/libctru.a(readtp.o)
                0x0000000000111704                __aeabi_read_tp
 .text.__sync_init
                0x0000000000111710        0xc /opt/devkitpro/libctru/lib/libctru.a(synchronization.o)
                0x0000000000111710                __sync_init
 .text.__sync_fini
                0x000000000011171c       0x18 /opt/devkitpro/libctru/lib/libctru.a(synchronization.o)
                0x000000000011171c                __sync_fini
 .text.syncArbitrateAddress
                0x0000000000111734       0x2c /opt/devkitpro/libctru/lib/libctru.a(synchronization.o)
                0x0000000000111734                syncArbitrateAddress
 .text.LightLock_Lock
                0x0000000000111760       0xb0 /opt/devkitpro/libctru/lib/libctru.a(synchronization.o)
                0x0000000000111760                LightLock_Lock
 .text.LightLock_Unlock
                0x0000000000111810       0x40 /opt/devkitpro/libctru/lib/libctru.a(synchronization.o)
                0x0000000000111810                LightLock_Unlock
 .text.RecursiveLock_Init
                0x0000000000111850       0x24 /opt/devkitpro/libctru/lib/libctru.a(synchronization.o)
                0x0000000000111850                RecursiveLock_Init
 .text.RecursiveLock_Lock
                0x0000000000111874       0x30 /opt/devkitpro/libctru/lib/libctru.a(synchronization.o)
                0x0000000000111874                RecursiveLock_Lock
 .text.RecursiveLock_Unlock
                0x00000000001118a4       0x54 /opt/devkitpro/libctru/lib/libctru.a(synchronization.o)
                0x00000000001118a4                RecursiveLock_Unlock
 .text.LightEvent_Init
                0x00000000001118f8       0x40 /opt/devkitpro/libctru/lib/libctru.a(synchronization.o)
                0x00000000001118f8                LightEvent_Init
 .text.LightEvent_Clear
                0x0000000000111938       0xa4 /opt/devkitpro/libctru/lib/libctru.a(synchronization.o)
                0x0000000000111938                LightEvent_Clear
 .text.LightEvent_Signal
                0x00000000001119dc       0xc8 /opt/devkitpro/libctru/lib/libctru.a(synchronization.o)
                0x00000000001119dc                LightEvent_Signal
 .text.LightEvent_TryWait
                0x0000000000111aa4       0x50 /opt/devkitpro/libctru/lib/libctru.a(synchronization.o)
                0x0000000000111aa4                LightEvent_TryWait
 .text.LightEvent_Wait
                0x0000000000111af4       0xb0 /opt/devkitpro/libctru/lib/libctru.a(synchronization.o)
                0x0000000000111af4                LightEvent_Wait
 .text.envGetHandle
                0x0000000000111ba4       0x84 /opt/devkitpro/libctru/lib/libctru.a(env.o)
                0x0000000000111ba4                envGetHandle
 .text.envDestroyHandles
                0x0000000000111c28       0x50 /opt/devkitpro/libctru/lib/libctru.a(env.o)
                0x0000000000111c28                envDestroyHandles
 .text.srvInit  0x0000000000111c78      0x130 /opt/devkitpro/libctru/lib/libctru.a(srv.o)
                0x0000000000111c78                srvInit
 .text.srvExit  0x0000000000111da8       0x58 /opt/devkitpro/libctru/lib/libctru.a(srv.o)
                0x0000000000111da8                srvExit
 .text.srvEnableNotification
                0x0000000000111e00       0x60 /opt/devkitpro/libctru/lib/libctru.a(srv.o)
                0x0000000000111e00                srvEnableNotification
 .text.srvGetServiceHandleDirect
                0x0000000000111e60       0xa0 /opt/devkitpro/libctru/lib/libctru.a(srv.o)
                0x0000000000111e60                srvGetServiceHandleDirect
 .text.srvGetServiceHandle
                0x0000000000111f00       0x38 /opt/devkitpro/libctru/lib/libctru.a(srv.o)
                0x0000000000111f00                srvGetServiceHandle
 .text.srvSubscribe
                0x0000000000111f38       0x34 /opt/devkitpro/libctru/lib/libctru.a(srv.o)
                0x0000000000111f38                srvSubscribe
 .text.srvReceiveNotification
                0x0000000000111f6c       0x60 /opt/devkitpro/libctru/lib/libctru.a(srv.o)
                0x0000000000111f6c                srvReceiveNotification
 .text.srvPublishToSubscriber
                0x0000000000111fcc       0x38 /opt/devkitpro/libctru/lib/libctru.a(srv.o)
                0x0000000000111fcc                srvPublishToSubscriber
 .text.threadCreate
                0x0000000000112004      0x1d0 /opt/devkitpro/libctru/lib/libctru.a(thread.o)
                0x0000000000112004                threadCreate
 .text.threadFree
                0x00000000001121d4       0x2c /opt/devkitpro/libctru/lib/libctru.a(thread.o)
                0x00000000001121d4                threadFree
 .text.threadJoin
                0x0000000000112200       0x24 /opt/devkitpro/libctru/lib/libctru.a(thread.o)
                0x0000000000112200                threadJoin
 .text.threadGetCurrent
                0x0000000000112224       0x30 /opt/devkitpro/libctru/lib/libctru.a(thread.o)
                0x0000000000112224                threadGetCurrent
 .text.threadExit
                0x0000000000112254       0x40 /opt/devkitpro/libctru/lib/libctru.a(thread.o)
                0x0000000000112254                threadExit
 .text._thread_begin
                0x0000000000112294       0x20 /opt/devkitpro/libctru/lib/libctru.a(thread.o)
 .text.mappableFindAddressWithin
                0x00000000001122b4       0xb4 /opt/devkitpro/libctru/lib/libctru.a(mappable.o)
 .text.mappableInit
                0x0000000000112368       0x28 /opt/devkitpro/libctru/lib/libctru.a(mappable.o)
                0x0000000000112368                mappableInit
 .text.mappableAlloc
                0x0000000000112390       0x80 /opt/devkitpro/libctru/lib/libctru.a(mappable.o)
                0x0000000000112390                mappableAlloc
 .text.mappableFree
                0x0000000000112410        0x4 /opt/devkitpro/libctru/lib/libctru.a(mappable.o)
                0x0000000000112410                mappableFree
 .text.irrstInit
                0x0000000000112414      0x164 /opt/devkitpro/libctru/lib/libctru.a(irrst.o)
                0x0000000000112414                irrstInit
 .text.irrstExit
                0x0000000000112578       0xcc /opt/devkitpro/libctru/lib/libctru.a(irrst.o)
                0x0000000000112578                irrstExit
 .text.irrstScanInput
                0x0000000000112644       0xb4 /opt/devkitpro/libctru/lib/libctru.a(irrst.o)
                0x0000000000112644                irrstScanInput
 .text.irrstKeysHeld
                0x00000000001126f8       0x24 /opt/devkitpro/libctru/lib/libctru.a(irrst.o)
                0x00000000001126f8                irrstKeysHeld
 .text.srvPmGetSessionHandle
                0x000000000011271c        0xc /opt/devkitpro/libctru/lib/libctru.a(srvpm.o)
                0x000000000011271c                srvPmGetSessionHandle
 .text.rbtree_node_next
                0x0000000000112728       0x5c /opt/devkitpro/libctru/lib/libctru.a(rbtree_iterator.o)
                0x0000000000112728                rbtree_node_next
 .text.encode_utf16
                0x0000000000112784       0x54 /opt/devkitpro/libctru/lib/libctru.a(encode_utf16.o)
                0x0000000000112784                encode_utf16
 .text.encode_utf8
                0x00000000001127d8       0xe0 /opt/devkitpro/libctru/lib/libctru.a(encode_utf8.o)
                0x00000000001127d8                encode_utf8
 .text.__appInit
                0x00000000001128b8       0x30 /opt/devkitpro/libctru/lib/libctru.a(appInit.o)
                0x00000000001128b8                __appInit
 .text.__syscall_getreent
                0x00000000001128e8       0x30 /opt/devkitpro/libctru/lib/libctru.a(syscalls.o)
                0x00000000001128e8                __syscall_getreent
 .text.__syscall_gettod_r
                0x0000000000112918       0x64 /opt/devkitpro/libctru/lib/libctru.a(syscalls.o)
                0x0000000000112918                __syscall_gettod_r
 .text.__syscall_lock_acquire
                0x000000000011297c        0x4 /opt/devkitpro/libctru/lib/libctru.a(syscalls.o)
                0x000000000011297c                __syscall_lock_acquire
 .text.__syscall_lock_release
                0x0000000000112980        0x4 /opt/devkitpro/libctru/lib/libctru.a(syscalls.o)
                0x0000000000112980                __syscall_lock_release
 .text.__syscall_lock_init_recursive
                0x0000000000112984        0x4 /opt/devkitpro/libctru/lib/libctru.a(syscalls.o)
                0x0000000000112984                __syscall_lock_init_recursive
 .text.__syscall_lock_acquire_recursive
                0x0000000000112988        0x4 /opt/devkitpro/libctru/lib/libctru.a(syscalls.o)
                0x0000000000112988                __syscall_lock_acquire_recursive
 .text.__syscall_lock_release_recursive
                0x000000000011298c        0x4 /opt/devkitpro/libctru/lib/libctru.a(syscalls.o)
                0x000000000011298c                __syscall_lock_release_recursive
 .text.__syscall_exit
                0x0000000000112990        0x4 /opt/devkitpro/libctru/lib/libctru.a(syscalls.o)
                0x0000000000112990                __syscall_exit
 .text.initThreadVars
                0x0000000000112994       0x50 /opt/devkitpro/libctru/lib/libctru.a(syscalls.o)
                0x0000000000112994                initThreadVars
 .text.__system_initSyscalls
                0x00000000001129e4       0x80 /opt/devkitpro/libctru/lib/libctru.a(syscalls.o)
                0x00000000001129e4                __system_initSyscalls
 .text.__appExit
                0x0000000000112a64       0x30 /opt/devkitpro/libctru/lib/libctru.a(appExit.o)
                0x0000000000112a64                __appExit
 .text.__libctru_exit
                0x0000000000112a94       0x90 /opt/devkitpro/libctru/lib/libctru.a(ctru_exit.o)
                0x0000000000112a94                __libctru_exit
 .text.archive_link
                0x0000000000112b24       0x14 /opt/devkitpro/libctru/lib/libctru.a(archive_dev.o)
 .text.archive_dirreset
                0x0000000000112b38       0x14 /opt/devkitpro/libctru/lib/libctru.a(archive_dev.o)
 .text.archive_chmod
                0x0000000000112b4c       0x14 /opt/devkitpro/libctru/lib/libctru.a(archive_dev.o)
 .text.error_cmp
                0x0000000000112b60       0x24 /opt/devkitpro/libctru/lib/libctru.a(archive_dev.o)
 .text.archive_translate_error
                0x0000000000112b84       0x50 /opt/devkitpro/libctru/lib/libctru.a(archive_dev.o)
 .text.archive_seek
                0x0000000000112bd4       0xc8 /opt/devkitpro/libctru/lib/libctru.a(archive_dev.o)
 .text._archiveInit.part.0
                0x0000000000112c9c       0x7c /opt/devkitpro/libctru/lib/libctru.a(archive_dev.o)
 .text.archiveFindDevice.part.0
                0x0000000000112d18       0xc4 /opt/devkitpro/libctru/lib/libctru.a(archive_dev.o)
 .text.archive_utf16path
                0x0000000000112ddc      0x25c /opt/devkitpro/libctru/lib/libctru.a(archive_dev.o)
 .text._archiveUnmountDeviceStruct.part.0
                0x0000000000113038       0xa0 /opt/devkitpro/libctru/lib/libctru.a(archive_dev.o)
 .text.archive_fchmod
                0x00000000001130d8       0x14 /opt/devkitpro/libctru/lib/libctru.a(archive_dev.o)
 .text.archive_statvfs
                0x00000000001130ec       0x14 /opt/devkitpro/libctru/lib/libctru.a(archive_dev.o)
 .text._archiveMountDevice
                0x0000000000113100      0x164 /opt/devkitpro/libctru/lib/libctru.a(archive_dev.o)
 .text.archive_diropen
                0x0000000000113264       0xe8 /opt/devkitpro/libctru/lib/libctru.a(archive_dev.o)
 .text.archive_fstat
                0x000000000011334c       0xa4 /opt/devkitpro/libctru/lib/libctru.a(archive_dev.o)
 .text.archive_close
                0x00000000001133f0       0x6c /opt/devkitpro/libctru/lib/libctru.a(archive_dev.o)
 .text.archive_fsync
                0x000000000011345c       0x6c /opt/devkitpro/libctru/lib/libctru.a(archive_dev.o)
 .text.archive_dirclose
                0x00000000001134c8       0x70 /opt/devkitpro/libctru/lib/libctru.a(archive_dev.o)
 .text.sdmc_statvfs
                0x0000000000113538       0xe8 /opt/devkitpro/libctru/lib/libctru.a(archive_dev.o)
 .text.archive_chdir
                0x0000000000113620       0xec /opt/devkitpro/libctru/lib/libctru.a(archive_dev.o)
 .text.archive_ftruncate
                0x000000000011370c       0x7c /opt/devkitpro/libctru/lib/libctru.a(archive_dev.o)
 .text.archive_read
                0x0000000000113788       0xac /opt/devkitpro/libctru/lib/libctru.a(archive_dev.o)
 .text.archive_unlink
                0x0000000000113834       0xa4 /opt/devkitpro/libctru/lib/libctru.a(archive_dev.o)
 .text.archive_rmdir
                0x00000000001138d8       0xbc /opt/devkitpro/libctru/lib/libctru.a(archive_dev.o)
 .text.archive_mkdir
                0x0000000000113994       0xdc /opt/devkitpro/libctru/lib/libctru.a(archive_dev.o)
 .text.archive_stat
                0x0000000000113a70      0x19c /opt/devkitpro/libctru/lib/libctru.a(archive_dev.o)
 .text.archive_dirnext
                0x0000000000113c0c      0x15c /opt/devkitpro/libctru/lib/libctru.a(archive_dev.o)
 .text.archive_write
                0x0000000000113d68       0xec /opt/devkitpro/libctru/lib/libctru.a(archive_dev.o)
 .text.archive_open
                0x0000000000113e54      0x1d4 /opt/devkitpro/libctru/lib/libctru.a(archive_dev.o)
 .text.archive_rename
                0x0000000000114028      0x278 /opt/devkitpro/libctru/lib/libctru.a(archive_dev.o)
 .text.archiveMountSdmc
                0x00000000001142a0      0x19c /opt/devkitpro/libctru/lib/libctru.a(archive_dev.o)
                0x00000000001142a0                archiveMountSdmc
 .text.archiveUnmountAll
                0x000000000011443c       0x54 /opt/devkitpro/libctru/lib/libctru.a(archive_dev.o)
                0x000000000011443c                archiveUnmountAll
 .text.ceilf    0x0000000000114490       0xb8 /opt/devkitpro/devkitARM/bin/../lib/gcc/arm-none-eabi/12.2.0/../../../../arm-none-eabi/lib/armv6k/fpu/libm.a(lib_a-sf_ceil.o)
                0x0000000000114490                ceilf
 .text.__fixunssfdi
                0x0000000000114548       0x40 /opt/devkitpro/devkitARM/bin/../lib/gcc/arm-none-eabi/12.2.0/armv6k/fpu/libgcc.a(_fixunssfdi.o)
                0x0000000000114548                __aeabi_f2ulz
                0x0000000000114548                __fixunssfdi
 .text.__udivmoddi4
                0x0000000000114588      0x120 /opt/devkitpro/devkitARM/bin/../lib/gcc/arm-none-eabi/12.2.0/armv6k/fpu/libgcc.a(_udivmoddi4.o)
                0x0000000000114588                __udivmoddi4
 .text.bsearch  0x00000000001146a8       0x78 /opt/devkitpro/devkitARM/bin/../lib/gcc/arm-none-eabi/12.2.0/../../../../arm-none-eabi/lib/armv6k/fpu/libg.a(lib_a-bsearch.o)
                0x00000000001146a8                bsearch
 .text.calloc   0x0000000000114720       0x20 /opt/devkitpro/devkitARM/bin/../lib/gcc/arm-none-eabi/12.2.0/../../../../arm-none-eabi/lib/armv6k/fpu/libg.a(lib_a-calloc.o)
                0x0000000000114720                calloc
 .text._calloc_r
                0x0000000000114740       0xc0 /opt/devkitpro/devkitARM/bin/../lib/gcc/arm-none-eabi/12.2.0/../../../../arm-none-eabi/lib/armv6k/fpu/libg.a(lib_a-callocr.o)
                0x0000000000114740                _calloc_r
 .text.__errno  0x0000000000114800        0xc /opt/devkitpro/devkitARM/bin/../lib/gcc/arm-none-eabi/12.2.0/../../../../arm-none-eabi/lib/armv6k/fpu/libg.a(lib_a-errno.o)
                0x0000000000114800                __errno
 .text.exit     0x000000000011480c       0x34 /opt/devkitpro/devkitARM/bin/../lib/gcc/arm-none-eabi/12.2.0/../../../../arm-none-eabi/lib/armv6k/fpu/libg.a(lib_a-exit.o)
                0x000000000011480c                exit
 .text._fclose_r
                0x0000000000114840      0x15c /opt/devkitpro/devkitARM/bin/../lib/gcc/arm-none-eabi/12.2.0/../../../../arm-none-eabi/lib/armv6k/fpu/libg.a(lib_a-fclose.o)
                0x0000000000114840                _fclose_r
 .text.fclose   0x000000000011499c       0x18 /opt/devkitpro/devkitARM/bin/../lib/gcc/arm-none-eabi/12.2.0/../../../../arm-none-eabi/lib/armv6k/fpu/libg.a(lib_a-fclose.o)
                0x000000000011499c                fclose
 .text.__sflush_r
                0x00000000001149b4      0x234 /opt/devkitpro/devkitARM/bin/../lib/gcc/arm-none-eabi/12.2.0/../../../../arm-none-eabi/lib/armv6k/fpu/libg.a(lib_a-fflush.o)
                0x00000000001149b4                __sflush_r
 .text._fflush_r
                0x0000000000114be8       0x94 /opt/devkitpro/devkitARM/bin/../lib/gcc/arm-none-eabi/12.2.0/../../../../arm-none-eabi/lib/armv6k/fpu/libg.a(lib_a-fflush.o)
                0x0000000000114be8                _fflush_r
 .text.fflush   0x0000000000114c7c       0x38 /opt/devkitpro/devkitARM/bin/../lib/gcc/arm-none-eabi/12.2.0/../../../../arm-none-eabi/lib/armv6k/fpu/libg.a(lib_a-fflush.o)
                0x0000000000114c7c                fflush
 .text._cleanup_r
                0x0000000000114cb4        0xc /opt/devkitpro/devkitARM/bin/../lib/gcc/arm-none-eabi/12.2.0/../../../../arm-none-eabi/lib/armv6k/fpu/libg.a(lib_a-findfp.o)
                0x0000000000114cb4                _cleanup_r
 .text.__sinit  0x0000000000114cc0      0x184 /opt/devkitpro/devkitARM/bin/../lib/gcc/arm-none-eabi/12.2.0/../../../../arm-none-eabi/lib/armv6k/fpu/libg.a(lib_a-findfp.o)
                0x0000000000114cc0                __sinit
 .text.__sfp    0x0000000000114e44      0x134 /opt/devkitpro/devkitARM/bin/../lib/gcc/arm-none-eabi/12.2.0/../../../../arm-none-eabi/lib/armv6k/fpu/libg.a(lib_a-findfp.o)
                0x0000000000114e44                __sfp
 .text.__sfp_lock_acquire
                0x0000000000114f78        0xc /opt/devkitpro/devkitARM/bin/../lib/gcc/arm-none-eabi/12.2.0/../../../../arm-none-eabi/lib/armv6k/fpu/libg.a(lib_a-findfp.o)
                0x0000000000114f78                __sfp_lock_acquire
 .text.__sfp_lock_release
                0x0000000000114f84        0xc /opt/devkitpro/devkitARM/bin/../lib/gcc/arm-none-eabi/12.2.0/../../../../arm-none-eabi/lib/armv6k/fpu/libg.a(lib_a-findfp.o)
                0x0000000000114f84                __sfp_lock_release
 .text.__libc_fini_array
                0x0000000000114f90       0x3c /opt/devkitpro/devkitARM/bin/../lib/gcc/arm-none-eabi/12.2.0/../../../../arm-none-eabi/lib/armv6k/fpu/libg.a(lib_a-fini.o)
                0x0000000000114f90                __libc_fini_array
 .text._fopen_r
                0x0000000000114fcc      0x134 /opt/devkitpro/devkitARM/bin/../lib/gcc/arm-none-eabi/12.2.0/../../../../arm-none-eabi/lib/armv6k/fpu/libg.a(lib_a-fopen.o)
                0x0000000000114fcc                _fopen_r
 .text.fopen    0x0000000000115100       0x20 /opt/devkitpro/devkitARM/bin/../lib/gcc/arm-none-eabi/12.2.0/../../../../arm-none-eabi/lib/armv6k/fpu/libg.a(lib_a-fopen.o)
                0x0000000000115100                fopen
 .text._fread_r
                0x0000000000115120      0x2d0 /opt/devkitpro/devkitARM/bin/../lib/gcc/arm-none-eabi/12.2.0/../../../../arm-none-eabi/lib/armv6k/fpu/libg.a(lib_a-fread.o)
                0x0000000000115120                _fread_r
 .text.fread    0x00000000001153f0       0x38 /opt/devkitpro/devkitARM/bin/../lib/gcc/arm-none-eabi/12.2.0/../../../../arm-none-eabi/lib/armv6k/fpu/libg.a(lib_a-fread.o)
                0x00000000001153f0                fread
 .text._malloc_trim_r
                0x0000000000115428       0xf8 /opt/devkitpro/devkitARM/bin/../lib/gcc/arm-none-eabi/12.2.0/../../../../arm-none-eabi/lib/armv6k/fpu/libg.a(lib_a-freer.o)
                0x0000000000115428                _malloc_trim_r
 .text._free_r  0x0000000000115520      0x2e8 /opt/devkitpro/devkitARM/bin/../lib/gcc/arm-none-eabi/12.2.0/../../../../arm-none-eabi/lib/armv6k/fpu/libg.a(lib_a-freer.o)
                0x0000000000115520                _free_r
 .text._fseek_r
                0x0000000000115808       0x1c /opt/devkitpro/devkitARM/bin/../lib/gcc/arm-none-eabi/12.2.0/../../../../arm-none-eabi/lib/armv6k/fpu/libg.a(lib_a-fseek.o)
                0x0000000000115808                _fseek_r
 .text._fseeko_r
                0x0000000000115824      0x590 /opt/devkitpro/devkitARM/bin/../lib/gcc/arm-none-eabi/12.2.0/../../../../arm-none-eabi/lib/armv6k/fpu/libg.a(lib_a-fseeko.o)
                0x0000000000115824                _fseeko_r
 .text._fwalk   0x0000000000115db4       0x68 /opt/devkitpro/devkitARM/bin/../lib/gcc/arm-none-eabi/12.2.0/../../../../arm-none-eabi/lib/armv6k/fpu/libg.a(lib_a-fwalk.o)
                0x0000000000115db4                _fwalk
 .text._fwalk_reent
                0x0000000000115e1c       0x70 /opt/devkitpro/devkitARM/bin/../lib/gcc/arm-none-eabi/12.2.0/../../../../arm-none-eabi/lib/armv6k/fpu/libg.a(lib_a-fwalk.o)
                0x0000000000115e1c                _fwalk_reent
 .text.__libc_init_array
                0x0000000000115e8c       0x84 /opt/devkitpro/devkitARM/bin/../lib/gcc/arm-none-eabi/12.2.0/../../../../arm-none-eabi/lib/armv6k/fpu/libg.a(lib_a-init.o)
                0x0000000000115e8c                __libc_init_array
 .text.__smakebuf_r
                0x0000000000115f10      0x138 /opt/devkitpro/devkitARM/bin/../lib/gcc/arm-none-eabi/12.2.0/../../../../arm-none-eabi/lib/armv6k/fpu/libg.a(lib_a-makebuf.o)
                0x0000000000115f10                __smakebuf_r
 .text.__swhatbuf_r
                0x0000000000116048       0x8c /opt/devkitpro/devkitARM/bin/../lib/gcc/arm-none-eabi/12.2.0/../../../../arm-none-eabi/lib/armv6k/fpu/libg.a(lib_a-makebuf.o)
                0x0000000000116048                __swhatbuf_r
 .text.memalign
                0x00000000001160d4       0x20 /opt/devkitpro/devkitARM/bin/../lib/gcc/arm-none-eabi/12.2.0/../../../../arm-none-eabi/lib/armv6k/fpu/libg.a(lib_a-malign.o)
                0x00000000001160d4                memalign
 .text._memalign_r
                0x00000000001160f4      0x14c /opt/devkitpro/devkitARM/bin/../lib/gcc/arm-none-eabi/12.2.0/../../../../arm-none-eabi/lib/armv6k/fpu/libg.a(lib_a-malignr.o)
                0x00000000001160f4                _memalign_r
 .text.malloc   0x0000000000116240       0x18 /opt/devkitpro/devkitARM/bin/../lib/gcc/arm-none-eabi/12.2.0/../../../../arm-none-eabi/lib/armv6k/fpu/libg.a(lib_a-malloc.o)
                0x0000000000116240                malloc
 .text.free     0x0000000000116258       0x18 /opt/devkitpro/devkitARM/bin/../lib/gcc/arm-none-eabi/12.2.0/../../../../arm-none-eabi/lib/armv6k/fpu/libg.a(lib_a-malloc.o)
                0x0000000000116258                free
 .text._malloc_r
                0x0000000000116270      0x7e4 /opt/devkitpro/devkitARM/bin/../lib/gcc/arm-none-eabi/12.2.0/../../../../arm-none-eabi/lib/armv6k/fpu/libg.a(lib_a-mallocr.o)
                0x0000000000116270                _malloc_r
 .text.memcmp   0x0000000000116a54       0xb0 /opt/devkitpro/devkitARM/bin/../lib/gcc/arm-none-eabi/12.2.0/../../../../arm-none-eabi/lib/armv6k/fpu/libg.a(lib_a-memcmp.o)
                0x0000000000116a54                memcmp
 .text.memcpy   0x0000000000116b04      0x118 /opt/devkitpro/devkitARM/bin/../lib/gcc/arm-none-eabi/12.2.0/../../../../arm-none-eabi/lib/armv6k/fpu/libg.a(lib_a-memcpy-stub.o)
                0x0000000000116b04                memcpy
 .text.memset   0x0000000000116c1c       0xf4 /opt/devkitpro/devkitARM/bin/../lib/gcc/arm-none-eabi/12.2.0/../../../../arm-none-eabi/lib/armv6k/fpu/libg.a(lib_a-memset.o)
                0x0000000000116c1c                memset
 .text.__malloc_lock
                0x0000000000116d10        0xc /opt/devkitpro/devkitARM/bin/../lib/gcc/arm-none-eabi/12.2.0/../../../../arm-none-eabi/lib/armv6k/fpu/libg.a(lib_a-mlock.o)
                0x0000000000116d10                __malloc_lock
 .text.__malloc_unlock
                0x0000000000116d1c        0xc /opt/devkitpro/devkitARM/bin/../lib/gcc/arm-none-eabi/12.2.0/../../../../arm-none-eabi/lib/armv6k/fpu/libg.a(lib_a-mlock.o)
                0x0000000000116d1c                __malloc_unlock
 .text.qsort    0x0000000000116d28      0xa04 /opt/devkitpro/devkitARM/bin/../lib/gcc/arm-none-eabi/12.2.0/../../../../arm-none-eabi/lib/armv6k/fpu/libg.a(lib_a-qsort.o)
                0x0000000000116d28                qsort
 .text.rand     0x000000000011772c       0x44 /opt/devkitpro/devkitARM/bin/../lib/gcc/arm-none-eabi/12.2.0/../../../../arm-none-eabi/lib/armv6k/fpu/libg.a(lib_a-rand.o)
                0x000000000011772c                rand
 .text._realloc_r
                0x0000000000117770      0x4a0 /opt/devkitpro/devkitARM/bin/../lib/gcc/arm-none-eabi/12.2.0/../../../../arm-none-eabi/lib/armv6k/fpu/libg.a(lib_a-reallocr.o)
                0x0000000000117770                _realloc_r
 .text.lflush   0x0000000000117c10       0x1c /opt/devkitpro/devkitARM/bin/../lib/gcc/arm-none-eabi/12.2.0/../../../../arm-none-eabi/lib/armv6k/fpu/libg.a(lib_a-refill.o)
 .text.__srefill_r
                0x0000000000117c2c      0x198 /opt/devkitpro/devkitARM/bin/../lib/gcc/arm-none-eabi/12.2.0/../../../../arm-none-eabi/lib/armv6k/fpu/libg.a(lib_a-refill.o)
                0x0000000000117c2c                __srefill_r
 .text.setvbuf  0x0000000000117dc4      0x25c /opt/devkitpro/devkitARM/bin/../lib/gcc/arm-none-eabi/12.2.0/../../../../arm-none-eabi/lib/armv6k/fpu/libg.a(lib_a-setvbuf.o)
                0x0000000000117dc4                setvbuf
 .text.__sread  0x0000000000118020       0x44 /opt/devkitpro/devkitARM/bin/../lib/gcc/arm-none-eabi/12.2.0/../../../../arm-none-eabi/lib/armv6k/fpu/libg.a(lib_a-stdio.o)
                0x0000000000118020                __sread
 .text.__swrite
                0x0000000000118064       0x68 /opt/devkitpro/devkitARM/bin/../lib/gcc/arm-none-eabi/12.2.0/../../../../arm-none-eabi/lib/armv6k/fpu/libg.a(lib_a-stdio.o)
                0x0000000000118064                __swrite
 .text.__sseek  0x00000000001180cc       0x44 /opt/devkitpro/devkitARM/bin/../lib/gcc/arm-none-eabi/12.2.0/../../../../arm-none-eabi/lib/armv6k/fpu/libg.a(lib_a-stdio.o)
                0x00000000001180cc                __sseek
 .text.__sclose
                0x0000000000118110        0x8 /opt/devkitpro/devkitARM/bin/../lib/gcc/arm-none-eabi/12.2.0/../../../../arm-none-eabi/lib/armv6k/fpu/libg.a(lib_a-stdio.o)
                0x0000000000118110                __sclose
 .text.strchr   0x0000000000118118      0x130 /opt/devkitpro/devkitARM/bin/../lib/gcc/arm-none-eabi/12.2.0/../../../../arm-none-eabi/lib/armv6k/fpu/libg.a(lib_a-strchr.o)
                0x0000000000118118                strchr
 .text.strlen   0x0000000000118248       0x5c /opt/devkitpro/devkitARM/bin/../lib/gcc/arm-none-eabi/12.2.0/../../../../arm-none-eabi/lib/armv6k/fpu/libg.a(lib_a-strlen-stub.o)
                0x0000000000118248                strlen
 .text.strncat  0x00000000001182a4       0xe4 /opt/devkitpro/devkitARM/bin/../lib/gcc/arm-none-eabi/12.2.0/../../../../arm-none-eabi/lib/armv6k/fpu/libg.a(lib_a-strncat.o)
                0x00000000001182a4                strncat
 .text.strncmp  0x0000000000118388       0xe4 /opt/devkitpro/devkitARM/bin/../lib/gcc/arm-none-eabi/12.2.0/../../../../arm-none-eabi/lib/armv6k/fpu/libg.a(lib_a-strncmp.o)
                0x0000000000118388                strncmp
 .text.strncpy  0x000000000011846c       0xc4 /opt/devkitpro/devkitARM/bin/../lib/gcc/arm-none-eabi/12.2.0/../../../../arm-none-eabi/lib/armv6k/fpu/libg.a(lib_a-strncpy.o)
                0x000000000011846c                strncpy
 .text.strnlen  0x0000000000118530       0x48 /opt/devkitpro/devkitARM/bin/../lib/gcc/arm-none-eabi/12.2.0/../../../../arm-none-eabi/lib/armv6k/fpu/libg.a(lib_a-strnlen.o)
                0x0000000000118530                strnlen
 .text._strtoul_l.constprop.0
                0x0000000000118578      0x1c4 /opt/devkitpro/devkitARM/bin/../lib/gcc/arm-none-eabi/12.2.0/../../../../arm-none-eabi/lib/armv6k/fpu/libg.a(lib_a-strtoul.o)
 .text.strtoul  0x000000000011873c       0x28 /opt/devkitpro/devkitARM/bin/../lib/gcc/arm-none-eabi/12.2.0/../../../../arm-none-eabi/lib/armv6k/fpu/libg.a(lib_a-strtoul.o)
                0x000000000011873c                strtoul
 .text.time     0x0000000000118764       0x3c /opt/devkitpro/devkitARM/bin/../lib/gcc/arm-none-eabi/12.2.0/../../../../arm-none-eabi/lib/armv6k/fpu/libg.a(lib_a-time.o)
                0x0000000000118764                time
 .text._vsnprintf_r
                0x00000000001187a0       0xa4 /opt/devkitpro/devkitARM/bin/../lib/gcc/arm-none-eabi/12.2.0/../../../../arm-none-eabi/lib/armv6k/fpu/libg.a(lib_a-vsnprintf.o)
                0x00000000001187a0                _vsnprintf_r
 .text.vsnprintf
                0x0000000000118844       0x38 /opt/devkitpro/devkitARM/bin/../lib/gcc/arm-none-eabi/12.2.0/../../../../arm-none-eabi/lib/armv6k/fpu/libg.a(lib_a-vsnprintf.o)
                0x0000000000118844                vsnprintf
 .text.__call_exitprocs
                0x000000000011887c      0x114 /opt/devkitpro/devkitARM/bin/../lib/gcc/arm-none-eabi/12.2.0/../../../../arm-none-eabi/lib/armv6k/fpu/libg.a(lib_a-__call_atexit.o)
                0x000000000011887c                __call_exitprocs
 .text.__sflags
                0x0000000000118990       0xc8 /opt/devkitpro/devkitARM/bin/../lib/gcc/arm-none-eabi/12.2.0/../../../../arm-none-eabi/lib/armv6k/fpu/libg.a(lib_a-flags.o)
                0x0000000000118990                __sflags
 .text.memmove  0x0000000000118a58      0x150 /opt/devkitpro/devkitARM/bin/../lib/gcc/arm-none-eabi/12.2.0/../../../../arm-none-eabi/lib/armv6k/fpu/libg.a(lib_a-memmove.o)
                0x0000000000118a58                memmove
 .text.get_arg  0x0000000000118ba8      0x66c /opt/devkitpro/devkitARM/bin/../lib/gcc/arm-none-eabi/12.2.0/../../../../arm-none-eabi/lib/armv6k/fpu/libg.a(lib_a-svfprintf.o)
 *fill*         0x0000000000119214        0x4 
 .text._svfprintf_r
                0x0000000000119218     0x3334 /opt/devkitpro/devkitARM/bin/../lib/gcc/arm-none-eabi/12.2.0/../../../../arm-none-eabi/lib/armv6k/fpu/libg.a(lib_a-svfprintf.o)
                0x0000000000119218                _svfprintf_r
 .text._wcrtomb_r
                0x000000000011c54c       0x54 /opt/devkitpro/devkitARM/bin/../lib/gcc/arm-none-eabi/12.2.0/../../../../arm-none-eabi/lib/armv6k/fpu/libg.a(lib_a-wcrtomb.o)
                0x000000000011c54c                _wcrtomb_r
 .text._wcsrtombs_r
                0x000000000011c5a0       0x28 /opt/devkitpro/devkitARM/bin/../lib/gcc/arm-none-eabi/12.2.0/../../../../arm-none-eabi/lib/armv6k/fpu/libg.a(lib_a-wcsrtombs.o)
                0x000000000011c5a0                _wcsrtombs_r
 .text.quorem   0x000000000011c5c8      0x1b0 /opt/devkitpro/devkitARM/bin/../lib/gcc/arm-none-eabi/12.2.0/../../../../arm-none-eabi/lib/armv6k/fpu/libg.a(lib_a-dtoa.o)
 .text._dtoa_r  0x000000000011c778     0x11f8 /opt/devkitpro/devkitARM/bin/../lib/gcc/arm-none-eabi/12.2.0/../../../../arm-none-eabi/lib/armv6k/fpu/libg.a(lib_a-dtoa.o)
                0x000000000011c778                _dtoa_r
 .text._localeconv_r
                0x000000000011d970        0xc /opt/devkitpro/devkitARM/bin/../lib/gcc/arm-none-eabi/12.2.0/../../../../arm-none-eabi/lib/armv6k/fpu/libg.a(lib_a-localeconv.o)
                0x000000000011d970                _localeconv_r
 .text.__locale_mb_cur_max
                0x000000000011d97c       0x10 /opt/devkitpro/devkitARM/bin/../lib/gcc/arm-none-eabi/12.2.0/../../../../arm-none-eabi/lib/armv6k/fpu/libg.a(lib_a-locale.o)
                0x000000000011d97c                __locale_mb_cur_max
 .text.__utf8_mbtowc
                0x000000000011d98c      0x2f8 /opt/devkitpro/devkitARM/bin/../lib/gcc/arm-none-eabi/12.2.0/../../../../arm-none-eabi/lib/armv6k/fpu/libg.a(lib_a-mbtowc_r.o)
                0x000000000011d98c                __utf8_mbtowc
 .text.memchr   0x000000000011dc84       0xe4 /opt/devkitpro/devkitARM/bin/../lib/gcc/arm-none-eabi/12.2.0/../../../../arm-none-eabi/lib/armv6k/fpu/libg.a(lib_a-memchr-stub.o)
                0x000000000011dc84                memchr
 .text._Balloc  0x000000000011dd68       0x88 /opt/devkitpro/devkitARM/bin/../lib/gcc/arm-none-eabi/12.2.0/../../../../arm-none-eabi/lib/armv6k/fpu/libg.a(lib_a-mprec.o)
                0x000000000011dd68                _Balloc
 .text._Bfree   0x000000000011ddf0       0x1c /opt/devkitpro/devkitARM/bin/../lib/gcc/arm-none-eabi/12.2.0/../../../../arm-none-eabi/lib/armv6k/fpu/libg.a(lib_a-mprec.o)
                0x000000000011ddf0                _Bfree
 .text.__multadd
                0x000000000011de0c       0xf4 /opt/devkitpro/devkitARM/bin/../lib/gcc/arm-none-eabi/12.2.0/../../../../arm-none-eabi/lib/armv6k/fpu/libg.a(lib_a-mprec.o)
                0x000000000011de0c                __multadd
 .text.__hi0bits
                0x000000000011df00       0x60 /opt/devkitpro/devkitARM/bin/../lib/gcc/arm-none-eabi/12.2.0/../../../../arm-none-eabi/lib/armv6k/fpu/libg.a(lib_a-mprec.o)
                0x000000000011df00                __hi0bits
 .text.__lo0bits
                0x000000000011df60       0x9c /opt/devkitpro/devkitARM/bin/../lib/gcc/arm-none-eabi/12.2.0/../../../../arm-none-eabi/lib/armv6k/fpu/libg.a(lib_a-mprec.o)
                0x000000000011df60                __lo0bits
 .text.__i2b    0x000000000011dffc       0xa8 /opt/devkitpro/devkitARM/bin/../lib/gcc/arm-none-eabi/12.2.0/../../../../arm-none-eabi/lib/armv6k/fpu/libg.a(lib_a-mprec.o)
                0x000000000011dffc                __i2b
 .text.__multiply
                0x000000000011e0a4      0x204 /opt/devkitpro/devkitARM/bin/../lib/gcc/arm-none-eabi/12.2.0/../../../../arm-none-eabi/lib/armv6k/fpu/libg.a(lib_a-mprec.o)
                0x000000000011e0a4                __multiply
 .text.__pow5mult
                0x000000000011e2a8      0x124 /opt/devkitpro/devkitARM/bin/../lib/gcc/arm-none-eabi/12.2.0/../../../../arm-none-eabi/lib/armv6k/fpu/libg.a(lib_a-mprec.o)
                0x000000000011e2a8                __pow5mult
 .text.__lshift
                0x000000000011e3cc      0x140 /opt/devkitpro/devkitARM/bin/../lib/gcc/arm-none-eabi/12.2.0/../../../../arm-none-eabi/lib/armv6k/fpu/libg.a(lib_a-mprec.o)
                0x000000000011e3cc                __lshift
 .text.__mcmp   0x000000000011e50c       0x58 /opt/devkitpro/devkitARM/bin/../lib/gcc/arm-none-eabi/12.2.0/../../../../arm-none-eabi/lib/armv6k/fpu/libg.a(lib_a-mprec.o)
                0x000000000011e50c                __mcmp
 .text.__mdiff  0x000000000011e564      0x1ec /opt/devkitpro/devkitARM/bin/../lib/gcc/arm-none-eabi/12.2.0/../../../../arm-none-eabi/lib/armv6k/fpu/libg.a(lib_a-mprec.o)
                0x000000000011e564                __mdiff