Archive member included to satisfy reference by file (symbol)

/opt/devkitpro/libctru/lib/libcitro2d.a(base.o)
                              main.o (C2D_Init)
/opt/devkitpro/libctru/lib/libcitro2d.a(text.o)
                              main.o (C2D_TextBufNew)
/opt/devkitpro/libctru/lib/libcitro2d.a(spritesheet.o)
                              main.o (C2D_SpriteSheetLoad)
/opt/devkitpro/libctru/lib/libcitro2d.a(font.o)
                              main.o (C2D_FontLoad)
/opt/devkitpro/libctru/lib/libcitro2d.a(render2d.shbin.o)
                              /opt/devkitpro/libctru/lib/libcitro2d.a(base.o) (render2d_shbin)
/opt/devkitpro/libctru/lib/libcitro3d.a(base.o)
                              main.o (C3D_Init)
/opt/devkitpro/libctru/lib/libcitro3d.a(renderqueue.o)
                              /opt/devkitpro/libctru/lib/libcitro3d.a(base.o) (C3Di_RenderQueueEnableVBlank)
/opt/devkitpro/libctru/lib/libcitro3d.a(texture.o)
                              /opt/devkitpro/libctru/lib/libcitro2d.a(base.o) (C3D_TexBind)
/opt/devkitpro/libctru/lib/libcitro3d.a(tex3ds.o)
                              /opt/devkitpro/libctru/lib/libcitro2d.a(spritesheet.o) (Tex3DS_TextureImport)
/opt/devkitpro/libctru/lib/libcitro3d.a(framebuffer.o)
                              /opt/devkitpro/libctru/lib/libcitro3d.a(renderqueue.o) (C3D_CalcColorBufSize)
/opt/devkitpro/libctru/lib/libcitro3d.a(texenv.o)
                              /opt/devkitpro/libctru/lib/libcitro2d.a(base.o) (C3D_GetTexEnv)
/opt/devkitpro/libctru/lib/libcitro3d.a(drawElements.o)
                              /opt/devkitpro/libctru/lib/libcitro2d.a(base.o) (C3D_DrawElements)
/opt/devkitpro/libctru/lib/libcitro3d.a(proctex.o)
                              /opt/devkitpro/libctru/lib/libcitro2d.a(base.o) (C3D_ProcTexInit)
/opt/devkitpro/libctru/lib/libcitro3d.a(buffers.o)
                              /opt/devkitpro/libctru/lib/libcitro2d.a(base.o) (BufInfo_Init)
/opt/devkitpro/libctru/lib/libcitro3d.a(effect.o)
                              /opt/devkitpro/libctru/lib/libcitro3d.a(base.o) (C3D_DepthMap)
/opt/devkitpro/libctru/lib/libcitro3d.a(attribs.o)
                              /opt/devkitpro/libctru/lib/libcitro2d.a(base.o) (AttrInfo_Init)
/opt/devkitpro/libctru/lib/libcitro3d.a(immediate.o)
                              /opt/devkitpro/libctru/lib/libcitro3d.a(base.o) (C3D_ImmSendAttrib)
/opt/devkitpro/libctru/lib/libcitro3d.a(uniforms.o)
                              /opt/devkitpro/libctru/lib/libcitro3d.a(base.o) (C3D_UpdateUniforms)
/opt/devkitpro/libctru/lib/libcitro3d.a(mtx_ortho.o)
                              /opt/devkitpro/libctru/lib/libcitro2d.a(base.o) (Mtx_Ortho)
/opt/devkitpro/libctru/lib/libcitro3d.a(mtx_scale.o)
                              /opt/devkitpro/libctru/lib/libcitro2d.a(base.o) (Mtx_Scale)
/opt/devkitpro/libctru/lib/libcitro3d.a(mtx_multiply.o)
                              /opt/devkitpro/libctru/lib/libcitro2d.a(base.o) (Mtx_Multiply)
/opt/devkitpro/libctru/lib/libcitro3d.a(mtx_orthotilt.o)
                              /opt/devkitpro/libctru/lib/libcitro2d.a(base.o) (Mtx_OrthoTilt)
/opt/devkitpro/libctru/lib/libcitro3d.a(mtx_translate.o)
                              /opt/devkitpro/libctru/lib/libcitro2d.a(base.o) (Mtx_Translate)
/opt/devkitpro/libctru/lib/libcitro3d.a(mtx_rotatez.o)
                              /opt/devkitpro/libctru/lib/libcitro2d.a(base.o) (Mtx_RotateZ)
/opt/devkitpro/libctru/lib/libctru.a(vram.o)
                              /opt/devkitpro/libctru/lib/libcitro3d.a(renderqueue.o) (vramAlloc)
/opt/devkitpro/libctru/lib/libctru.a(linear.o)
                              /opt/devkitpro/libctru/lib/libcitro2d.a(base.o) (linearAlloc)
/opt/devkitpro/libctru/lib/libctru.a(mem_pool.o)
                              /opt/devkitpro/libctru/lib/libctru.a(vram.o) (MemPool::Allocate(MemChunk&, unsigned long, int))
/opt/devkitpro/libctru/lib/libctru.a(romfs_dev.o)
                              main.o (romfsMountSelf)
/opt/devkitpro/libctru/lib/libctru.a(os.o)
                              /opt/devkitpro/libctru/lib/libcitro3d.a(texture.o) (osConvertVirtToPhys)
/opt/devkitpro/libctru/lib/libctru.a(path_buf.o)
                              /opt/devkitpro/libctru/lib/libctru.a(romfs_dev.o) (__ctru_dev_utf16_buf)
/opt/devkitpro/libctru/lib/libctru.a(font.o)
                              /opt/devkitpro/libctru/lib/libcitro2d.a(text.o) (fontEnsureMapped)
/opt/devkitpro/libctru/lib/libctru.a(gfx.o)
                              /opt/devkitpro/libctru/lib/libcitro2d.a(base.o) (gfxIsWide)
/opt/devkitpro/libctru/lib/libctru.a(shaderProgram.o)
                              /opt/devkitpro/libctru/lib/libcitro2d.a(base.o) (shaderInstanceGetUniformLocation)
/opt/devkitpro/libctru/lib/libctru.a(shbin.o)
                              /opt/devkitpro/libctru/lib/libcitro2d.a(base.o) (DVLB_ParseFile)
/opt/devkitpro/libctru/lib/libctru.a(gx.o)
                              /opt/devkitpro/libctru/lib/libcitro3d.a(renderqueue.o) (GX_BindQueue)
[...]
Memory Configuration

Name             Origin             Length             Attributes
*default*        0x0000000000000000 0xffffffffffffffff

Linker script and memory map

                0x0000000000100000                PROVIDE (__start__ = 0x100000)
                0x0000000000100000                . = __start__

.text           0x0000000000100000    0x22c84
 *(.crt0)
 .crt0          0x0000000000100000       0x94 /opt/devkitpro/devkitARM/bin/../lib/gcc/arm-none-eabi/12.2.0/../../../../arm-none-eabi/lib/armv6k/fpu/3dsx_crt0.o
                0x0000000000100000                _start
                0x0000000000100008                __service_ptr
                0x000000000010000c                __apt_appid
                0x0000000000100010                __heap_size
                0x0000000000100014                __linear_heap_size
                0x0000000000100018                __system_arglist
                0x000000000010001c                __system_runflags
 *(.init)
 .init          0x0000000000100094        0xc /opt/devkitpro/devkitARM/bin/../lib/gcc/arm-none-eabi/12.2.0/armv6k/fpu/crti.o
                0x0000000000100094                _init
 .init          0x00000000001000a0        0xc /opt/devkitpro/devkitARM/bin/../lib/gcc/arm-none-eabi/12.2.0/armv6k/fpu/crtn.o
                0x00000000001000ac                . = ALIGN (0x4)
 *(.text)
 .text          0x00000000001000ac      0x20c /opt/devkitpro/devkitARM/bin/../lib/gcc/arm-none-eabi/12.2.0/armv6k/fpu/libgcc.a(_udivsi3.o)
                0x00000000001000ac                __udivsi3
                0x00000000001000ac                __aeabi_uidiv
                0x0000000000100298                __aeabi_uidivmod
 .text          0x00000000001002b8      0x240 /opt/devkitpro/devkitARM/bin/../lib/gcc/arm-none-eabi/12.2.0/armv6k/fpu/libgcc.a(_divsi3.o)
                0x00000000001002b8                __aeabi_idiv
                0x00000000001002b8                __divsi3
                0x00000000001004d8                __aeabi_idivmod
 .text          0x00000000001004f8        0x4 /opt/devkitpro/devkitARM/bin/../lib/gcc/arm-none-eabi/12.2.0/armv6k/fpu/libgcc.a(_dvmd_tls.o)
                0x00000000001004f8                __aeabi_ldiv0
                0x00000000001004f8                __aeabi_idiv0
 .text          0x00000000001004fc      0x250 /opt/devkitpro/devkitARM/bin/../lib/gcc/arm-none-eabi/12.2.0/armv6k/fpu/libgcc.a(_arm_addsubsf3.o)
                0x00000000001004fc                __aeabi_frsub
                0x0000000000100504                __subsf3
                0x0000000000100504                __aeabi_fsub
                0x0000000000100508                __aeabi_fadd
                0x0000000000100508                __addsf3
                0x0000000000100698                __aeabi_ui2f
                0x0000000000100698                __floatunsisf
                0x00000000001006a0                __aeabi_i2f
                0x00000000001006a0                __floatsisf
                0x00000000001006c0                __floatundisf
                0x00000000001006c0                __aeabi_ul2f
                0x00000000001006d0                __floatdisf
                0x00000000001006d0                __aeabi_l2f
 .text          0x000000000010074c       0xd4 /opt/devkitpro/devkitARM/bin/../lib/gcc/arm-none-eabi/12.2.0/armv6k/fpu/libgcc.a(_aeabi_ldivmod.o)
                0x000000000010074c                __aeabi_ldivmod
 .text          0x0000000000100820       0x3c /opt/devkitpro/devkitARM/bin/../lib/gcc/arm-none-eabi/12.2.0/armv6k/fpu/libgcc.a(_aeabi_uldivmod.o)
                0x0000000000100820                __aeabi_uldivmod
 *fill*         0x000000000010085c        0x4 
 .text          0x0000000000100860      0x390 /opt/devkitpro/devkitARM/bin/../lib/gcc/arm-none-eabi/12.2.0/../../../../arm-none-eabi/lib/armv6k/fpu/libg.a(lib_a-strcmp.o)
                0x0000000000100868                strcmp
 *(.text.*)
 .text.__do_global_dtors_aux
                0x0000000000100bf0       0x40 /opt/devkitpro/devkitARM/bin/../lib/gcc/arm-none-eabi/12.2.0/armv6k/fpu/crtbegin.o
 .text.frame_dummy
                0x0000000000100c30       0x2c /opt/devkitpro/devkitARM/bin/../lib/gcc/arm-none-eabi/12.2.0/armv6k/fpu/crtbegin.o
 .text._ZL15drawDynamicTextP13C2D_TextBuf_sfffmP10C2D_Font_smPKcz.constprop.0
                0x0000000000100c5c       0x88 main.o
 .text.startup.main
                0x0000000000100ce4      0xddc main.o
                0x0000000000100ce4                main
 .text.C2Di_FrameEndHook
                0x0000000000101ac0       0x44 /opt/devkitpro/libctru/lib/libcitro2d.a(base.o)
 *fill*         0x0000000000101b04        0x4 
 .text.C2D_Init
                0x0000000000101b08      0x36c /opt/devkitpro/libctru/lib/libcitro2d.a(base.o)
                0x0000000000101b08                C2D_Init
 .text.C2D_Fini
                0x0000000000101e74       0x4c /opt/devkitpro/libctru/lib/libcitro2d.a(base.o)
                0x0000000000101e74                C2D_Fini
 .text.C2D_Prepare
                0x0000000000101ec0       0xb8 /opt/devkitpro/libctru/lib/libcitro2d.a(base.o)
                0x0000000000101ec0                C2D_Prepare
 .text.C2D_Flush
                0x0000000000101f78       0x48 /opt/devkitpro/libctru/lib/libcitro2d.a(base.o)
                0x0000000000101f78                C2D_Flush
 .text.C2D_SceneSize
                0x0000000000101fc0      0x104 /opt/devkitpro/libctru/lib/libcitro2d.a(base.o)
                0x0000000000101fc0                C2D_SceneSize
 .text.C2D_CreateScreenTarget
                0x00000000001020c4       0x58 /opt/devkitpro/libctru/lib/libcitro2d.a(base.o)
                0x00000000001020c4                C2D_CreateScreenTarget
 .text.C2D_TargetClear
                0x000000000010211c       0x64 /opt/devkitpro/libctru/lib/libcitro2d.a(base.o)
                0x000000000010211c                C2D_TargetClear
 .text.C2Di_AppendQuad
                0x0000000000102180       0x58 /opt/devkitpro/libctru/lib/libcitro2d.a(base.o)
                0x0000000000102180                C2Di_AppendQuad
 .text.C2Di_AppendVtx
                0x00000000001021d8       0x40 /opt/devkitpro/libctru/lib/libcitro2d.a(base.o)
                0x00000000001021d8                C2Di_AppendVtx
 .text.C2Di_Update
                0x0000000000102218      0x550 /opt/devkitpro/libctru/lib/libcitro2d.a(base.o)
                0x0000000000102218                C2Di_Update
 .text.C2D_DrawRectangle
                0x0000000000102768      0x158 /opt/devkitpro/libctru/lib/libcitro2d.a(base.o)
                0x0000000000102768                C2D_DrawRectangle
 .text.C2Di_GlyphComp
                0x00000000001028c0       0x18 /opt/devkitpro/libctru/lib/libcitro2d.a(text.o)
 .text.C2Di_CalcLineWidths
                0x00000000001028d8      0x140 /opt/devkitpro/libctru/lib/libcitro2d.a(text.o)
 .text.C2D_TextBufNew
                0x0000000000102a18      0x1dc /opt/devkitpro/libctru/lib/libcitro2d.a(text.o)
                0x0000000000102a18                C2D_TextBufNew
 .text.C2D_TextBufClear
                0x0000000000102bf4        0xc /opt/devkitpro/libctru/lib/libcitro2d.a(text.o)
                0x0000000000102bf4                C2D_TextBufClear
 .text.C2D_TextFontParseLine
                0x0000000000102c00      0x1c8 /opt/devkitpro/libctru/lib/libcitro2d.a(text.o)
                0x0000000000102c00                C2D_TextFontParseLine
 .text.C2D_TextFontParse
                0x0000000000102dc8       0xa8 /opt/devkitpro/libctru/lib/libcitro2d.a(text.o)
                0x0000000000102dc8                C2D_TextFontParse
 .text.C2D_TextOptimize
                0x0000000000102e70       0x30 /opt/devkitpro/libctru/lib/libcitro2d.a(text.o)
                0x0000000000102e70                C2D_TextOptimize
 .text.C2D_DrawText
                0x0000000000102ea0      0xf6c /opt/devkitpro/libctru/lib/libcitro2d.a(text.o)
                0x0000000000102ea0                C2D_DrawText
 .text.C2D_SpriteSheetLoadFromHandle
                0x0000000000103e0c       0x6c /opt/devkitpro/libctru/lib/libcitro2d.a(spritesheet.o)
                0x0000000000103e0c                C2D_SpriteSheetLoadFromHandle
 .text.C2D_SpriteSheetLoad
                0x0000000000103e78       0x48 /opt/devkitpro/libctru/lib/libcitro2d.a(spritesheet.o)
                0x0000000000103e78                C2D_SpriteSheetLoad
 .text.C2D_SpriteSheetFree
                0x0000000000103ec0       0x28 /opt/devkitpro/libctru/lib/libcitro2d.a(spritesheet.o)
                0x0000000000103ec0                C2D_SpriteSheetFree
 .text.C2D_SpriteSheetCount
                0x0000000000103ee8        0x8 /opt/devkitpro/libctru/lib/libcitro2d.a(spritesheet.o)
                0x0000000000103ee8                C2D_SpriteSheetCount
 .text.C2D_SpriteSheetGetImage
                0x0000000000103ef0       0x2c /opt/devkitpro/libctru/lib/libcitro2d.a(spritesheet.o)
                0x0000000000103ef0                C2D_SpriteSheetGetImage
 .text.C2D_FontFree
                0x0000000000103f1c       0x28 /opt/devkitpro/libctru/lib/libcitro2d.a(font.o)
                0x0000000000103f1c                C2D_FontFree
 .text.C2Di_PostLoadFont
                0x0000000000103f44       0xe8 /opt/devkitpro/libctru/lib/libcitro2d.a(font.o)
 .text.C2D_FontLoadFromHandle
                0x000000000010402c       0xb4 /opt/devkitpro/libctru/lib/libcitro2d.a(font.o)
                0x000000000010402c                C2D_FontLoadFromHandle
 .text.C2D_FontLoad
                0x00000000001040e0       0x34 /opt/devkitpro/libctru/lib/libcitro2d.a(font.o)
                0x00000000001040e0                C2D_FontLoad
 .text.C2D_FontGlyphIndexFromCodePoint
                0x0000000000104114       0x44 /opt/devkitpro/libctru/lib/libcitro2d.a(font.o)
                0x0000000000104114                C2D_FontGlyphIndexFromCodePoint
 .text.C2D_FontCalcGlyphPos
                0x0000000000104158       0x78 /opt/devkitpro/libctru/lib/libcitro2d.a(font.o)
                0x0000000000104158                C2D_FontCalcGlyphPos
 .text.C3Di_LightEnvUpdate
                0x00000000001041d0        0x4 /opt/devkitpro/libctru/lib/libcitro3d.a(base.o)
                0x00000000001041d0                C3Di_LightEnvUpdate
 .text.C3Di_LightEnvDirty
                0x00000000001041d4        0x4 /opt/devkitpro/libctru/lib/libcitro3d.a(base.o)
                0x00000000001041d4                C3Di_LightEnvDirty
 .text.C3Di_AptEventHook
                0x00000000001041d8       0xb4 /opt/devkitpro/libctru/lib/libcitro3d.a(base.o)
 .text.C3Di_GasUpdate
                0x000000000010428c        0x4 /opt/devkitpro/libctru/lib/libcitro3d.a(base.o)
                0x000000000010428c                C3Di_GasUpdate
 .text.C3D_Init
                0x0000000000104290      0x1e0 /opt/devkitpro/libctru/lib/libcitro3d.a(base.o)
                0x0000000000104290                C3D_Init
 .text.C3D_SetViewport
                0x0000000000104470       0x98 /opt/devkitpro/libctru/lib/libcitro3d.a(base.o)
                0x0000000000104470                C3D_SetViewport
 .text.C3Di_UpdateContext
                0x0000000000104508      0x4e8 /opt/devkitpro/libctru/lib/libcitro3d.a(base.o)
                0x0000000000104508                C3Di_UpdateContext
 .text.C3Di_SplitFrame
                0x00000000001049f0       0xe0 /opt/devkitpro/libctru/lib/libcitro3d.a(base.o)
                0x00000000001049f0                C3Di_SplitFrame
 .text.C3D_Fini
                0x0000000000104ad0       0x44 /opt/devkitpro/libctru/lib/libcitro3d.a(base.o)
                0x0000000000104ad0                C3D_Fini
 .text.C3D_BindProgram
                0x0000000000104b14      0x114 /opt/devkitpro/libctru/lib/libcitro3d.a(base.o)
                0x0000000000104b14                C3D_BindProgram
 .text.onVBlank0
                0x0000000000104c28       0x4c /opt/devkitpro/libctru/lib/libcitro3d.a(renderqueue.o)
 .text.onVBlank1
                0x0000000000104c74       0x4c /opt/devkitpro/libctru/lib/libcitro3d.a(renderqueue.o)
 .text.C3Di_RenderTargetDestroy
                0x0000000000104cc0       0x80 /opt/devkitpro/libctru/lib/libcitro3d.a(renderqueue.o)
 .text.onQueueFinish
                0x0000000000104d40       0xf4 /opt/devkitpro/libctru/lib/libcitro3d.a(renderqueue.o)
 .text.C3Di_RenderQueueEnableVBlank
                0x0000000000104e34       0x38 /opt/devkitpro/libctru/lib/libcitro3d.a(renderqueue.o)
                0x0000000000104e34                C3Di_RenderQueueEnableVBlank
 .text.C3Di_RenderQueueDisableVBlank
                0x0000000000104e6c       0x30 /opt/devkitpro/libctru/lib/libcitro3d.a(renderqueue.o)
                0x0000000000104e6c                C3Di_RenderQueueDisableVBlank
 .text.C3Di_RenderQueueInit
                0x0000000000104e9c       0x60 /opt/devkitpro/libctru/lib/libcitro3d.a(renderqueue.o)
                0x0000000000104e9c                C3Di_RenderQueueInit
 .text.C3Di_RenderQueueExit
                0x0000000000104efc       0xb0 /opt/devkitpro/libctru/lib/libcitro3d.a(renderqueue.o)
                0x0000000000104efc                C3Di_RenderQueueExit
 .text.C3Di_RenderQueueWaitDone
                0x0000000000104fac       0x34 /opt/devkitpro/libctru/lib/libcitro3d.a(renderqueue.o)
                0x0000000000104fac                C3Di_RenderQueueWaitDone
 .text.C3D_FrameBegin
                0x0000000000104fe0       0xe4 /opt/devkitpro/libctru/lib/libcitro3d.a(renderqueue.o)
                0x0000000000104fe0                C3D_FrameBegin
 .text.C3D_FrameDrawOn
                0x00000000001050c4       0x48 /opt/devkitpro/libctru/lib/libcitro3d.a(renderqueue.o)
                0x00000000001050c4                C3D_FrameDrawOn
 .text.C3D_FrameSplit
                0x000000000010510c       0x58 /opt/devkitpro/libctru/lib/libcitro3d.a(renderqueue.o)
                0x000000000010510c                C3D_FrameSplit
 .text.C3D_FrameEnd
                0x0000000000105164      0x1d8 /opt/devkitpro/libctru/lib/libcitro3d.a(renderqueue.o)
                0x0000000000105164                C3D_FrameEnd
 .text.C3D_FrameEndHook
                0x000000000010533c       0x1c /opt/devkitpro/libctru/lib/libcitro3d.a(renderqueue.o)
                0x000000000010533c                C3D_FrameEndHook
 .text.C3D_RenderTargetCreate
                0x0000000000105358      0x184 /opt/devkitpro/libctru/lib/libcitro3d.a(renderqueue.o)
                0x0000000000105358                C3D_RenderTargetCreate
 .text.C3D_RenderTargetSetOutput
                0x00000000001054dc       0xa8 /opt/devkitpro/libctru/lib/libcitro3d.a(renderqueue.o)
                0x00000000001054dc                C3D_RenderTargetSetOutput
 .text.C3D_SyncTextureCopy
                0x0000000000105584       0xfc /opt/devkitpro/libctru/lib/libcitro3d.a(renderqueue.o)
                0x0000000000105584                C3D_SyncTextureCopy
 .text.C3D_TexInitWithParams
                0x0000000000105680      0x294 /opt/devkitpro/libctru/lib/libcitro3d.a(texture.o)
                0x0000000000105680                C3D_TexInitWithParams
 .text.C3D_TexLoadImage
                0x0000000000105914       0xc8 /opt/devkitpro/libctru/lib/libcitro3d.a(texture.o)
                0x0000000000105914                C3D_TexLoadImage
 .text.C3D_TexBind
                0x00000000001059dc       0x44 /opt/devkitpro/libctru/lib/libcitro3d.a(texture.o)
                0x00000000001059dc                C3D_TexBind
 .text.C3D_TexDelete
                0x0000000000105a20       0x74 /opt/devkitpro/libctru/lib/libcitro3d.a(texture.o)
                0x0000000000105a20                C3D_TexDelete
 .text.C3Di_SetTex
                0x0000000000105a94      0x16c /opt/devkitpro/libctru/lib/libcitro3d.a(texture.o)
                0x0000000000105a94                C3Di_SetTex
 .text.Tex3DSi_ImportCommon
                0x0000000000105c00      0x3f4 /opt/devkitpro/libctru/lib/libcitro3d.a(tex3ds.o)
 .text.Tex3DS_TextureImportStdio
                0x0000000000105ff4       0x38 /opt/devkitpro/libctru/lib/libcitro3d.a(tex3ds.o)
                0x0000000000105ff4                Tex3DS_TextureImportStdio
 .text.Tex3DS_GetNumSubTextures
                0x000000000010602c        0x8 /opt/devkitpro/libctru/lib/libcitro3d.a(tex3ds.o)
                0x000000000010602c                Tex3DS_GetNumSubTextures
 .text.Tex3DS_GetSubTexture
                0x0000000000106034       0x1c /opt/devkitpro/libctru/lib/libcitro3d.a(tex3ds.o)
                0x0000000000106034                Tex3DS_GetSubTexture
 .text.Tex3DS_TextureFree
                0x0000000000106050        0x4 /opt/devkitpro/libctru/lib/libcitro3d.a(tex3ds.o)
                0x0000000000106050                Tex3DS_TextureFree
 .text.C3D_CalcColorBufSize
                0x0000000000106054       0x1c /opt/devkitpro/libctru/lib/libcitro3d.a(framebuffer.o)
                0x0000000000106054                C3D_CalcColorBufSize
 .text.C3D_CalcDepthBufSize
                0x0000000000106070       0x1c /opt/devkitpro/libctru/lib/libcitro3d.a(framebuffer.o)
                0x0000000000106070                C3D_CalcDepthBufSize
 .text.C3D_SetFrameBuf
                0x000000000010608c       0x44 /opt/devkitpro/libctru/lib/libcitro3d.a(framebuffer.o)
                0x000000000010608c                C3D_SetFrameBuf
 .text.C3Di_FrameBufBind
                0x00000000001060d0      0x16c /opt/devkitpro/libctru/lib/libcitro3d.a(framebuffer.o)
                0x00000000001060d0                C3Di_FrameBufBind
 .text.C3D_FrameBufClear
                0x000000000010623c       0xc8 /opt/devkitpro/libctru/lib/libcitro3d.a(framebuffer.o)
                0x000000000010623c                C3D_FrameBufClear
 .text.C3D_FrameBufTransfer
                0x0000000000106304       0x44 /opt/devkitpro/libctru/lib/libcitro3d.a(framebuffer.o)
                0x0000000000106304                C3D_FrameBufTransfer
 .text.C3D_GetTexEnv
                0x0000000000106348       0x34 /opt/devkitpro/libctru/lib/libcitro3d.a(texenv.o)
                0x0000000000106348                C3D_GetTexEnv
 .text.C3Di_TexEnvBind
                0x000000000010637c       0x24 /opt/devkitpro/libctru/lib/libcitro3d.a(texenv.o)
                0x000000000010637c                C3Di_TexEnvBind
 .text.C3D_DrawElements
                0x00000000001063a0      0x218 /opt/devkitpro/libctru/lib/libcitro3d.a(drawElements.o)
                0x00000000001063a0                C3D_DrawElements
 .text.C3D_ProcTexInit
                0x00000000001065b8       0x70 /opt/devkitpro/libctru/lib/libcitro3d.a(proctex.o)
                0x00000000001065b8                C3D_ProcTexInit
 .text.C3D_ProcTexBind
                0x0000000000106628       0x54 /opt/devkitpro/libctru/lib/libcitro3d.a(proctex.o)
                0x0000000000106628                C3D_ProcTexBind
 .text.C3D_ProcTexLutBind
                0x000000000010667c       0x5c /opt/devkitpro/libctru/lib/libcitro3d.a(proctex.o)
                0x000000000010667c                C3D_ProcTexLutBind
 .text.ProcTexLut_FromArray
                0x00000000001066d8       0xa4 /opt/devkitpro/libctru/lib/libcitro3d.a(proctex.o)
                0x00000000001066d8                ProcTexLut_FromArray
 .text.C3Di_ProcTexUpdate
                0x000000000010677c      0x17c /opt/devkitpro/libctru/lib/libcitro3d.a(proctex.o)
                0x000000000010677c                C3Di_ProcTexUpdate
 .text.C3Di_ProcTexDirty
                0x00000000001068f8       0x68 /opt/devkitpro/libctru/lib/libcitro3d.a(proctex.o)
                0x00000000001068f8                C3Di_ProcTexDirty
 .text.BufInfo_Init
                0x0000000000106960       0x24 /opt/devkitpro/libctru/lib/libcitro3d.a(buffers.o)
                0x0000000000106960                BufInfo_Init
 .text.BufInfo_Add
                0x0000000000106984       0x80 /opt/devkitpro/libctru/lib/libcitro3d.a(buffers.o)
                0x0000000000106984                BufInfo_Add
 .text.C3D_SetBufInfo
                0x0000000000106a04       0x40 /opt/devkitpro/libctru/lib/libcitro3d.a(buffers.o)
                0x0000000000106a04                C3D_SetBufInfo
 .text.C3Di_BufInfoBind
                0x0000000000106a44       0x48 /opt/devkitpro/libctru/lib/libcitro3d.a(buffers.o)
                0x0000000000106a44                C3Di_BufInfoBind
 .text.C3D_DepthMap
                0x0000000000106a8c       0x40 /opt/devkitpro/libctru/lib/libcitro3d.a(effect.o)
                0x0000000000106a8c                C3D_DepthMap
 .text.C3D_CullFace
                0x0000000000106acc       0x1c /opt/devkitpro/libctru/lib/libcitro3d.a(effect.o)
                0x0000000000106acc                C3D_CullFace
 .text.C3D_StencilTest
                0x0000000000106ae8       0x40 /opt/devkitpro/libctru/lib/libcitro3d.a(effect.o)
                0x0000000000106ae8                C3D_StencilTest
 .text.C3D_StencilOp
                0x0000000000106b28       0x24 /opt/devkitpro/libctru/lib/libcitro3d.a(effect.o)
                0x0000000000106b28                C3D_StencilOp
 .text.C3D_BlendingColor
                0x0000000000106b4c       0x1c /opt/devkitpro/libctru/lib/libcitro3d.a(effect.o)
                0x0000000000106b4c                C3D_BlendingColor
 .text.C3D_EarlyDepthTest
                0x0000000000106b68       0x24 /opt/devkitpro/libctru/lib/libcitro3d.a(effect.o)
                0x0000000000106b68                C3D_EarlyDepthTest
 .text.C3D_DepthTest
                0x0000000000106b8c       0x2c /opt/devkitpro/libctru/lib/libcitro3d.a(effect.o)
                0x0000000000106b8c                C3D_DepthTest
 .text.C3D_AlphaTest
                0x0000000000106bb8       0x2c /opt/devkitpro/libctru/lib/libcitro3d.a(effect.o)
                0x0000000000106bb8                C3D_AlphaTest
 .text.C3D_AlphaBlend
                0x0000000000106be4       0x50 /opt/devkitpro/libctru/lib/libcitro3d.a(effect.o)
                0x0000000000106be4                C3D_AlphaBlend
 .text.C3D_FragOpMode
                0x0000000000106c34       0x30 /opt/devkitpro/libctru/lib/libcitro3d.a(effect.o)
                0x0000000000106c34                C3D_FragOpMode
 .text.C3D_FragOpShadow
                0x0000000000106c64       0x44 /opt/devkitpro/libctru/lib/libcitro3d.a(effect.o)
                0x0000000000106c64                C3D_FragOpShadow
 .text.C3Di_EffectBind
                0x0000000000106ca8      0x1ac /opt/devkitpro/libctru/lib/libcitro3d.a(effect.o)
                0x0000000000106ca8                C3Di_EffectBind
 .text.AttrInfo_Init
                0x0000000000106e54       0x28 /opt/devkitpro/libctru/lib/libcitro3d.a(attribs.o)
                0x0000000000106e54                AttrInfo_Init
 .text.AttrInfo_AddLoader
                0x0000000000106e7c       0x94 /opt/devkitpro/libctru/lib/libcitro3d.a(attribs.o)
                0x0000000000106e7c                AttrInfo_AddLoader
 .text.C3D_SetAttrInfo
                0x0000000000106f10       0x54 /opt/devkitpro/libctru/lib/libcitro3d.a(attribs.o)
                0x0000000000106f10                C3D_SetAttrInfo
 .text.C3Di_AttrInfoBind
                0x0000000000106f64       0x80 /opt/devkitpro/libctru/lib/libcitro3d.a(attribs.o)
                0x0000000000106f64                C3Di_AttrInfoBind
 .text.C3D_ImmSendAttrib
                0x0000000000106fe4       0xa8 /opt/devkitpro/libctru/lib/libcitro3d.a(immediate.o)
                0x0000000000106fe4                C3D_ImmSendAttrib
 .text.C3D_UpdateUniforms
                0x000000000010708c      0x280 /opt/devkitpro/libctru/lib/libcitro3d.a(uniforms.o)
                0x000000000010708c                C3D_UpdateUniforms
 .text.C3Di_DirtyUniforms
                0x000000000010730c       0xc0 /opt/devkitpro/libctru/lib/libcitro3d.a(uniforms.o)
                0x000000000010730c                C3Di_DirtyUniforms
 .text.C3Di_LoadShaderUniforms
                0x00000000001073cc       0xd8 /opt/devkitpro/libctru/lib/libcitro3d.a(uniforms.o)
                0x00000000001073cc                C3Di_LoadShaderUniforms
 .text.C3Di_ClearShaderUniforms
                0x00000000001074a4       0x28 /opt/devkitpro/libctru/lib/libcitro3d.a(uniforms.o)
                0x00000000001074a4                C3Di_ClearShaderUniforms
 .text.Mtx_Ortho
                0x00000000001074cc       0xcc /opt/devkitpro/libctru/lib/libcitro3d.a(mtx_ortho.o)
                0x00000000001074cc                Mtx_Ortho
 .text.Mtx_OrthoTilt
                0x0000000000107598       0xcc /opt/devkitpro/libctru/lib/libcitro3d.a(mtx_orthotilt.o)
                0x0000000000107598                Mtx_OrthoTilt
 .text._ZL21addrMapNodeComparatorPK11rbtree_nodeS1_
                0x0000000000107664       0x24 /opt/devkitpro/libctru/lib/libctru.a(vram.o)
 .text._ZL21addrMapNodeDestructorP11rbtree_node
                0x0000000000107688        0x4 /opt/devkitpro/libctru/lib/libctru.a(vram.o)
 .text.vramMemAlignAt
                0x000000000010768c      0x250 /opt/devkitpro/libctru/lib/libctru.a(vram.o)
                0x000000000010768c                vramMemAlignAt
 .text.vramAlloc
                0x00000000001078dc        0xc /opt/devkitpro/libctru/lib/libctru.a(vram.o)
                0x00000000001078dc                vramAlloc
 .text.vramAllocAt
                0x00000000001078e8        0xc /opt/devkitpro/libctru/lib/libctru.a(vram.o)
                0x00000000001078e8                vramAllocAt
 .text.vramFree
                0x00000000001078f4       0x90 /opt/devkitpro/libctru/lib/libctru.a(vram.o)
                0x00000000001078f4                vramFree
 .text._ZL21addrMapNodeComparatorPK11rbtree_nodeS1_
                0x0000000000107984       0x24 /opt/devkitpro/libctru/lib/libctru.a(linear.o)
 .text._ZL21addrMapNodeDestructorP11rbtree_node
                0x00000000001079a8        0x4 /opt/devkitpro/libctru/lib/libctru.a(linear.o)
 .text.linearMemAlign
                0x00000000001079ac      0x120 /opt/devkitpro/libctru/lib/libctru.a(linear.o)
                0x00000000001079ac                linearMemAlign
 .text.linearAlloc
                0x0000000000107acc        0x8 /opt/devkitpro/libctru/lib/libctru.a(linear.o)
                0x0000000000107acc                linearAlloc
 .text.linearFree
                0x0000000000107ad4       0x5c /opt/devkitpro/libctru/lib/libctru.a(linear.o)
                0x0000000000107ad4                linearFree
 .text._ZN7MemPool13CoalesceRightEP8MemBlock
                0x0000000000107b30       0x80 /opt/devkitpro/libctru/lib/libctru.a(mem_pool.o)
                0x0000000000107b30                MemPool::CoalesceRight(MemBlock*)
 .text._ZN7MemPool8AllocateER8MemChunkmi
                0x0000000000107bb0      0x16c /opt/devkitpro/libctru/lib/libctru.a(mem_pool.o)
                0x0000000000107bb0                MemPool::Allocate(MemChunk&, unsigned long, int)
 .text._ZN7MemPool10DeallocateERK8MemChunk
                0x0000000000107d1c       0xfc /opt/devkitpro/libctru/lib/libctru.a(mem_pool.o)
                0x0000000000107d1c                MemPool::Deallocate(MemChunk const&)
 .text._ZN7MemPool12GetFreeSpaceEv
                0x0000000000107e18       0x30 /opt/devkitpro/libctru/lib/libctru.a(mem_pool.o)
                0x0000000000107e18                MemPool::GetFreeSpace()
 .text.romfs_close
                0x0000000000107e48        0x8 /opt/devkitpro/libctru/lib/libctru.a(romfs_dev.o)
 .text.romfs_seek
                0x0000000000107e50       0xc0 /opt/devkitpro/libctru/lib/libctru.a(romfs_dev.o)
 .text.romfs_dirreset
                0x0000000000107f10       0x24 /opt/devkitpro/libctru/lib/libctru.a(romfs_dev.o)
 .text.fill_dir
                0x0000000000107f34       0xc8 /opt/devkitpro/libctru/lib/libctru.a(romfs_dev.o)
 .text.romfs_dirnext
                0x0000000000107ffc      0x28c /opt/devkitpro/libctru/lib/libctru.a(romfs_dev.o)
 .text.romfs_free
                0x0000000000108288       0x84 /opt/devkitpro/libctru/lib/libctru.a(romfs_dev.o)
 .text.searchForFile.constprop.0
                0x000000000010830c       0xd4 /opt/devkitpro/libctru/lib/libctru.a(romfs_dev.o)
 .text.searchForDir.constprop.0
                0x00000000001083e0       0xd8 /opt/devkitpro/libctru/lib/libctru.a(romfs_dev.o)
 .text.navigateToDir.constprop.0
                0x00000000001084b8      0x1c0 /opt/devkitpro/libctru/lib/libctru.a(romfs_dev.o)
 .text.romfs_open
                0x0000000000108678      0x10c /opt/devkitpro/libctru/lib/libctru.a(romfs_dev.o)
 .text.romfs_chdir
                0x0000000000108784       0x4c /opt/devkitpro/libctru/lib/libctru.a(romfs_dev.o)
 .text.romfs_diropen
                0x00000000001087d0       0x70 /opt/devkitpro/libctru/lib/libctru.a(romfs_dev.o)
 .text.romfs_stat
                0x0000000000108840      0x174 /opt/devkitpro/libctru/lib/libctru.a(romfs_dev.o)
 .text.romfs_dirclose
                0x00000000001089b4        0x8 /opt/devkitpro/libctru/lib/libctru.a(romfs_dev.o)
 *fill*         0x00000000001089bc        0x4 
 .text.romfs_fstat
                0x00000000001089c0       0x84 /opt/devkitpro/libctru/lib/libctru.a(romfs_dev.o)
 .text.romfs_read
                0x0000000000108a44       0xd0 /opt/devkitpro/libctru/lib/libctru.a(romfs_dev.o)
 .text.romfsMountFromFile
                0x0000000000108b14      0x28c /opt/devkitpro/libctru/lib/libctru.a(romfs_dev.o)
                0x0000000000108b14                romfsMountFromFile
 .text.romfsMountFromCurrentProcess
                0x0000000000108da0       0x98 /opt/devkitpro/libctru/lib/libctru.a(romfs_dev.o)
                0x0000000000108da0                romfsMountFromCurrentProcess
 .text.romfsMountSelf
                0x0000000000108e38      0x260 /opt/devkitpro/libctru/lib/libctru.a(romfs_dev.o)
                0x0000000000108e38                romfsMountSelf
 .text.romfsUnmount
                0x0000000000109098       0xa0 /opt/devkitpro/libctru/lib/libctru.a(romfs_dev.o)
                0x0000000000109098                romfsUnmount
 .text.osConvertVirtToPhys
                0x0000000000109138       0x74 /opt/devkitpro/libctru/lib/libctru.a(os.o)
                0x0000000000109138                osConvertVirtToPhys
 .text.osGetTimeRef
                0x00000000001091ac       0x54 /opt/devkitpro/libctru/lib/libctru.a(os.o)
                0x00000000001091ac                osGetTimeRef
 .text.osGetTime
                0x0000000000109200       0xec /opt/devkitpro/libctru/lib/libctru.a(os.o)
                0x0000000000109200                osGetTime
 .text.__ctru_speedup_config
                0x00000000001092ec       0x34 /opt/devkitpro/libctru/lib/libctru.a(os.o)
                0x00000000001092ec                __ctru_speedup_config
 .text.fontEnsureMapped
                0x0000000000109320       0x94 /opt/devkitpro/libctru/lib/libctru.a(font.o)
                0x0000000000109320                fontEnsureMapped
 .text.fontFixPointers
                0x00000000001093b4       0x7c /opt/devkitpro/libctru/lib/libctru.a(font.o)
                0x00000000001093b4                fontFixPointers
 .text.fontGlyphIndexFromCodePoint
                0x0000000000109430      0x100 /opt/devkitpro/libctru/lib/libctru.a(font.o)
                0x0000000000109430                fontGlyphIndexFromCodePoint
 .text.fontCalcGlyphPos
                0x0000000000109530      0x1ec /opt/devkitpro/libctru/lib/libctru.a(font.o)
                0x0000000000109530                fontCalcGlyphPos
 .text.gfxPresentFramebuffer
                0x000000000010971c       0xd0 /opt/devkitpro/libctru/lib/libctru.a(gfx.o)
 .text.gfxIsWide
                0x00000000001097ec       0x1c /opt/devkitpro/libctru/lib/libctru.a(gfx.o)
                0x00000000001097ec                gfxIsWide
 .text.gfxSetScreenFormat
                0x0000000000109808       0xec /opt/devkitpro/libctru/lib/libctru.a(gfx.o)
                0x0000000000109808                gfxSetScreenFormat
 .text.gfxSetDoubleBuffering
                0x00000000001098f4       0x10 /opt/devkitpro/libctru/lib/libctru.a(gfx.o)
                0x00000000001098f4                gfxSetDoubleBuffering
 .text.gfxInit  0x0000000000109904       0xe0 /opt/devkitpro/libctru/lib/libctru.a(gfx.o)
                0x0000000000109904                gfxInit
 .text.gfxInitDefault
                0x00000000001099e4       0x10 /opt/devkitpro/libctru/lib/libctru.a(gfx.o)
                0x00000000001099e4                gfxInitDefault
 .text.gfxExit  0x00000000001099f4       0xb4 /opt/devkitpro/libctru/lib/libctru.a(gfx.o)
                0x00000000001099f4                gfxExit
 .text.gfxGetFramebuffer
                0x0000000000109aa8       0xa0 /opt/devkitpro/libctru/lib/libctru.a(gfx.o)
                0x0000000000109aa8                gfxGetFramebuffer
 .text.gfxFlushBuffers
                0x0000000000109b48      0x104 /opt/devkitpro/libctru/lib/libctru.a(gfx.o)
                0x0000000000109b48                gfxFlushBuffers
 .text.gfxScreenSwapBuffers
                0x0000000000109c4c       0x30 /opt/devkitpro/libctru/lib/libctru.a(gfx.o)
                0x0000000000109c4c                gfxScreenSwapBuffers
 .text.gfxSwapBuffers
                0x0000000000109c7c       0x50 /opt/devkitpro/libctru/lib/libctru.a(gfx.o)
                0x0000000000109c7c                gfxSwapBuffers
 .text.shaderInstanceInit
                0x0000000000109ccc      0x1d4 /opt/devkitpro/libctru/lib/libctru.a(shaderProgram.o)
                0x0000000000109ccc                shaderInstanceInit
 .text.shaderInstanceGetUniformLocation
                0x0000000000109ea0       0x18 /opt/devkitpro/libctru/lib/libctru.a(shaderProgram.o)
                0x0000000000109ea0                shaderInstanceGetUniformLocation
 .text.shaderProgramInit
                0x0000000000109eb8       0x1c /opt/devkitpro/libctru/lib/libctru.a(shaderProgram.o)
                0x0000000000109eb8                shaderProgramInit
 .text.shaderProgramFree
                0x0000000000109ed4       0x64 /opt/devkitpro/libctru/lib/libctru.a(shaderProgram.o)
                0x0000000000109ed4                shaderProgramFree
 .text.shaderProgramSetVsh
                0x0000000000109f38       0x80 /opt/devkitpro/libctru/lib/libctru.a(shaderProgram.o)
                0x0000000000109f38                shaderProgramSetVsh
 .text.shaderProgramConfigure
                0x0000000000109fb8      0x8e0 /opt/devkitpro/libctru/lib/libctru.a(shaderProgram.o)
                0x0000000000109fb8                shaderProgramConfigure
 .text.DVLE_GenerateOutmap.part.0
                0x000000000010a898      0x1cc /opt/devkitpro/libctru/lib/libctru.a(shbin.o)
 .text.DVLB_ParseFile
                0x000000000010aa64      0x1b4 /opt/devkitpro/libctru/lib/libctru.a(shbin.o)
                0x000000000010aa64                DVLB_ParseFile
 .text.DVLB_Free
                0x000000000010ac18       0x38 /opt/devkitpro/libctru/lib/libctru.a(shbin.o)
                0x000000000010ac18                DVLB_Free
 .text.DVLE_GetUniformRegister
                0x000000000010ac50       0x74 /opt/devkitpro/libctru/lib/libctru.a(shbin.o)
                0x000000000010ac50                DVLE_GetUniformRegister
 .text.GX_BindQueue
                0x000000000010acc4       0x10 /opt/devkitpro/libctru/lib/libctru.a(gx.o)
                0x000000000010acc4                GX_BindQueue
 .text.GX_ProcessCommandList
                0x000000000010acd4       0x78 /opt/devkitpro/libctru/lib/libctru.a(gx.o)
                0x000000000010acd4                GX_ProcessCommandList
 .text.GX_MemoryFill
                0x000000000010ad4c       0x74 /opt/devkitpro/libctru/lib/libctru.a(gx.o)
                0x000000000010ad4c                GX_MemoryFill
 .text.GX_DisplayTransfer
                0x000000000010adc0       0x70 /opt/devkitpro/libctru/lib/libctru.a(gx.o)
                0x000000000010adc0                GX_DisplayTransfer
 .text.GX_TextureCopy
                0x000000000010ae30       0x74 /opt/devkitpro/libctru/lib/libctru.a(gx.o)
                0x000000000010ae30                GX_TextureCopy
 .text.gxCmdQueueDoCommands.part.0
                0x000000000010aea4       0x68 /opt/devkitpro/libctru/lib/libctru.a(gxqueue.o)
 .text.gxCmdQueueInterrupt
                0x000000000010af0c       0xc8 /opt/devkitpro/libctru/lib/libctru.a(gxqueue.o)
                0x000000000010af0c                gxCmdQueueInterrupt
 .text.gxCmdQueueClear
                0x000000000010afd4       0x4c /opt/devkitpro/libctru/lib/libctru.a(gxqueue.o)
                0x000000000010afd4                gxCmdQueueClear
 .text.gxCmdQueueAdd
                0x000000000010b020       0xf8 /opt/devkitpro/libctru/lib/libctru.a(gxqueue.o)
                0x000000000010b020                gxCmdQueueAdd
 .text.gxCmdQueueRun
                0x000000000010b118       0x80 /opt/devkitpro/libctru/lib/libctru.a(gxqueue.o)
                0x000000000010b118                gxCmdQueueRun
 .text.gxCmdQueueStop
                0x000000000010b198       0x60 /opt/devkitpro/libctru/lib/libctru.a(gxqueue.o)
                0x000000000010b198                gxCmdQueueStop
 .text.gxCmdQueueWait
                0x000000000010b1f8       0x74 /opt/devkitpro/libctru/lib/libctru.a(gxqueue.o)
                0x000000000010b1f8                gxCmdQueueWait
 .text.GPUCMD_Add
                0x000000000010b26c      0x13c /opt/devkitpro/libctru/lib/libctru.a(gpu.o)
                0x000000000010b26c                GPUCMD_Add
 .text.GPUCMD_Split
                0x000000000010b3a8       0xb0 /opt/devkitpro/libctru/lib/libctru.a(gpu.o)
                0x000000000010b3a8                GPUCMD_Split
 .text.f32tof16
                0x000000000010b458       0x34 /opt/devkitpro/libctru/lib/libctru.a(gpu.o)
                0x000000000010b458                f32tof16
 .text.f32tof24
                0x000000000010b48c       0x34 /opt/devkitpro/libctru/lib/libctru.a(gpu.o)
                0x000000000010b48c                f32tof24
 .text.f32tof31
                0x000000000010b4c0       0x38 /opt/devkitpro/libctru/lib/libctru.a(gpu.o)
                0x000000000010b4c0                f32tof31
 .text.cfguInit
                0x000000000010b4f8       0xa4 /opt/devkitpro/libctru/lib/libctru.a(cfgu.o)
                0x000000000010b4f8                cfguInit
 .text.cfguExit
                0x000000000010b59c       0x3c /opt/devkitpro/libctru/lib/libctru.a(cfgu.o)
                0x000000000010b59c                cfguExit
 .text.gspHardwareInit
                0x000000000010b5d8      0xc58 /opt/devkitpro/libctru/lib/libctru.a(gspgpu.o)
 .text.gspInit  0x000000000010c230      0x248 /opt/devkitpro/libctru/lib/libctru.a(gspgpu.o)
                0x000000000010c230                gspInit
 .text.gspExit  0x000000000010c478       0xf0 /opt/devkitpro/libctru/lib/libctru.a(gspgpu.o)
                0x000000000010c478                gspExit
 .text.gspHasGpuRight
                0x000000000010c568       0x10 /opt/devkitpro/libctru/lib/libctru.a(gspgpu.o)
                0x000000000010c568                gspHasGpuRight
 .text.gspPresentBuffer
                0x000000000010c578       0xa0 /opt/devkitpro/libctru/lib/libctru.a(gspgpu.o)
                0x000000000010c578                gspPresentBuffer
 .text.gspSetEventCallback
                0x000000000010c618       0x30 /opt/devkitpro/libctru/lib/libctru.a(gspgpu.o)
                0x000000000010c618                gspSetEventCallback
 .text.gspWaitForEvent
                0x000000000010c648       0x44 /opt/devkitpro/libctru/lib/libctru.a(gspgpu.o)
                0x000000000010c648                gspWaitForEvent
 .text.gspWaitForAnyEvent
                0x000000000010c68c       0x4c /opt/devkitpro/libctru/lib/libctru.a(gspgpu.o)
                0x000000000010c68c                gspWaitForAnyEvent
 .text.gspEventThreadMain
                0x000000000010c6d8      0x158 /opt/devkitpro/libctru/lib/libctru.a(gspgpu.o)
 .text.gspSubmitGxCommand
                0x000000000010c830      0x130 /opt/devkitpro/libctru/lib/libctru.a(gspgpu.o)
                0x000000000010c830                gspSubmitGxCommand
 .text.GSPGPU_FlushDataCache
                0x000000000010c960       0x50 /opt/devkitpro/libctru/lib/libctru.a(gspgpu.o)
                0x000000000010c960                GSPGPU_FlushDataCache
 .text.GSPGPU_SetLcdForceBlack
                0x000000000010c9b0       0x34 /opt/devkitpro/libctru/lib/libctru.a(gspgpu.o)
                0x000000000010c9b0                GSPGPU_SetLcdForceBlack
 .text.GSPGPU_AcquireRight
                0x000000000010c9e4       0x68 /opt/devkitpro/libctru/lib/libctru.a(gspgpu.o)
                0x000000000010c9e4                GSPGPU_AcquireRight
 .text.GSPGPU_ReleaseRight
                0x000000000010ca4c       0x48 /opt/devkitpro/libctru/lib/libctru.a(gspgpu.o)
                0x000000000010ca4c                GSPGPU_ReleaseRight
 .text.GSPGPU_ImportDisplayCaptureInfo
                0x000000000010ca94       0x7c /opt/devkitpro/libctru/lib/libctru.a(gspgpu.o)
                0x000000000010ca94                GSPGPU_ImportDisplayCaptureInfo
 .text.GSPGPU_SaveVramSysArea
                0x000000000010cb10       0x2c /opt/devkitpro/libctru/lib/libctru.a(gspgpu.o)
                0x000000000010cb10                GSPGPU_SaveVramSysArea
 .text.GSPGPU_RestoreVramSysArea
                0x000000000010cb3c       0x2c /opt/devkitpro/libctru/lib/libctru.a(gspgpu.o)
                0x000000000010cb3c                GSPGPU_RestoreVramSysArea
 .text.aptConvertScreenForCapture
                0x000000000010cb68      0x1a4 /opt/devkitpro/libctru/lib/libctru.a(apt.o)
 .text.aptDspSleep
                0x000000000010cd0c        0x8 /opt/devkitpro/libctru/lib/libctru.a(apt.o)
                0x000000000010cd0c                aptDspSleep
 .text.aptDspWakeup
                0x000000000010cd14        0x4 /opt/devkitpro/libctru/lib/libctru.a(apt.o)
                0x000000000010cd14                aptDspWakeup
 .text.aptDspCancel
                0x000000000010cd18        0x4 /opt/devkitpro/libctru/lib/libctru.a(apt.o)
                0x000000000010cd18                aptDspCancel
 .text.aptSendCommand
                0x000000000010cd1c      0x158 /opt/devkitpro/libctru/lib/libctru.a(apt.o)
                0x000000000010cd1c                aptSendCommand
 *fill*         0x000000000010ce74        0x4 
 .text.aptExitProcess
                0x000000000010ce78       0x44 /opt/devkitpro/libctru/lib/libctru.a(apt.o)
 .text.aptExit  0x000000000010cebc      0x3b0 /opt/devkitpro/libctru/lib/libctru.a(apt.o)
                0x000000000010cebc                aptExit
 .text.aptHandleSleep
                0x000000000010d26c       0xe0 /opt/devkitpro/libctru/lib/libctru.a(apt.o)
                0x000000000010d26c                aptHandleSleep
 .text.aptHook  0x000000000010d34c       0x30 /opt/devkitpro/libctru/lib/libctru.a(apt.o)
                0x000000000010d34c                aptHook
 .text.aptUnhook
                0x000000000010d37c       0x30 /opt/devkitpro/libctru/lib/libctru.a(apt.o)
                0x000000000010d37c                aptUnhook
 .text.APT_SleepIfShellClosed
                0x000000000010d3ac       0x84 /opt/devkitpro/libctru/lib/libctru.a(apt.o)
                0x000000000010d3ac                APT_SleepIfShellClosed
 .text.aptSetSleepAllowed
                0x000000000010d430       0x84 /opt/devkitpro/libctru/lib/libctru.a(apt.o)
                0x000000000010d430                aptSetSleepAllowed
 .text.APT_UnlockTransition
                0x000000000010d4b4       0x84 /opt/devkitpro/libctru/lib/libctru.a(apt.o)
                0x000000000010d4b4                APT_UnlockTransition
 .text.aptEventHandler
                0x000000000010d538      0x4a4 /opt/devkitpro/libctru/lib/libctru.a(apt.o)
 .text.APT_ReceiveParameter
                0x000000000010d9dc       0xb0 /opt/devkitpro/libctru/lib/libctru.a(apt.o)
                0x000000000010d9dc                APT_ReceiveParameter
 .text.aptReceiveParameter.constprop.0
                0x000000000010da8c       0xb0 /opt/devkitpro/libctru/lib/libctru.a(apt.o)
 *fill*         0x000000000010db3c        0x4 
 .text.aptScreenTransfer
                0x000000000010db40      0x2ac /opt/devkitpro/libctru/lib/libctru.a(apt.o)
 .text.aptWaitForWakeUp.isra.0
                0x000000000010ddec      0x344 /opt/devkitpro/libctru/lib/libctru.a(apt.o)
 .text.aptJumpToHomeMenu
                0x000000000010e130      0x100 /opt/devkitpro/libctru/lib/libctru.a(apt.o)
                0x000000000010e130                aptJumpToHomeMenu
 .text.aptMainLoop
                0x000000000010e230       0x48 /opt/devkitpro/libctru/lib/libctru.a(apt.o)
                0x000000000010e230                aptMainLoop
 .text.aptInit  0x000000000010e278      0x22c /opt/devkitpro/libctru/lib/libctru.a(apt.o)
                0x000000000010e278                aptInit
 .text.APT_CheckNew3DS
                0x000000000010e4a4       0x7c /opt/devkitpro/libctru/lib/libctru.a(apt.o)
                0x000000000010e4a4                APT_CheckNew3DS
 .text.APT_GetSharedFont
                0x000000000010e520       0x48 /opt/devkitpro/libctru/lib/libctru.a(apt.o)
                0x000000000010e520                APT_GetSharedFont
 .text.hidShouldUseIrrst
                0x000000000010e568       0x24 /opt/devkitpro/libctru/lib/libctru.a(hid.o)
                0x000000000010e568                hidShouldUseIrrst
 .text.hidInit  0x000000000010e58c      0x18c /opt/devkitpro/libctru/lib/libctru.a(hid.o)
                0x000000000010e58c                hidInit
 .text.hidExit  0x000000000010e718       0xe8 /opt/devkitpro/libctru/lib/libctru.a(hid.o)
                0x000000000010e718                hidExit
 .text.hidScanInput
                0x000000000010e800      0x2a4 /opt/devkitpro/libctru/lib/libctru.a(hid.o)
                0x000000000010e800                hidScanInput
 .text.hidKeysHeld
                0x000000000010eaa4       0x10 /opt/devkitpro/libctru/lib/libctru.a(hid.o)
                0x000000000010eaa4                hidKeysHeld
 .text.hidKeysDown
                0x000000000010eab4       0x10 /opt/devkitpro/libctru/lib/libctru.a(hid.o)
                0x000000000010eab4                hidKeysDown
 .text.hidKeysUp
                0x000000000010eac4       0x10 /opt/devkitpro/libctru/lib/libctru.a(hid.o)
                0x000000000010eac4                hidKeysUp
 .text.hidTouchRead
                0x000000000010ead4       0x18 /opt/devkitpro/libctru/lib/libctru.a(hid.o)
                0x000000000010ead4                hidTouchRead
 .text.ptmSysmInit
                0x000000000010eaec       0x74 /opt/devkitpro/libctru/lib/libctru.a(ptmsysm.o)
                0x000000000010eaec                ptmSysmInit
 .text.ptmSysmExit
                0x000000000010eb60       0x3c /opt/devkitpro/libctru/lib/libctru.a(ptmsysm.o)
                0x000000000010eb60                ptmSysmExit
 .text.PTMSYSM_ConfigureNew3DSCPU
                0x000000000010eb9c       0x34 /opt/devkitpro/libctru/lib/libctru.a(ptmsysm.o)
                0x000000000010eb9c                PTMSYSM_ConfigureNew3DSCPU
 .text.fsInit   0x000000000010ebd0       0xcc /opt/devkitpro/libctru/lib/libctru.a(fs.o)
                0x000000000010ebd0                fsInit
 .text.fsExit   0x000000000010ec9c       0x3c /opt/devkitpro/libctru/lib/libctru.a(fs.o)
                0x000000000010ec9c                fsExit
 .text.fsExemptFromSession
                0x000000000010ecd8       0x60 /opt/devkitpro/libctru/lib/libctru.a(fs.o)
                0x000000000010ecd8                fsExemptFromSession
 .text.fsUnexemptFromSession
                0x000000000010ed38       0x50 /opt/devkitpro/libctru/lib/libctru.a(fs.o)
                0x000000000010ed38                fsUnexemptFromSession
 .text.FSUSER_OpenFile
                0x000000000010ed88       0xcc /opt/devkitpro/libctru/lib/libctru.a(fs.o)
                0x000000000010ed88                FSUSER_OpenFile
 .text.FSUSER_OpenFileDirectly
                0x000000000010ee54       0xd4 /opt/devkitpro/libctru/lib/libctru.a(fs.o)
                0x000000000010ee54                FSUSER_OpenFileDirectly
 .text.FSUSER_DeleteFile
                0x000000000010ef28       0xbc /opt/devkitpro/libctru/lib/libctru.a(fs.o)
                0x000000000010ef28                FSUSER_DeleteFile
 .text.FSUSER_RenameFile
                0x000000000010efe4       0xf8 /opt/devkitpro/libctru/lib/libctru.a(fs.o)
                0x000000000010efe4                FSUSER_RenameFile
 .text.FSUSER_DeleteDirectory
                0x000000000010f0dc       0xbc /opt/devkitpro/libctru/lib/libctru.a(fs.o)
                0x000000000010f0dc                FSUSER_DeleteDirectory
 .text.FSUSER_CreateFile
                0x000000000010f198       0xd4 /opt/devkitpro/libctru/lib/libctru.a(fs.o)
                0x000000000010f198                FSUSER_CreateFile
 .text.FSUSER_CreateDirectory
                0x000000000010f26c       0xc4 /opt/devkitpro/libctru/lib/libctru.a(fs.o)
                0x000000000010f26c                FSUSER_CreateDirectory
 .text.FSUSER_RenameDirectory
                0x000000000010f330       0xf8 /opt/devkitpro/libctru/lib/libctru.a(fs.o)
                0x000000000010f330                FSUSER_RenameDirectory
 .text.FSUSER_OpenDirectory
                0x000000000010f428       0xb4 /opt/devkitpro/libctru/lib/libctru.a(fs.o)
                0x000000000010f428                FSUSER_OpenDirectory
 .text.FSUSER_OpenArchive
                0x000000000010f4dc       0x98 /opt/devkitpro/libctru/lib/libctru.a(fs.o)
                0x000000000010f4dc                FSUSER_OpenArchive
 .text.FSUSER_CloseArchive
                0x000000000010f574       0x8c /opt/devkitpro/libctru/lib/libctru.a(fs.o)
                0x000000000010f574                FSUSER_CloseArchive
 .text.FSUSER_GetSdmcArchiveResource
                0x000000000010f600       0x74 /opt/devkitpro/libctru/lib/libctru.a(fs.o)
                0x000000000010f600                FSUSER_GetSdmcArchiveResource
 .text.FSUSER_IsSdmcWritable
                0x000000000010f674       0x64 /opt/devkitpro/libctru/lib/libctru.a(fs.o)
                0x000000000010f674                FSUSER_IsSdmcWritable
 .text.FSFILE_Read
                0x000000000010f6d8       0x58 /opt/devkitpro/libctru/lib/libctru.a(fs.o)
                0x000000000010f6d8                FSFILE_Read
 .text.FSFILE_Write
                0x000000000010f730       0x60 /opt/devkitpro/libctru/lib/libctru.a(fs.o)
                0x000000000010f730                FSFILE_Write
 .text.FSFILE_GetSize
                0x000000000010f790       0x3c /opt/devkitpro/libctru/lib/libctru.a(fs.o)
                0x000000000010f790                FSFILE_GetSize
 .text.FSFILE_SetSize
                0x000000000010f7cc       0x28 /opt/devkitpro/libctru/lib/libctru.a(fs.o)
                0x000000000010f7cc                FSFILE_SetSize
 .text.FSFILE_Close
                0x000000000010f7f4       0x3c /opt/devkitpro/libctru/lib/libctru.a(fs.o)
                0x000000000010f7f4                FSFILE_Close
 .text.FSFILE_Flush
                0x000000000010f830       0x24 /opt/devkitpro/libctru/lib/libctru.a(fs.o)
                0x000000000010f830                FSFILE_Flush
 .text.FSDIR_Read
                0x000000000010f854       0x50 /opt/devkitpro/libctru/lib/libctru.a(fs.o)
                0x000000000010f854                FSDIR_Read
 .text.FSDIR_Close
                0x000000000010f8a4       0x3c /opt/devkitpro/libctru/lib/libctru.a(fs.o)
                0x000000000010f8a4                FSDIR_Close
 .text.buffer_read
                0x000000000010f8e0       0xc4 /opt/devkitpro/libctru/lib/libctru.a(decompress.o)
 .text.iov_read
                0x000000000010f9a4       0xd0 /opt/devkitpro/libctru/lib/libctru.a(decompress.o)
 .text.iov_memmove
                0x000000000010fa74      0x138 /opt/devkitpro/libctru/lib/libctru.a(decompress.o)
 .text.decompress_rle
                0x000000000010fbac      0x1dc /opt/devkitpro/libctru/lib/libctru.a(decompress.o)
 .text.decompress_lzss
                0x000000000010fd88      0x244 /opt/devkitpro/libctru/lib/libctru.a(decompress.o)
 .text.decompress_lz11
                0x000000000010ffcc      0x424 /opt/devkitpro/libctru/lib/libctru.a(decompress.o)
 .text.decompress_huff
                0x00000000001103f0      0x2d8 /opt/devkitpro/libctru/lib/libctru.a(decompress.o)
 .text.decompressCallback_Stdio
                0x00000000001106c8       0x10 /opt/devkitpro/libctru/lib/libctru.a(decompress.o)
                0x00000000001106c8                decompressCallback_Stdio
 .text.decompressHeader
                0x00000000001106d8       0xdc /opt/devkitpro/libctru/lib/libctru.a(decompress.o)
                0x00000000001106d8                decompressHeader
 .text.decompressV
                0x00000000001107b4      0x240 /opt/devkitpro/libctru/lib/libctru.a(decompress.o)
                0x00000000001107b4                decompressV
 .text.rbtree_init
                0x00000000001109f4       0x10 /opt/devkitpro/libctru/lib/libctru.a(rbtree_init.o)
                0x00000000001109f4                rbtree_init
 .text.do_insert
                0x0000000000110a04      0x1b4 /opt/devkitpro/libctru/lib/libctru.a(rbtree_insert.o)
 .text.rbtree_insert
                0x0000000000110bb8        0x8 /opt/devkitpro/libctru/lib/libctru.a(rbtree_insert.o)
                0x0000000000110bb8                rbtree_insert
 .text.rbtree_rotate
                0x0000000000110bc0       0x90 /opt/devkitpro/libctru/lib/libctru.a(rbtree_rotate.o)
                0x0000000000110bc0                rbtree_rotate
 .text.rbtree_remove
                0x0000000000110c50      0x318 /opt/devkitpro/libctru/lib/libctru.a(rbtree_remove.o)
                0x0000000000110c50                rbtree_remove
 .text.rbtree_find
                0x0000000000110f68       0x74 /opt/devkitpro/libctru/lib/libctru.a(rbtree_find.o)
                0x0000000000110f68                rbtree_find
 .text.utf16_to_utf8
                0x0000000000110fdc       0xe8 /opt/devkitpro/libctru/lib/libctru.a(utf16_to_utf8.o)
                0x0000000000110fdc                utf16_to_utf8
 .text.decode_utf16
                0x00000000001110c4       0x64 /opt/devkitpro/libctru/lib/libctru.a(decode_utf16.o)
                0x00000000001110c4                decode_utf16
 .text.decode_utf8
                0x0000000000111128      0x13c /opt/devkitpro/libctru/lib/libctru.a(decode_utf8.o)
                0x0000000000111128                decode_utf8
 .text.utf8_to_utf16
                0x0000000000111264       0xc0 /opt/devkitpro/libctru/lib/libctru.a(utf8_to_utf16.o)
                0x0000000000111264                utf8_to_utf16
 *fill*         0x0000000000111324        0x4 
 .text.__system_allocateHeaps
                0x0000000000111328      0x1e0 /opt/devkitpro/libctru/lib/libctru.a(allocateHeaps.o)
                0x0000000000111328                __system_allocateHeaps
 .text.__libctru_init
                0x0000000000111508       0x38 /opt/devkitpro/libctru/lib/libctru.a(ctru_init.o)
                0x0000000000111508                __libctru_init
 .text.__system_initArgv
                0x0000000000111540      0x170 /opt/devkitpro/libctru/lib/libctru.a(initArgv.o)
                0x0000000000111540                __system_initArgv
 .text.svcControlMemory
                0x00000000001116b0       0x20 /opt/devkitpro/libctru/lib/libctru.a(svc.o)
                0x00000000001116b0                svcControlMemory
 .text.svcQueryMemory
                0x00000000001116d0       0x30 /opt/devkitpro/libctru/lib/libctru.a(svc.o)
                0x00000000001116d0                svcQueryMemory
 .text.svcExitProcess
                0x0000000000111700        0x8 /opt/devkitpro/libctru/lib/libctru.a(svc.o)
                0x0000000000111700                svcExitProcess
 .text.svcCreateThread
                0x0000000000111708       0x20 /opt/devkitpro/libctru/lib/libctru.a(svc.o)
                0x0000000000111708                svcCreateThread
 .text.svcExitThread
                0x0000000000111728        0x8 /opt/devkitpro/libctru/lib/libctru.a(svc.o)
                0x0000000000111728                svcExitThread
 .text.svcSleepThread
                0x0000000000111730        0x8 /opt/devkitpro/libctru/lib/libctru.a(svc.o)
                0x0000000000111730                svcSleepThread
 .text.svcReleaseMutex
                0x0000000000111738        0x8 /opt/devkitpro/libctru/lib/libctru.a(svc.o)
                0x0000000000111738                svcReleaseMutex
 .text.svcCreateEvent
                0x0000000000111740       0x14 /opt/devkitpro/libctru/lib/libctru.a(svc.o)
                0x0000000000111740                svcCreateEvent
 .text.svcSignalEvent
                0x0000000000111754        0x8 /opt/devkitpro/libctru/lib/libctru.a(svc.o)
                0x0000000000111754                svcSignalEvent
 .text.svcClearEvent
                0x000000000011175c        0x8 /opt/devkitpro/libctru/lib/libctru.a(svc.o)
                0x000000000011175c                svcClearEvent
 .text.svcMapMemoryBlock
                0x0000000000111764        0x8 /opt/devkitpro/libctru/lib/libctru.a(svc.o)
                0x0000000000111764                svcMapMemoryBlock
 .text.svcUnmapMemoryBlock
                0x000000000011176c        0x8 /opt/devkitpro/libctru/lib/libctru.a(svc.o)
                0x000000000011176c                svcUnmapMemoryBlock
 .text.svcCreateAddressArbiter
                0x0000000000111774       0x14 /opt/devkitpro/libctru/lib/libctru.a(svc.o)
                0x0000000000111774                svcCreateAddressArbiter
 .text.svcArbitrateAddressNoTimeout
                0x0000000000111788        0x8 /opt/devkitpro/libctru/lib/libctru.a(svc.o)
                0x0000000000111788                svcArbitrateAddressNoTimeout
 .text.svcCloseHandle
                0x0000000000111790        0x8 /opt/devkitpro/libctru/lib/libctru.a(svc.o)
                0x0000000000111790                svcCloseHandle
 .text.svcWaitSynchronization
                0x0000000000111798        0x8 /opt/devkitpro/libctru/lib/libctru.a(svc.o)
                0x0000000000111798                svcWaitSynchronization
 .text.svcWaitSynchronizationN
                0x00000000001117a0       0x28 /opt/devkitpro/libctru/lib/libctru.a(svc.o)
                0x00000000001117a0                svcWaitSynchronizationN
 .text.svcDuplicateHandle
                0x00000000001117c8       0x14 /opt/devkitpro/libctru/lib/libctru.a(svc.o)
                0x00000000001117c8                svcDuplicateHandle
 .text.svcGetSystemTick
                0x00000000001117dc        0x8 /opt/devkitpro/libctru/lib/libctru.a(svc.o)
                0x00000000001117dc                svcGetSystemTick
 .text.svcConnectToPort
                0x00000000001117e4       0x14 /opt/devkitpro/libctru/lib/libctru.a(svc.o)
                0x00000000001117e4                svcConnectToPort
 .text.svcSendSyncRequest
                0x00000000001117f8        0x8 /opt/devkitpro/libctru/lib/libctru.a(svc.o)
                0x00000000001117f8                svcSendSyncRequest
 .text.svcGetResourceLimit
                0x0000000000111800       0x14 /opt/devkitpro/libctru/lib/libctru.a(svc.o)
                0x0000000000111800                svcGetResourceLimit
 .text.svcGetResourceLimitLimitValues
                0x0000000000111814        0x8 /opt/devkitpro/libctru/lib/libctru.a(svc.o)
                0x0000000000111814                svcGetResourceLimitLimitValues
 .text.svcGetResourceLimitCurrentValues
                0x000000000011181c        0x8 /opt/devkitpro/libctru/lib/libctru.a(svc.o)
                0x000000000011181c                svcGetResourceLimitCurrentValues
 .text.svcBreak
                0x0000000000111824        0x8 /opt/devkitpro/libctru/lib/libctru.a(svc.o)
                0x0000000000111824                svcBreak
 .text.initSystem
                0x000000000011182c       0x50 /opt/devkitpro/libctru/lib/libctru.a(stack_adjust.o)
                0x000000000011182c                initSystem
 .text.__ctru_exit
                0x000000000011187c       0x18 /opt/devkitpro/libctru/lib/libctru.a(stack_adjust.o)
                0x000000000011187c                __ctru_exit
 .text.__aeabi_read_tp
                0x0000000000111894        0xc /opt/devkitpro/libctru/lib/libctru.a(readtp.o)
                0x0000000000111894                __aeabi_read_tp
 .text.__sync_init
                0x00000000001118a0        0xc /opt/devkitpro/libctru/lib/libctru.a(synchronization.o)
                0x00000000001118a0                __sync_init
 .text.__sync_fini
                0x00000000001118ac       0x18 /opt/devkitpro/libctru/lib/libctru.a(synchronization.o)
                0x00000000001118ac                __sync_fini
 .text.syncArbitrateAddress
                0x00000000001118c4       0x2c /opt/devkitpro/libctru/lib/libctru.a(synchronization.o)
                0x00000000001118c4                syncArbitrateAddress
 .text.LightLock_Lock
                0x00000000001118f0       0xb0 /opt/devkitpro/libctru/lib/libctru.a(synchronization.o)
                0x00000000001118f0                LightLock_Lock
 .text.LightLock_Unlock
                0x00000000001119a0       0x40 /opt/devkitpro/libctru/lib/libctru.a(synchronization.o)
                0x00000000001119a0                LightLock_Unlock
 .text.RecursiveLock_Init
                0x00000000001119e0       0x24 /opt/devkitpro/libctru/lib/libctru.a(synchronization.o)
                0x00000000001119e0                RecursiveLock_Init
 .text.RecursiveLock_Lock
                0x0000000000111a04       0x30 /opt/devkitpro/libctru/lib/libctru.a(synchronization.o)
                0x0000000000111a04                RecursiveLock_Lock
 .text.RecursiveLock_Unlock
                0x0000000000111a34       0x54 /opt/devkitpro/libctru/lib/libctru.a(synchronization.o)
                0x0000000000111a34                RecursiveLock_Unlock
 .text.LightEvent_Init
                0x0000000000111a88       0x40 /opt/devkitpro/libctru/lib/libctru.a(synchronization.o)
                0x0000000000111a88                LightEvent_Init
 .text.LightEvent_Clear
                0x0000000000111ac8       0xa4 /opt/devkitpro/libctru/lib/libctru.a(synchronization.o)
                0x0000000000111ac8                LightEvent_Clear
 .text.LightEvent_Signal
                0x0000000000111b6c       0xc8 /opt/devkitpro/libctru/lib/libctru.a(synchronization.o)
                0x0000000000111b6c                LightEvent_Signal
 .text.LightEvent_TryWait
                0x0000000000111c34       0x50 /opt/devkitpro/libctru/lib/libctru.a(synchronization.o)
                0x0000000000111c34                LightEvent_TryWait
 .text.LightEvent_Wait
                0x0000000000111c84       0xb0 /opt/devkitpro/libctru/lib/libctru.a(synchronization.o)
                0x0000000000111c84                LightEvent_Wait
 .text.envGetHandle
                0x0000000000111d34       0x84 /opt/devkitpro/libctru/lib/libctru.a(env.o)
                0x0000000000111d34                envGetHandle
 .text.envDestroyHandles
                0x0000000000111db8       0x50 /opt/devkitpro/libctru/lib/libctru.a(env.o)
                0x0000000000111db8                envDestroyHandles
 .text.srvInit  0x0000000000111e08      0x130 /opt/devkitpro/libctru/lib/libctru.a(srv.o)
                0x0000000000111e08                srvInit
 .text.srvExit  0x0000000000111f38       0x58 /opt/devkitpro/libctru/lib/libctru.a(srv.o)
                0x0000000000111f38                srvExit
 .text.srvEnableNotification
                0x0000000000111f90       0x60 /opt/devkitpro/libctru/lib/libctru.a(srv.o)
                0x0000000000111f90                srvEnableNotification
 .text.srvGetServiceHandleDirect
                0x0000000000111ff0       0xa0 /opt/devkitpro/libctru/lib/libctru.a(srv.o)
                0x0000000000111ff0                srvGetServiceHandleDirect
 .text.srvGetServiceHandle
                0x0000000000112090       0x38 /opt/devkitpro/libctru/lib/libctru.a(srv.o)
                0x0000000000112090                srvGetServiceHandle
 .text.srvSubscribe
                0x00000000001120c8       0x34 /opt/devkitpro/libctru/lib/libctru.a(srv.o)
                0x00000000001120c8                srvSubscribe
 .text.srvReceiveNotification
                0x00000000001120fc       0x60 /opt/devkitpro/libctru/lib/libctru.a(srv.o)
                0x00000000001120fc                srvReceiveNotification
 .text.srvPublishToSubscriber
                0x000000000011215c       0x38 /opt/devkitpro/libctru/lib/libctru.a(srv.o)
                0x000000000011215c                srvPublishToSubscriber
 .text.threadCreate
                0x0000000000112194      0x1d0 /opt/devkitpro/libctru/lib/libctru.a(thread.o)
                0x0000000000112194                threadCreate
 .text.threadFree
                0x0000000000112364       0x2c /opt/devkitpro/libctru/lib/libctru.a(thread.o)
                0x0000000000112364                threadFree
 .text.threadJoin
                0x0000000000112390       0x24 /opt/devkitpro/libctru/lib/libctru.a(thread.o)
                0x0000000000112390                threadJoin
 .text.threadGetCurrent
                0x00000000001123b4       0x30 /opt/devkitpro/libctru/lib/libctru.a(thread.o)
                0x00000000001123b4                threadGetCurrent
 .text.threadExit
                0x00000000001123e4       0x40 /opt/devkitpro/libctru/lib/libctru.a(thread.o)
                0x00000000001123e4                threadExit
 .text._thread_begin
                0x0000000000112424       0x20 /opt/devkitpro/libctru/lib/libctru.a(thread.o)
 .text.mappableFindAddressWithin
                0x0000000000112444       0xb4 /opt/devkitpro/libctru/lib/libctru.a(mappable.o)
 .text.mappableInit
                0x00000000001124f8       0x28 /opt/devkitpro/libctru/lib/libctru.a(mappable.o)
                0x00000000001124f8                mappableInit
 .text.mappableAlloc
                0x0000000000112520       0x80 /opt/devkitpro/libctru/lib/libctru.a(mappable.o)
                0x0000000000112520                mappableAlloc
 .text.mappableFree
                0x00000000001125a0        0x4 /opt/devkitpro/libctru/lib/libctru.a(mappable.o)
                0x00000000001125a0                mappableFree
 .text.irrstInit
                0x00000000001125a4      0x164 /opt/devkitpro/libctru/lib/libctru.a(irrst.o)
                0x00000000001125a4                irrstInit
 .text.irrstExit
                0x0000000000112708       0xcc /opt/devkitpro/libctru/lib/libctru.a(irrst.o)
                0x0000000000112708                irrstExit
 .text.irrstScanInput
                0x00000000001127d4       0xb4 /opt/devkitpro/libctru/lib/libctru.a(irrst.o)
                0x00000000001127d4                irrstScanInput
 .text.irrstKeysHeld
                0x0000000000112888       0x24 /opt/devkitpro/libctru/lib/libctru.a(irrst.o)
                0x0000000000112888                irrstKeysHeld
 .text.srvPmGetSessionHandle
                0x00000000001128ac        0xc /opt/devkitpro/libctru/lib/libctru.a(srvpm.o)
                0x00000000001128ac                srvPmGetSessionHandle
 .text.rbtree_node_next
                0x00000000001128b8       0x5c /opt/devkitpro/libctru/lib/libctru.a(rbtree_iterator.o)
                0x00000000001128b8                rbtree_node_next
 .text.encode_utf16
                0x0000000000112914       0x54 /opt/devkitpro/libctru/lib/libctru.a(encode_utf16.o)
                0x0000000000112914                encode_utf16
 .text.encode_utf8
                0x0000000000112968       0xe0 /opt/devkitpro/libctru/lib/libctru.a(encode_utf8.o)
                0x0000000000112968                encode_utf8
 .text.__appInit
                0x0000000000112a48       0x30 /opt/devkitpro/libctru/lib/libctru.a(appInit.o)
                0x0000000000112a48                __appInit
 .text.__syscall_getreent
                0x0000000000112a78       0x30 /opt/devkitpro/libctru/lib/libctru.a(syscalls.o)
                0x0000000000112a78                __syscall_getreent
 .text.__syscall_gettod_r
                0x0000000000112aa8       0x64 /opt/devkitpro/libctru/lib/libctru.a(syscalls.o)
                0x0000000000112aa8                __syscall_gettod_r
 .text.__syscall_lock_acquire
                0x0000000000112b0c        0x4 /opt/devkitpro/libctru/lib/libctru.a(syscalls.o)
                0x0000000000112b0c                __syscall_lock_acquire
 .text.__syscall_lock_release
                0x0000000000112b10        0x4 /opt/devkitpro/libctru/lib/libctru.a(syscalls.o)
                0x0000000000112b10                __syscall_lock_release
 .text.__syscall_lock_init_recursive
                0x0000000000112b14        0x4 /opt/devkitpro/libctru/lib/libctru.a(syscalls.o)
                0x0000000000112b14                __syscall_lock_init_recursive
 .text.__syscall_lock_acquire_recursive
                0x0000000000112b18        0x4 /opt/devkitpro/libctru/lib/libctru.a(syscalls.o)
                0x0000000000112b18                __syscall_lock_acquire_recursive
 .text.__syscall_lock_release_recursive
                0x0000000000112b1c        0x4 /opt/devkitpro/libctru/lib/libctru.a(syscalls.o)
                0x0000000000112b1c                __syscall_lock_release_recursive
 .text.__syscall_exit
                0x0000000000112b20        0x4 /opt/devkitpro/libctru/lib/libctru.a(syscalls.o)
                0x0000000000112b20                __syscall_exit
 .text.initThreadVars
                0x0000000000112b24       0x50 /opt/devkitpro/libctru/lib/libctru.a(syscalls.o)
                0x0000000000112b24                initThreadVars
 .text.__system_initSyscalls
                0x0000000000112b74       0x80 /opt/devkitpro/libctru/lib/libctru.a(syscalls.o)
                0x0000000000112b74                __system_initSyscalls
 .text.__appExit
                0x0000000000112bf4       0x30 /opt/devkitpro/libctru/lib/libctru.a(appExit.o)
                0x0000000000112bf4                __appExit
 .text.__libctru_exit
                0x0000000000112c24       0x90 /opt/devkitpro/libctru/lib/libctru.a(ctru_exit.o)
                0x0000000000112c24                __libctru_exit
 .text.archive_link
                0x0000000000112cb4       0x14 /opt/devkitpro/libctru/lib/libctru.a(archive_dev.o)
 .text.archive_dirreset
                0x0000000000112cc8       0x14 /opt/devkitpro/libctru/lib/libctru.a(archive_dev.o)
 .text.archive_chmod
                0x0000000000112cdc       0x14 /opt/devkitpro/libctru/lib/libctru.a(archive_dev.o)
 .text.error_cmp
                0x0000000000112cf0       0x24 /opt/devkitpro/libctru/lib/libctru.a(archive_dev.o)
 .text.archive_translate_error
                0x0000000000112d14       0x50 /opt/devkitpro/libctru/lib/libctru.a(archive_dev.o)
 .text.archive_seek
                0x0000000000112d64       0xc8 /opt/devkitpro/libctru/lib/libctru.a(archive_dev.o)
 .text._archiveInit.part.0
                0x0000000000112e2c       0x7c /opt/devkitpro/libctru/lib/libctru.a(archive_dev.o)
 .text.archiveFindDevice.part.0
                0x0000000000112ea8       0xc4 /opt/devkitpro/libctru/lib/libctru.a(archive_dev.o)
 .text.archive_utf16path
                0x0000000000112f6c      0x25c /opt/devkitpro/libctru/lib/libctru.a(archive_dev.o)
 .text._archiveUnmountDeviceStruct.part.0
                0x00000000001131c8       0xa0 /opt/devkitpro/libctru/lib/libctru.a(archive_dev.o)
 .text.archive_fchmod
                0x0000000000113268       0x14 /opt/devkitpro/libctru/lib/libctru.a(archive_dev.o)
 .text.archive_statvfs
                0x000000000011327c       0x14 /opt/devkitpro/libctru/lib/libctru.a(archive_dev.o)
 .text._archiveMountDevice
                0x0000000000113290      0x164 /opt/devkitpro/libctru/lib/libctru.a(archive_dev.o)
 .text.archive_diropen
                0x00000000001133f4       0xe8 /opt/devkitpro/libctru/lib/libctru.a(archive_dev.o)
 .text.archive_fstat
                0x00000000001134dc       0xa4 /opt/devkitpro/libctru/lib/libctru.a(archive_dev.o)
 .text.archive_close
                0x0000000000113580       0x6c /opt/devkitpro/libctru/lib/libctru.a(archive_dev.o)
 .text.archive_fsync
                0x00000000001135ec       0x6c /opt/devkitpro/libctru/lib/libctru.a(archive_dev.o)
 .text.archive_dirclose
                0x0000000000113658       0x70 /opt/devkitpro/libctru/lib/libctru.a(archive_dev.o)
 .text.sdmc_statvfs
                0x00000000001136c8       0xe8 /opt/devkitpro/libctru/lib/libctru.a(archive_dev.o)
 .text.archive_chdir
                0x00000000001137b0       0xec /opt/devkitpro/libctru/lib/libctru.a(archive_dev.o)
 .text.archive_ftruncate
                0x000000000011389c       0x7c /opt/devkitpro/libctru/lib/libctru.a(archive_dev.o)
 .text.archive_read
                0x0000000000113918       0xac /opt/devkitpro/libctru/lib/libctru.a(archive_dev.o)
 .text.archive_unlink
                0x00000000001139c4       0xa4 /opt/devkitpro/libctru/lib/libctru.a(archive_dev.o)
 .text.archive_rmdir
                0x0000000000113a68       0xbc /opt/devkitpro/libctru/lib/libctru.a(archive_dev.o)
 .text.archive_mkdir
                0x0000000000113b24       0xdc /opt/devkitpro/libctru/lib/libctru.a(archive_dev.o)
 .text.archive_stat
                0x0000000000113c00      0x19c /opt/devkitpro/libctru/lib/libctru.a(archive_dev.o)
 .text.archive_dirnext
                0x0000000000113d9c      0x15c /opt/devkitpro/libctru/lib/libctru.a(archive_dev.o)
 .text.archive_write
                0x0000000000113ef8       0xec /opt/devkitpro/libctru/lib/libctru.a(archive_dev.o)
 .text.archive_open
                0x0000000000113fe4      0x1d4 /opt/devkitpro/libctru/lib/libctru.a(archive_dev.o)
 .text.archive_rename
                0x00000000001141b8      0x278 /opt/devkitpro/libctru/lib/libctru.a(archive_dev.o)
 .text.archiveMountSdmc
                0x0000000000114430      0x19c /opt/devkitpro/libctru/lib/libctru.a(archive_dev.o)
                0x0000000000114430                archiveMountSdmc
 .text.archiveUnmountAll
                0x00000000001145cc       0x54 /opt/devkitpro/libctru/lib/libctru.a(archive_dev.o)
                0x00000000001145cc                archiveUnmountAll
 .text.ceilf    0x0000000000114620       0xb8 /opt/devkitpro/devkitARM/bin/../lib/gcc/arm-none-eabi/12.2.0/../../../../arm-none-eabi/lib/armv6k/fpu/libm.a(lib_a-sf_ceil.o)
                0x0000000000114620                ceilf
 .text.__fixunssfdi
                0x00000000001146d8       0x40 /opt/devkitpro/devkitARM/bin/../lib/gcc/arm-none-eabi/12.2.0/armv6k/fpu/libgcc.a(_fixunssfdi.o)
                0x00000000001146d8                __aeabi_f2ulz
                0x00000000001146d8                __fixunssfdi
 .text.__udivmoddi4
                0x0000000000114718      0x120 /opt/devkitpro/devkitARM/bin/../lib/gcc/arm-none-eabi/12.2.0/armv6k/fpu/libgcc.a(_udivmoddi4.o)
                0x0000000000114718                __udivmoddi4
 .text.bsearch  0x0000000000114838       0x78 /opt/devkitpro/devkitARM/bin/../lib/gcc/arm-none-eabi/12.2.0/../../../../arm-none-eabi/lib/armv6k/fpu/libg.a(lib_a-bsearch.o)
                0x0000000000114838                bsearch
 .text.calloc   0x00000000001148b0       0x20 /opt/devkitpro/devkitARM/bin/../lib/gcc/arm-none-eabi/12.2.0/../../../../arm-none-eabi/lib/armv6k/fpu/libg.a(lib_a-calloc.o)
                0x00000000001148b0                calloc
 .text._calloc_r
                0x00000000001148d0       0xc0 /opt/devkitpro/devkitARM/bin/../lib/gcc/arm-none-eabi/12.2.0/../../../../arm-none-eabi/lib/armv6k/fpu/libg.a(lib_a-callocr.o)
                0x00000000001148d0                _calloc_r
 .text.__errno  0x0000000000114990        0xc /opt/devkitpro/devkitARM/bin/../lib/gcc/arm-none-eabi/12.2.0/../../../../arm-none-eabi/lib/armv6k/fpu/libg.a(lib_a-errno.o)
                0x0000000000114990                __errno
 .text.exit     0x000000000011499c       0x34 /opt/devkitpro/devkitARM/bin/../lib/gcc/arm-none-eabi/12.2.0/../../../../arm-none-eabi/lib/armv6k/fpu/libg.a(lib_a-exit.o)
                0x000000000011499c                exit
 .text._fclose_r
                0x00000000001149d0      0x15c /opt/devkitpro/devkitARM/bin/../lib/gcc/arm-none-eabi/12.2.0/../../../../arm-none-eabi/lib/armv6k/fpu/libg.a(lib_a-fclose.o)
                0x00000000001149d0                _fclose_r
 .text.fclose   0x0000000000114b2c       0x18 /opt/devkitpro/devkitARM/bin/../lib/gcc/arm-none-eabi/12.2.0/../../../../arm-none-eabi/lib/armv6k/fpu/libg.a(lib_a-fclose.o)
                0x0000000000114b2c                fclose
 .text.__sflush_r
                0x0000000000114b44      0x234 /opt/devkitpro/devkitARM/bin/../lib/gcc/arm-none-eabi/12.2.0/../../../../arm-none-eabi/lib/armv6k/fpu/libg.a(lib_a-fflush.o)
                0x0000000000114b44                __sflush_r
 .text._fflush_r
                0x0000000000114d78       0x94 /opt/devkitpro/devkitARM/bin/../lib/gcc/arm-none-eabi/12.2.0/../../../../arm-none-eabi/lib/armv6k/fpu/libg.a(lib_a-fflush.o)
                0x0000000000114d78                _fflush_r
 .text.fflush   0x0000000000114e0c       0x38 /opt/devkitpro/devkitARM/bin/../lib/gcc/arm-none-eabi/12.2.0/../../../../arm-none-eabi/lib/armv6k/fpu/libg.a(lib_a-fflush.o)
                0x0000000000114e0c                fflush
 .text._cleanup_r
                0x0000000000114e44        0xc /opt/devkitpro/devkitARM/bin/../lib/gcc/arm-none-eabi/12.2.0/../../../../arm-none-eabi/lib/armv6k/fpu/libg.a(lib_a-findfp.o)
                0x0000000000114e44                _cleanup_r
 .text.__sinit  0x0000000000114e50      0x184 /opt/devkitpro/devkitARM/bin/../lib/gcc/arm-none-eabi/12.2.0/../../../../arm-none-eabi/lib/armv6k/fpu/libg.a(lib_a-findfp.o)
                0x0000000000114e50                __sinit
 .text.__sfp    0x0000000000114fd4      0x134 /opt/devkitpro/devkitARM/bin/../lib/gcc/arm-none-eabi/12.2.0/../../../../arm-none-eabi/lib/armv6k/fpu/libg.a(lib_a-findfp.o)
                0x0000000000114fd4                __sfp
 .text.__sfp_lock_acquire
                0x0000000000115108        0xc /opt/devkitpro/devkitARM/bin/../lib/gcc/arm-none-eabi/12.2.0/../../../../arm-none-eabi/lib/armv6k/fpu/libg.a(lib_a-findfp.o)
                0x0000000000115108                __sfp_lock_acquire
 .text.__sfp_lock_release
                0x0000000000115114        0xc /opt/devkitpro/devkitARM/bin/../lib/gcc/arm-none-eabi/12.2.0/../../../../arm-none-eabi/lib/armv6k/fpu/libg.a(lib_a-findfp.o)
                0x0000000000115114                __sfp_lock_release
 .text.__libc_fini_array
                0x0000000000115120       0x3c /opt/devkitpro/devkitARM/bin/../lib/gcc/arm-none-eabi/12.2.0/../../../../arm-none-eabi/lib/armv6k/fpu/libg.a(lib_a-fini.o)
                0x0000000000115120                __libc_fini_array
 .text._fopen_r
                0x000000000011515c      0x134 /opt/devkitpro/devkitARM/bin/../lib/gcc/arm-none-eabi/12.2.0/../../../../arm-none-eabi/lib/armv6k/fpu/libg.a(lib_a-fopen.o)
                0x000000000011515c                _fopen_r
 .text.fopen    0x0000000000115290       0x20 /opt/devkitpro/devkitARM/bin/../lib/gcc/arm-none-eabi/12.2.0/../../../../arm-none-eabi/lib/armv6k/fpu/libg.a(lib_a-fopen.o)
                0x0000000000115290                fopen
 .text._fread_r
                0x00000000001152b0      0x2d0 /opt/devkitpro/devkitARM/bin/../lib/gcc/arm-none-eabi/12.2.0/../../../../arm-none-eabi/lib/armv6k/fpu/libg.a(lib_a-fread.o)
                0x00000000001152b0                _fread_r
 .text.fread    0x0000000000115580       0x38 /opt/devkitpro/devkitARM/bin/../lib/gcc/arm-none-eabi/12.2.0/../../../../arm-none-eabi/lib/armv6k/fpu/libg.a(lib_a-fread.o)
                0x0000000000115580                fread
 .text._malloc_trim_r
                0x00000000001155b8       0xf8 /opt/devkitpro/devkitARM/bin/../lib/gcc/arm-none-eabi/12.2.0/../../../../arm-none-eabi/lib/armv6k/fpu/libg.a(lib_a-freer.o)
                0x00000000001155b8                _malloc_trim_r
 .text._free_r  0x00000000001156b0      0x2e8 /opt/devkitpro/devkitARM/bin/../lib/gcc/arm-none-eabi/12.2.0/../../../../arm-none-eabi/lib/armv6k/fpu/libg.a(lib_a-freer.o)
                0x00000000001156b0                _free_r
 .text._fseek_r
                0x0000000000115998       0x1c /opt/devkitpro/devkitARM/bin/../lib/gcc/arm-none-eabi/12.2.0/../../../../arm-none-eabi/lib/armv6k/fpu/libg.a(lib_a-fseek.o)
                0x0000000000115998                _fseek_r
 .text._fseeko_r
                0x00000000001159b4      0x590 /opt/devkitpro/devkitARM/bin/../lib/gcc/arm-none-eabi/12.2.0/../../../../arm-none-eabi/lib/armv6k/fpu/libg.a(lib_a-fseeko.o)
                0x00000000001159b4                _fseeko_r
 .text._fwalk   0x0000000000115f44       0x68 /opt/devkitpro/devkitARM/bin/../lib/gcc/arm-none-eabi/12.2.0/../../../../arm-none-eabi/lib/armv6k/fpu/libg.a(lib_a-fwalk.o)
                0x0000000000115f44                _fwalk
 .text._fwalk_reent
                0x0000000000115fac       0x70 /opt/devkitpro/devkitARM/bin/../lib/gcc/arm-none-eabi/12.2.0/../../../../arm-none-eabi/lib/armv6k/fpu/libg.a(lib_a-fwalk.o)
                0x0000000000115fac                _fwalk_reent
 .text.__libc_init_array
                0x000000000011601c       0x84 /opt/devkitpro/devkitARM/bin/../lib/gcc/arm-none-eabi/12.2.0/../../../../arm-none-eabi/lib/armv6k/fpu/libg.a(lib_a-init.o)
                0x000000000011601c                __libc_init_array
 .text.__smakebuf_r
                0x00000000001160a0      0x138 /opt/devkitpro/devkitARM/bin/../lib/gcc/arm-none-eabi/12.2.0/../../../../arm-none-eabi/lib/armv6k/fpu/libg.a(lib_a-makebuf.o)
                0x00000000001160a0                __smakebuf_r
 .text.__swhatbuf_r
                0x00000000001161d8       0x8c /opt/devkitpro/devkitARM/bin/../lib/gcc/arm-none-eabi/12.2.0/../../../../arm-none-eabi/lib/armv6k/fpu/libg.a(lib_a-makebuf.o)
                0x00000000001161d8                __swhatbuf_r
 .text.memalign
                0x0000000000116264       0x20 /opt/devkitpro/devkitARM/bin/../lib/gcc/arm-none-eabi/12.2.0/../../../../arm-none-eabi/lib/armv6k/fpu/libg.a(lib_a-malign.o)
                0x0000000000116264                memalign
 .text._memalign_r
                0x0000000000116284      0x14c /opt/devkitpro/devkitARM/bin/../lib/gcc/arm-none-eabi/12.2.0/../../../../arm-none-eabi/lib/armv6k/fpu/libg.a(lib_a-malignr.o)
                0x0000000000116284                _memalign_r
 .text.malloc   0x00000000001163d0       0x18 /opt/devkitpro/devkitARM/bin/../lib/gcc/arm-none-eabi/12.2.0/../../../../arm-none-eabi/lib/armv6k/fpu/libg.a(lib_a-malloc.o)
                0x00000000001163d0                malloc
 .text.free     0x00000000001163e8       0x18 /opt/devkitpro/devkitARM/bin/../lib/gcc/arm-none-eabi/12.2.0/../../../../arm-none-eabi/lib/armv6k/fpu/libg.a(lib_a-malloc.o)
                0x00000000001163e8                free
 .text._malloc_r
                0x0000000000116400      0x7e4 /opt/devkitpro/devkitARM/bin/../lib/gcc/arm-none-eabi/12.2.0/../../../../arm-none-eabi/lib/armv6k/fpu/libg.a(lib_a-mallocr.o)
                0x0000000000116400                _malloc_r
 .text.memcmp   0x0000000000116be4       0xb0 /opt/devkitpro/devkitARM/bin/../lib/gcc/arm-none-eabi/12.2.0/../../../../arm-none-eabi/lib/armv6k/fpu/libg.a(lib_a-memcmp.o)
                0x0000000000116be4                memcmp
 .text.memcpy   0x0000000000116c94      0x118 /opt/devkitpro/devkitARM/bin/../lib/gcc/arm-none-eabi/12.2.0/../../../../arm-none-eabi/lib/armv6k/fpu/libg.a(lib_a-memcpy-stub.o)
                0x0000000000116c94                memcpy
 .text.memset   0x0000000000116dac       0xf4 /opt/devkitpro/devkitARM/bin/../lib/gcc/arm-none-eabi/12.2.0/../../../../arm-none-eabi/lib/armv6k/fpu/libg.a(lib_a-memset.o)
                0x0000000000116dac                memset
 .text.__malloc_lock
                0x0000000000116ea0        0xc /opt/devkitpro/devkitARM/bin/../lib/gcc/arm-none-eabi/12.2.0/../../../../arm-none-eabi/lib/armv6k/fpu/libg.a(lib_a-mlock.o)
                0x0000000000116ea0                __malloc_lock
 .text.__malloc_unlock
                0x0000000000116eac        0xc /opt/devkitpro/devkitARM/bin/../lib/gcc/arm-none-eabi/12.2.0/../../../../arm-none-eabi/lib/armv6k/fpu/libg.a(lib_a-mlock.o)
                0x0000000000116eac                __malloc_unlock
 .text.qsort    0x0000000000116eb8      0xa04 /opt/devkitpro/devkitARM/bin/../lib/gcc/arm-none-eabi/12.2.0/../../../../arm-none-eabi/lib/armv6k/fpu/libg.a(lib_a-qsort.o)
                0x0000000000116eb8                qsort
 .text.rand     0x00000000001178bc       0x44 /opt/devkitpro/devkitARM/bin/../lib/gcc/arm-none-eabi/12.2.0/../../../../arm-none-eabi/lib/armv6k/fpu/libg.a(lib_a-rand.o)
                0x00000000001178bc                rand
 .text._realloc_r
                0x0000000000117900      0x4a0 /opt/devkitpro/devkitARM/bin/../lib/gcc/arm-none-eabi/12.2.0/../../../../arm-none-eabi/lib/armv6k/fpu/libg.a(lib_a-reallocr.o)
                0x0000000000117900                _realloc_r
 .text.lflush   0x0000000000117da0       0x1c /opt/devkitpro/devkitARM/bin/../lib/gcc/arm-none-eabi/12.2.0/../../../../arm-none-eabi/lib/armv6k/fpu/libg.a(lib_a-refill.o)
 .text.__srefill_r
                0x0000000000117dbc      0x198 /opt/devkitpro/devkitARM/bin/../lib/gcc/arm-none-eabi/12.2.0/../../../../arm-none-eabi/lib/armv6k/fpu/libg.a(lib_a-refill.o)
                0x0000000000117dbc                __srefill_r
 .text.setvbuf  0x0000000000117f54      0x25c /opt/devkitpro/devkitARM/bin/../lib/gcc/arm-none-eabi/12.2.0/../../../../arm-none-eabi/lib/armv6k/fpu/libg.a(lib_a-setvbuf.o)
                0x0000000000117f54                setvbuf
 .text.__sread  0x00000000001181b0       0x44 /opt/devkitpro/devkitARM/bin/../lib/gcc/arm-none-eabi/12.2.0/../../../../arm-none-eabi/lib/armv6k/fpu/libg.a(lib_a-stdio.o)
                0x00000000001181b0                __sread
 .text.__swrite
                0x00000000001181f4       0x68 /opt/devkitpro/devkitARM/bin/../lib/gcc/arm-none-eabi/12.2.0/../../../../arm-none-eabi/lib/armv6k/fpu/libg.a(lib_a-stdio.o)
                0x00000000001181f4                __swrite
 .text.__sseek  0x000000000011825c       0x44 /opt/devkitpro/devkitARM/bin/../lib/gcc/arm-none-eabi/12.2.0/../../../../arm-none-eabi/lib/armv6k/fpu/libg.a(lib_a-stdio.o)
                0x000000000011825c                __sseek
 .text.__sclose
                0x00000000001182a0        0x8 /opt/devkitpro/devkitARM/bin/../lib/gcc/arm-none-eabi/12.2.0/../../../../arm-none-eabi/lib/armv6k/fpu/libg.a(lib_a-stdio.o)
                0x00000000001182a0                __sclose
 .text.strchr   0x00000000001182a8      0x130 /opt/devkitpro/devkitARM/bin/../lib/gcc/arm-none-eabi/12.2.0/../../../../arm-none-eabi/lib/armv6k/fpu/libg.a(lib_a-strchr.o)
                0x00000000001182a8                strchr
 .text.strlen   0x00000000001183d8       0x5c /opt/devkitpro/devkitARM/bin/../lib/gcc/arm-none-eabi/12.2.0/../../../../arm-none-eabi/lib/armv6k/fpu/libg.a(lib_a-strlen-stub.o)
                0x00000000001183d8                strlen
 .text.strncat  0x0000000000118434       0xe4 /opt/devkitpro/devkitARM/bin/../lib/gcc/arm-none-eabi/12.2.0/../../../../arm-none-eabi/lib/armv6k/fpu/libg.a(lib_a-strncat.o)
                0x0000000000118434                strncat
 .text.strncmp  0x0000000000118518       0xe4 /opt/devkitpro/devkitARM/bin/../lib/gcc/arm-none-eabi/12.2.0/../../../../arm-none-eabi/lib/armv6k/fpu/libg.a(lib_a-strncmp.o)
                0x0000000000118518                strncmp
 .text.strncpy  0x00000000001185fc       0xc4 /opt/devkitpro/devkitARM/bin/../lib/gcc/arm-none-eabi/12.2.0/../../../../arm-none-eabi/lib/armv6k/fpu/libg.a(lib_a-strncpy.o)
                0x00000000001185fc                strncpy
 .text.strnlen  0x00000000001186c0       0x48 /opt/devkitpro/devkitARM/bin/../lib/gcc/arm-none-eabi/12.2.0/../../../../arm-none-eabi/lib/armv6k/fpu/libg.a(lib_a-strnlen.o)
                0x00000000001186c0                strnlen
 .text._strtoul_l.constprop.0
                0x0000000000118708      0x1c4 /opt/devkitpro/devkitARM/bin/../lib/gcc/arm-none-eabi/12.2.0/../../../../arm-none-eabi/lib/armv6k/fpu/libg.a(lib_a-strtoul.o)
 .text.strtoul  0x00000000001188cc       0x28 /opt/devkitpro/devkitARM/bin/../lib/gcc/arm-none-eabi/12.2.0/../../../../arm-none-eabi/lib/armv6k/fpu/libg.a(lib_a-strtoul.o)
                0x00000000001188cc                strtoul
 .text.time     0x00000000001188f4       0x3c /opt/devkitpro/devkitARM/bin/../lib/gcc/arm-none-eabi/12.2.0/../../../../arm-none-eabi/lib/armv6k/fpu/libg.a(lib_a-time.o)
                0x00000000001188f4                time
 .text._vsnprintf_r
                0x0000000000118930       0xa4 /opt/devkitpro/devkitARM/bin/../lib/gcc/arm-none-eabi/12.2.0/../../../../arm-none-eabi/lib/armv6k/fpu/libg.a(lib_a-vsnprintf.o)
                0x0000000000118930                _vsnprintf_r
 .text.vsnprintf
                0x00000000001189d4       0x38 /opt/devkitpro/devkitARM/bin/../lib/gcc/arm-none-eabi/12.2.0/../../../../arm-none-eabi/lib/armv6k/fpu/libg.a(lib_a-vsnprintf.o)
                0x00000000001189d4                vsnprintf
 .text.__call_exitprocs
                0x0000000000118a0c      0x114 /opt/devkitpro/devkitARM/bin/../lib/gcc/arm-none-eabi/12.2.0/../../../../arm-none-eabi/lib/armv6k/fpu/libg.a(lib_a-__call_atexit.o)
                0x0000000000118a0c                __call_exitprocs
 .text.__sflags
                0x0000000000118b20       0xc8 /opt/devkitpro/devkitARM/bin/../lib/gcc/arm-none-eabi/12.2.0/../../../../arm-none-eabi/lib/armv6k/fpu/libg.a(lib_a-flags.o)
                0x0000000000118b20                __sflags
 .text.memmove  0x0000000000118be8      0x150 /opt/devkitpro/devkitARM/bin/../lib/gcc/arm-none-eabi/12.2.0/../../../../arm-none-eabi/lib/armv6k/fpu/libg.a(lib_a-memmove.o)
                0x0000000000118be8                memmove
 .text.get_arg  0x0000000000118d38      0x66c /opt/devkitpro/devkitARM/bin/../lib/gcc/arm-none-eabi/12.2.0/../../../../arm-none-eabi/lib/armv6k/fpu/libg.a(lib_a-svfprintf.o)
 *fill*         0x00000000001193a4        0x4 
 .text._svfprintf_r
                0x00000000001193a8     0x3334 /opt/devkitpro/devkitARM/bin/../lib/gcc/arm-none-eabi/12.2.0/../../../../arm-none-eabi/lib/armv6k/fpu/libg.a(lib_a-svfprintf.o)
                0x00000000001193a8                _svfprintf_r
 .text._wcrtomb_r
                0x000000000011c6dc       0x54 /opt/devkitpro/devkitARM/bin/../lib/gcc/arm-none-eabi/12.2.0/../../../../arm-none-eabi/lib/armv6k/fpu/libg.a(lib_a-wcrtomb.o)
                0x000000000011c6dc                _wcrtomb_r
 .text._wcsrtombs_r
                0x000000000011c730       0x28 /opt/devkitpro/devkitARM/bin/../lib/gcc/arm-none-eabi/12.2.0/../../../../arm-none-eabi/lib/armv6k/fpu/libg.a(lib_a-wcsrtombs.o)
                0x000000000011c730                _wcsrtombs_r
 .text.quorem   0x000000000011c758      0x1b0 /opt/devkitpro/devkitARM/bin/../lib/gcc/arm-none-eabi/12.2.0/../../../../arm-none-eabi/lib/armv6k/fpu/libg.a(lib_a-dtoa.o)
 .text._dtoa_r  0x000000000011c908     0x11f8 /opt/devkitpro/devkitARM/bin/../lib/gcc/arm-none-eabi/12.2.0/../../../../arm-none-eabi/lib/armv6k/fpu/libg.a(lib_a-dtoa.o)
                0x000000000011c908                _dtoa_r
 .text._localeconv_r
                0x000000000011db00        0xc /opt/devkitpro/devkitARM/bin/../lib/gcc/arm-none-eabi/12.2.0/../../../../arm-none-eabi/lib/armv6k/fpu/libg.a(lib_a-localeconv.o)
                0x000000000011db00                _localeconv_r
 .text.__locale_mb_cur_max
                0x000000000011db0c       0x10 /opt/devkitpro/devkitARM/bin/../lib/gcc/arm-none-eabi/12.2.0/../../../../arm-none-eabi/lib/armv6k/fpu/libg.a(lib_a-locale.o)
                0x000000000011db0c                __locale_mb_cur_max
 .text.__utf8_mbtowc
                0x000000000011db1c      0x2f8 /opt/devkitpro/devkitARM/bin/../lib/gcc/arm-none-eabi/12.2.0/../../../../arm-none-eabi/lib/armv6k/fpu/libg.a(lib_a-mbtowc_r.o)
                0x000000000011db1c                __utf8_mbtowc
 .text.memchr   0x000000000011de14       0xe4 /opt/devkitpro/devkitARM/bin/../lib/gcc/arm-none-eabi/12.2.0/../../../../arm-none-eabi/lib/armv6k/fpu/libg.a(lib_a-memchr-stub.o)
                0x000000000011de14                memchr
 .text._Balloc  0x000000000011def8       0x88 /opt/devkitpro/devkitARM/bin/../lib/gcc/arm-none-eabi/12.2.0/../../../../arm-none-eabi/lib/armv6k/fpu/libg.a(lib_a-mprec.o)
                0x000000000011def8                _Balloc
 .text._Bfree   0x000000000011df80       0x1c /opt/devkitpro/devkitARM/bin/../lib/gcc/arm-none-eabi/12.2.0/../../../../arm-none-eabi/lib/armv6k/fpu/libg.a(lib_a-mprec.o)
                0x000000000011df80                _Bfree
 .text.__multadd
                0x000000000011df9c       0xf4 /opt/devkitpro/devkitARM/bin/../lib/gcc/arm-none-eabi/12.2.0/../../../../arm-none-eabi/lib/armv6k/fpu/libg.a(lib_a-mprec.o)
                0x000000000011df9c                __multadd
 .text.__hi0bits
                0x000000000011e090       0x60 /opt/devkitpro/devkitARM/bin/../lib/gcc/arm-none-eabi/12.2.0/../../../../arm-none-eabi/lib/armv6k/fpu/libg.a(lib_a-mprec.o)
                0x000000000011e090                __hi0bits
 .text.__lo0bits
                0x000000000011e0f0       0x9c /opt/devkitpro/devkitARM/bin/../lib/gcc/arm-none-eabi/12.2.0/../../../../arm-none-eabi/lib/armv6k/fpu/libg.a(lib_a-mprec.o)
                0x000000000011e0f0                __lo0bits
 .text.__i2b    0x000000000011e18c       0xa8 /opt/devkitpro/devkitARM/bin/../lib/gcc/arm-none-eabi/12.2.0/../../../../arm-none-eabi/lib/armv6k/fpu/libg.a(lib_a-mprec.o)
                0x000000000011e18c                __i2b
 .text.__multiply
                0x000000000011e234      0x204 /opt/devkitpro/devkitARM/bin/../lib/gcc/arm-none-eabi/12.2.0/../../../../arm-none-eabi/lib/armv6k/fpu/libg.a(lib_a-mprec.o)
                0x000000000011e234                __multiply
 .text.__pow5mult
                0x000000000011e438      0x124 /opt/devkitpro/devkitARM/bin/../lib/gcc/arm-none-eabi/12.2.0/../../../../arm-none-eabi/lib/armv6k/fpu/libg.a(lib_a-mprec.o)
                0x000000000011e438                __pow5mult
 .text.__lshift
                0x000000000011e55c      0x140 /opt/devkitpro/devkitARM/bin/../lib/gcc/arm-none-eabi/12.2.0/../../../../arm-none-eabi/lib/armv6k/fpu/libg.a(lib_a-mprec.o)
                0x000000000011e55c                __lshift