Archive member included to satisfy reference by file (symbol)

C:/devkitPro/libctru/lib\libctru.a(console.o)
                              main.o (consoleSelect)
C:/devkitPro/libctru/lib\libctru.a(gfx.o)
                              C:/devkitPro/libctru/lib\libctru.a(console.o) (gfxIsWide)
C:/devkitPro/libctru/lib\libctru.a(gspgpu.o)
                              C:/devkitPro/libctru/lib\libctru.a(gfx.o) (gspInit)
C:/devkitPro/libctru/lib\libctru.a(apt.o)
                              main.o (aptMainLoop)
C:/devkitPro/libctru/lib\libctru.a(hid.o)
                              main.o (hidScanInput)
C:/devkitPro/libctru/lib\libctru.a(ctru_init.o)
                              C:/devkitPro/libctru/lib\libctru.a(apt.o) (__system_retAddr)
C:/devkitPro/libctru/lib\libctru.a(initArgv.o)
                              C:/devkitPro/libctru/lib\libctru.a(ctru_init.o) (__system_initArgv)
C:/devkitPro/libctru/lib\libctru.a(svc.o)
                              C:/devkitPro/libctru/lib\libctru.a(apt.o) (svcSleepThread)
C:/devkitPro/libctru/lib\libctru.a(stack_adjust.o)
                              c:/devkitpro/devkitarm/bin/../lib/gcc/arm-none-eabi/11.1.0/../../../../arm-none-eabi/lib/armv6k/fpu/3dsx_crt0.o (initSystem)
C:/devkitPro/libctru/lib\libctru.a(default_font.bin.o)
                              C:/devkitPro/libctru/lib\libctru.a(console.o) (default_font_bin)
C:/devkitPro/libctru/lib\libctru.a(vram.o)
                              C:/devkitPro/libctru/lib\libctru.a(gfx.o) (vramAlloc)
C:/devkitPro/libctru/lib\libctru.a(linear.o)
                              C:/devkitPro/libctru/lib\libctru.a(gfx.o) (linearAlloc)
C:/devkitPro/libctru/lib\libctru.a(mem_pool.o)
                              C:/devkitPro/libctru/lib\libctru.a(vram.o) (MemPool::Allocate(MemChunk&, unsigned long, int))
C:/devkitPro/libctru/lib\libctru.a(synchronization.o)
                              C:/devkitPro/libctru/lib\libctru.a(ctru_init.o) (__sync_init)
C:/devkitPro/libctru/lib\libctru.a(os.o)
                              C:/devkitPro/libctru/lib\libctru.a(apt.o) (__ctru_speedup_config)
C:/devkitPro/libctru/lib\libctru.a(srv.o)
                              C:/devkitPro/libctru/lib\libctru.a(apt.o) (srvInit)
C:/devkitPro/libctru/lib\libctru.a(thread.o)
                              C:/devkitPro/libctru/lib\libctru.a(gspgpu.o) (threadCreate)
C:/devkitPro/libctru/lib\libctru.a(mappable.o)
                              C:/devkitPro/libctru/lib\libctru.a(gspgpu.o) (mappableAlloc)
C:/devkitPro/libctru/lib\libctru.a(irrst.o)
                              C:/devkitPro/libctru/lib\libctru.a(hid.o) (irrstInit)
C:/devkitPro/libctru/lib\libctru.a(srvpm.o)
                              C:/devkitPro/libctru/lib\libctru.a(srv.o) (srvPmGetSessionHandle)
C:/devkitPro/libctru/lib\libctru.a(ptmsysm.o)
                              C:/devkitPro/libctru/lib\libctru.a(os.o) (ptmSysmInit)
C:/devkitPro/libctru/lib\libctru.a(rbtree_init.o)
                              C:/devkitPro/libctru/lib\libctru.a(vram.o) (rbtree_init)
C:/devkitPro/libctru/lib\libctru.a(rbtree_insert.o)
                              C:/devkitPro/libctru/lib\libctru.a(vram.o) (rbtree_insert)
C:/devkitPro/libctru/lib\libctru.a(rbtree_rotate.o)
                              C:/devkitPro/libctru/lib\libctru.a(rbtree_insert.o) (rbtree_rotate)
C:/devkitPro/libctru/lib\libctru.a(rbtree_remove.o)
                              C:/devkitPro/libctru/lib\libctru.a(vram.o) (rbtree_remove)
C:/devkitPro/libctru/lib\libctru.a(rbtree_find.o)
                              C:/devkitPro/libctru/lib\libctru.a(vram.o) (rbtree_find)
C:/devkitPro/libctru/lib\libctru.a(appInit.o)
                              C:/devkitPro/libctru/lib\libctru.a(stack_adjust.o) (__appInit)
C:/devkitPro/libctru/lib\libctru.a(syscalls.o)
                              C:/devkitPro/libctru/lib\libctru.a(ctru_init.o) (__system_initSyscalls)
C:/devkitPro/libctru/lib\libctru.a(allocateHeaps.o)
                              C:/devkitPro/libctru/lib\libctru.a(ctru_init.o) (__system_allocateHeaps)
C:/devkitPro/libctru/lib\libctru.a(appExit.o)
                              C:/devkitPro/libctru/lib\libctru.a(stack_adjust.o) (__appExit)
C:/devkitPro/libctru/lib\libctru.a(ctru_exit.o)
                              C:/devkitPro/libctru/lib\libctru.a(stack_adjust.o) (__libctru_exit)
C:/devkitPro/libctru/lib\libctru.a(env.o)
                              C:/devkitPro/libctru/lib\libctru.a(srv.o) (envGetHandle)
C:/devkitPro/libctru/lib\libctru.a(archive_dev.o)
                              C:/devkitPro/libctru/lib\libctru.a(appInit.o) (archiveMountSdmc)
C:/devkitPro/libctru/lib\libctru.a(fs.o)
                              C:/devkitPro/libctru/lib\libctru.a(appInit.o) (fsInit)
C:/devkitPro/libctru/lib\libctru.a(rbtree_iterator.o)
                              C:/devkitPro/libctru/lib\libctru.a(rbtree_remove.o) (rbtree_node_next)
C:/devkitPro/libctru/lib\libctru.a(utf16_to_utf8.o)
[...]
Memory Configuration

Name             Origin             Length             Attributes
*default*        0x0000000000000000 0xffffffffffffffff

Linker script and memory map

                0x0000000000100000                PROVIDE (__start__ = 0x100000)
                0x0000000000100000                . = __start__

.text           0x0000000000100000    0x212cc
 *(.crt0)
 .crt0          0x0000000000100000       0x94 c:/devkitpro/devkitarm/bin/../lib/gcc/arm-none-eabi/11.1.0/../../../../arm-none-eabi/lib/armv6k/fpu/3dsx_crt0.o
                0x0000000000100000                _start
                0x0000000000100008                __service_ptr
                0x000000000010000c                __apt_appid
                0x0000000000100010                __heap_size
                0x0000000000100014                __linear_heap_size
                0x0000000000100018                __system_arglist
                0x000000000010001c                __system_runflags
 *(.init)
 .init          0x0000000000100094        0xc c:/devkitpro/devkitarm/bin/../lib/gcc/arm-none-eabi/11.1.0/armv6k/fpu/crti.o
                0x0000000000100094                _init
 .init          0x00000000001000a0        0xc c:/devkitpro/devkitarm/bin/../lib/gcc/arm-none-eabi/11.1.0/armv6k/fpu/crtn.o
                0x00000000001000ac                . = ALIGN (0x4)
 *(.text)
 .text          0x00000000001000ac      0x240 c:/devkitpro/devkitarm/bin/../lib/gcc/arm-none-eabi/11.1.0/armv6k/fpu\libgcc.a(_divsi3.o)
                0x00000000001000ac                __divsi3
                0x00000000001000ac                __aeabi_idiv
                0x00000000001002cc                __aeabi_idivmod
 .text          0x00000000001002ec        0x4 c:/devkitpro/devkitarm/bin/../lib/gcc/arm-none-eabi/11.1.0/armv6k/fpu\libgcc.a(_dvmd_tls.o)
                0x00000000001002ec                __aeabi_idiv0
                0x00000000001002ec                __aeabi_ldiv0
 .text          0x00000000001002f0       0xd4 c:/devkitpro/devkitarm/bin/../lib/gcc/arm-none-eabi/11.1.0/armv6k/fpu\libgcc.a(_aeabi_ldivmod.o)
                0x00000000001002f0                __aeabi_ldivmod
 .text          0x00000000001003c4       0x3c c:/devkitpro/devkitarm/bin/../lib/gcc/arm-none-eabi/11.1.0/armv6k/fpu\libgcc.a(_aeabi_uldivmod.o)
                0x00000000001003c4                __aeabi_uldivmod
 .text          0x0000000000100400      0x390 c:/devkitpro/devkitarm/bin/../lib/gcc/arm-none-eabi/11.1.0/../../../../arm-none-eabi/lib/armv6k/fpu\libg.a(lib_a-strcmp.o)
                0x0000000000100408                strcmp
 .text          0x0000000000100790      0x20c c:/devkitpro/devkitarm/bin/../lib/gcc/arm-none-eabi/11.1.0/armv6k/fpu\libgcc.a(_udivsi3.o)
                0x0000000000100790                __aeabi_uidiv
                0x0000000000100790                __udivsi3
                0x000000000010097c                __aeabi_uidivmod
 .text          0x000000000010099c      0x3c0 c:/devkitpro/devkitarm/bin/../lib/gcc/arm-none-eabi/11.1.0/armv6k/fpu\libgcc.a(_arm_addsubdf3.o)
                0x000000000010099c                __aeabi_drsub
                0x00000000001009a4                __aeabi_dsub
                0x00000000001009a4                __subdf3
                0x00000000001009a8                __aeabi_dadd
                0x00000000001009a8                __adddf3
                0x0000000000100c54                __floatunsidf
                0x0000000000100c54                __aeabi_ui2d
                0x0000000000100c78                __floatsidf
                0x0000000000100c78                __aeabi_i2d
                0x0000000000100ca0                __aeabi_f2d
                0x0000000000100ca0                __extendsfdf2
                0x0000000000100ce8                __floatundidf
                0x0000000000100ce8                __aeabi_ul2d
                0x0000000000100cfc                __floatdidf
                0x0000000000100cfc                __aeabi_l2d
 *(.text.*)
 .text.__do_global_dtors_aux
                0x0000000000100d5c       0x40 c:/devkitpro/devkitarm/bin/../lib/gcc/arm-none-eabi/11.1.0/armv6k/fpu/crtbegin.o
 .text.frame_dummy
                0x0000000000100d9c       0x2c c:/devkitpro/devkitarm/bin/../lib/gcc/arm-none-eabi/11.1.0/armv6k/fpu/crtbegin.o
 .text.startup.main
                0x0000000000100dc8      0x388 main.o
                0x0000000000100dc8                main
 .text.consoleSelect
                0x0000000000101150       0x18 C:/devkitPro/libctru/lib\libctru.a(console.o)
                0x0000000000101150                consoleSelect
 .text.consoleDrawChar
                0x0000000000101168      0x178 C:/devkitPro/libctru/lib\libctru.a(console.o)
                0x0000000000101168                consoleDrawChar
 .text.consolePrintChar
                0x00000000001012e0      0x124 C:/devkitPro/libctru/lib\libctru.a(console.o)
                0x00000000001012e0                consolePrintChar
 .text.con_write
                0x0000000000101404      0xa00 C:/devkitPro/libctru/lib\libctru.a(console.o)
                0x0000000000101404                con_write
 .text.consoleInit
                0x0000000000101e04      0x168 C:/devkitPro/libctru/lib\libctru.a(console.o)
                0x0000000000101e04                consoleInit
 .text.newRow   0x0000000000101f6c       0xf4 C:/devkitPro/libctru/lib\libctru.a(console.o)
 .text.consoleClear
                0x0000000000102060        0xc C:/devkitPro/libctru/lib\libctru.a(console.o)
                0x0000000000102060                consoleClear
 .text.gfxPresentFramebuffer
                0x000000000010206c       0xd0 C:/devkitPro/libctru/lib\libctru.a(gfx.o)
 .text.gfxIsWide
                0x000000000010213c       0x1c C:/devkitPro/libctru/lib\libctru.a(gfx.o)
                0x000000000010213c                gfxIsWide
 .text.gfxSetScreenFormat
                0x0000000000102158       0xec C:/devkitPro/libctru/lib\libctru.a(gfx.o)
                0x0000000000102158                gfxSetScreenFormat
 .text.gfxSetDoubleBuffering
                0x0000000000102244       0x10 C:/devkitPro/libctru/lib\libctru.a(gfx.o)
                0x0000000000102244                gfxSetDoubleBuffering
 .text.gfxInit  0x0000000000102254      0x108 C:/devkitPro/libctru/lib\libctru.a(gfx.o)
                0x0000000000102254                gfxInit
 .text.gfxInitDefault
                0x000000000010235c       0x10 C:/devkitPro/libctru/lib\libctru.a(gfx.o)
                0x000000000010235c                gfxInitDefault
 .text.gfxExit  0x000000000010236c       0xb4 C:/devkitPro/libctru/lib\libctru.a(gfx.o)
                0x000000000010236c                gfxExit
 .text.gfxGetFramebuffer
                0x0000000000102420       0xa0 C:/devkitPro/libctru/lib\libctru.a(gfx.o)
                0x0000000000102420                gfxGetFramebuffer
 .text.gfxFlushBuffers
                0x00000000001024c0      0x10c C:/devkitPro/libctru/lib\libctru.a(gfx.o)
                0x00000000001024c0                gfxFlushBuffers
 .text.gfxSwapBuffers
                0x00000000001025cc       0x50 C:/devkitPro/libctru/lib\libctru.a(gfx.o)
                0x00000000001025cc                gfxSwapBuffers
 .text.gfxSwapBuffersGpu
                0x000000000010261c       0x50 C:/devkitPro/libctru/lib\libctru.a(gfx.o)
                0x000000000010261c                gfxSwapBuffersGpu
 .text.gspHardwareInit
                0x000000000010266c      0xc58 C:/devkitPro/libctru/lib\libctru.a(gspgpu.o)
 .text.gspInit  0x00000000001032c4      0x254 C:/devkitPro/libctru/lib\libctru.a(gspgpu.o)
                0x00000000001032c4                gspInit
 .text.gspExit  0x0000000000103518       0xf0 C:/devkitPro/libctru/lib\libctru.a(gspgpu.o)
                0x0000000000103518                gspExit
 .text.gspHasGpuRight
                0x0000000000103608       0x10 C:/devkitPro/libctru/lib\libctru.a(gspgpu.o)
                0x0000000000103608                gspHasGpuRight
 .text.gspPresentBuffer
                0x0000000000103618       0x98 C:/devkitPro/libctru/lib\libctru.a(gspgpu.o)
                0x0000000000103618                gspPresentBuffer
 .text.gspWaitForEvent
                0x00000000001036b0       0x50 C:/devkitPro/libctru/lib\libctru.a(gspgpu.o)
                0x00000000001036b0                gspWaitForEvent
 .text.gxCmdQueueInterrupt
                0x0000000000103700        0x4 C:/devkitPro/libctru/lib\libctru.a(gspgpu.o)
                0x0000000000103700                gxCmdQueueInterrupt
 .text.gspEventThreadMain
                0x0000000000103704      0x160 C:/devkitPro/libctru/lib\libctru.a(gspgpu.o)
 .text.GSPGPU_FlushDataCache
                0x0000000000103864       0x50 C:/devkitPro/libctru/lib\libctru.a(gspgpu.o)
                0x0000000000103864                GSPGPU_FlushDataCache
 .text.GSPGPU_SetLcdForceBlack
                0x00000000001038b4       0x34 C:/devkitPro/libctru/lib\libctru.a(gspgpu.o)
                0x00000000001038b4                GSPGPU_SetLcdForceBlack
 .text.GSPGPU_AcquireRight
                0x00000000001038e8       0x68 C:/devkitPro/libctru/lib\libctru.a(gspgpu.o)
                0x00000000001038e8                GSPGPU_AcquireRight
 .text.GSPGPU_ReleaseRight
                0x0000000000103950       0x48 C:/devkitPro/libctru/lib\libctru.a(gspgpu.o)
                0x0000000000103950                GSPGPU_ReleaseRight
 .text.GSPGPU_ImportDisplayCaptureInfo
                0x0000000000103998       0x7c C:/devkitPro/libctru/lib\libctru.a(gspgpu.o)
                0x0000000000103998                GSPGPU_ImportDisplayCaptureInfo
 .text.GSPGPU_SaveVramSysArea
                0x0000000000103a14       0x2c C:/devkitPro/libctru/lib\libctru.a(gspgpu.o)
                0x0000000000103a14                GSPGPU_SaveVramSysArea
 .text.GSPGPU_RestoreVramSysArea
                0x0000000000103a40       0x2c C:/devkitPro/libctru/lib\libctru.a(gspgpu.o)
                0x0000000000103a40                GSPGPU_RestoreVramSysArea
 .text.aptConvertScreenForCapture
                0x0000000000103a6c      0x1b0 C:/devkitPro/libctru/lib\libctru.a(apt.o)
 .text.aptDspSleep
                0x0000000000103c1c        0x8 C:/devkitPro/libctru/lib\libctru.a(apt.o)
                0x0000000000103c1c                aptDspSleep
 .text.aptDspWakeup
                0x0000000000103c24        0x4 C:/devkitPro/libctru/lib\libctru.a(apt.o)
                0x0000000000103c24                aptDspWakeup
 .text.aptDspCancel
                0x0000000000103c28        0x4 C:/devkitPro/libctru/lib\libctru.a(apt.o)
                0x0000000000103c28                aptDspCancel
 .text.aptSendCommand
                0x0000000000103c2c      0x15c C:/devkitPro/libctru/lib\libctru.a(apt.o)
                0x0000000000103c2c                aptSendCommand
 .text.aptExitProcess
                0x0000000000103d88       0x38 C:/devkitPro/libctru/lib\libctru.a(apt.o)
 .text.aptExit  0x0000000000103dc0      0x2f0 C:/devkitPro/libctru/lib\libctru.a(apt.o)
                0x0000000000103dc0                aptExit
 .text.aptHandleSleep
                0x00000000001040b0       0xd8 C:/devkitPro/libctru/lib\libctru.a(apt.o)
                0x00000000001040b0                aptHandleSleep
 .text.APT_SleepIfShellClosed
                0x0000000000104188       0x84 C:/devkitPro/libctru/lib\libctru.a(apt.o)
                0x0000000000104188                APT_SleepIfShellClosed
 .text.aptSetSleepAllowed
                0x000000000010420c       0x84 C:/devkitPro/libctru/lib\libctru.a(apt.o)
                0x000000000010420c                aptSetSleepAllowed
 .text.APT_UnlockTransition
                0x0000000000104290       0x84 C:/devkitPro/libctru/lib\libctru.a(apt.o)
                0x0000000000104290                APT_UnlockTransition
 *fill*         0x0000000000104314        0x4 
 .text.aptEventHandler
                0x0000000000104318      0x484 C:/devkitPro/libctru/lib\libctru.a(apt.o)
 .text.APT_ReceiveParameter
                0x000000000010479c       0xb0 C:/devkitPro/libctru/lib\libctru.a(apt.o)
                0x000000000010479c                APT_ReceiveParameter
 .text.aptReceiveParameter.constprop.0
                0x000000000010484c       0xb0 C:/devkitPro/libctru/lib\libctru.a(apt.o)
 *fill*         0x00000000001048fc        0x4 
 .text.aptScreenTransfer
                0x0000000000104900      0x2bc C:/devkitPro/libctru/lib\libctru.a(apt.o)
 .text.aptWaitForWakeUp.isra.0
                0x0000000000104bbc      0x2d0 C:/devkitPro/libctru/lib\libctru.a(apt.o)
 .text.aptJumpToHomeMenu
                0x0000000000104e8c       0xf8 C:/devkitPro/libctru/lib\libctru.a(apt.o)
                0x0000000000104e8c                aptJumpToHomeMenu
 .text.aptMainLoop
                0x0000000000104f84       0x4c C:/devkitPro/libctru/lib\libctru.a(apt.o)
                0x0000000000104f84                aptMainLoop
 .text.aptInit  0x0000000000104fd0      0x234 C:/devkitPro/libctru/lib\libctru.a(apt.o)
                0x0000000000104fd0                aptInit
 .text.APT_CheckNew3DS
                0x0000000000105204       0x7c C:/devkitPro/libctru/lib\libctru.a(apt.o)
                0x0000000000105204                APT_CheckNew3DS
 .text.hidShouldUseIrrst
                0x0000000000105280       0x24 C:/devkitPro/libctru/lib\libctru.a(hid.o)
                0x0000000000105280                hidShouldUseIrrst
 .text.hidInit  0x00000000001052a4      0x18c C:/devkitPro/libctru/lib\libctru.a(hid.o)
                0x00000000001052a4                hidInit
 .text.hidExit  0x0000000000105430       0xe8 C:/devkitPro/libctru/lib\libctru.a(hid.o)
                0x0000000000105430                hidExit
 .text.hidScanInput
                0x0000000000105518      0x294 C:/devkitPro/libctru/lib\libctru.a(hid.o)
                0x0000000000105518                hidScanInput
 .text.hidKeysHeld
                0x00000000001057ac       0x10 C:/devkitPro/libctru/lib\libctru.a(hid.o)
                0x00000000001057ac                hidKeysHeld
 .text.hidKeysDown
                0x00000000001057bc       0x10 C:/devkitPro/libctru/lib\libctru.a(hid.o)
                0x00000000001057bc                hidKeysDown
 .text.hidKeysUp
                0x00000000001057cc       0x10 C:/devkitPro/libctru/lib\libctru.a(hid.o)
                0x00000000001057cc                hidKeysUp
 .text.hidTouchRead
                0x00000000001057dc       0x18 C:/devkitPro/libctru/lib\libctru.a(hid.o)
                0x00000000001057dc                hidTouchRead
 .text.hidCircleRead
                0x00000000001057f4       0x18 C:/devkitPro/libctru/lib\libctru.a(hid.o)
                0x00000000001057f4                hidCircleRead
 .text.__libctru_init
                0x000000000010580c       0x38 C:/devkitPro/libctru/lib\libctru.a(ctru_init.o)
                0x000000000010580c                __libctru_init
 .text.__system_initArgv
                0x0000000000105844       0xf0 C:/devkitPro/libctru/lib\libctru.a(initArgv.o)
                0x0000000000105844                __system_initArgv
 .text.svcControlMemory
                0x0000000000105934       0x20 C:/devkitPro/libctru/lib\libctru.a(svc.o)
                0x0000000000105934                svcControlMemory
 .text.svcQueryMemory
                0x0000000000105954       0x30 C:/devkitPro/libctru/lib\libctru.a(svc.o)
                0x0000000000105954                svcQueryMemory
 .text.svcExitProcess
                0x0000000000105984        0x8 C:/devkitPro/libctru/lib\libctru.a(svc.o)
                0x0000000000105984                svcExitProcess
 .text.svcCreateThread
                0x000000000010598c       0x20 C:/devkitPro/libctru/lib\libctru.a(svc.o)
                0x000000000010598c                svcCreateThread
 .text.svcExitThread
                0x00000000001059ac        0x8 C:/devkitPro/libctru/lib\libctru.a(svc.o)
                0x00000000001059ac                svcExitThread
 .text.svcSleepThread
                0x00000000001059b4        0x8 C:/devkitPro/libctru/lib\libctru.a(svc.o)
                0x00000000001059b4                svcSleepThread
 .text.svcReleaseMutex
                0x00000000001059bc        0x8 C:/devkitPro/libctru/lib\libctru.a(svc.o)
                0x00000000001059bc                svcReleaseMutex
 .text.svcCreateEvent
                0x00000000001059c4       0x14 C:/devkitPro/libctru/lib\libctru.a(svc.o)
                0x00000000001059c4                svcCreateEvent
 .text.svcSignalEvent
                0x00000000001059d8        0x8 C:/devkitPro/libctru/lib\libctru.a(svc.o)
                0x00000000001059d8                svcSignalEvent
 .text.svcClearEvent
                0x00000000001059e0        0x8 C:/devkitPro/libctru/lib\libctru.a(svc.o)
                0x00000000001059e0                svcClearEvent
 .text.svcMapMemoryBlock
                0x00000000001059e8        0x8 C:/devkitPro/libctru/lib\libctru.a(svc.o)
                0x00000000001059e8                svcMapMemoryBlock
 .text.svcUnmapMemoryBlock
                0x00000000001059f0        0x8 C:/devkitPro/libctru/lib\libctru.a(svc.o)
                0x00000000001059f0                svcUnmapMemoryBlock
 .text.svcCreateAddressArbiter
                0x00000000001059f8       0x14 C:/devkitPro/libctru/lib\libctru.a(svc.o)
                0x00000000001059f8                svcCreateAddressArbiter
 .text.svcArbitrateAddressNoTimeout
                0x0000000000105a0c        0x8 C:/devkitPro/libctru/lib\libctru.a(svc.o)
                0x0000000000105a0c                svcArbitrateAddressNoTimeout
 .text.svcCloseHandle
                0x0000000000105a14        0x8 C:/devkitPro/libctru/lib\libctru.a(svc.o)
                0x0000000000105a14                svcCloseHandle
 .text.svcWaitSynchronization
                0x0000000000105a1c        0x8 C:/devkitPro/libctru/lib\libctru.a(svc.o)
                0x0000000000105a1c                svcWaitSynchronization
 .text.svcWaitSynchronizationN
                0x0000000000105a24       0x28 C:/devkitPro/libctru/lib\libctru.a(svc.o)
                0x0000000000105a24                svcWaitSynchronizationN
 .text.svcDuplicateHandle
                0x0000000000105a4c       0x14 C:/devkitPro/libctru/lib\libctru.a(svc.o)
                0x0000000000105a4c                svcDuplicateHandle
 .text.svcGetSystemTick
                0x0000000000105a60        0x8 C:/devkitPro/libctru/lib\libctru.a(svc.o)
                0x0000000000105a60                svcGetSystemTick
 .text.svcConnectToPort
                0x0000000000105a68       0x14 C:/devkitPro/libctru/lib\libctru.a(svc.o)
                0x0000000000105a68                svcConnectToPort
 .text.svcSendSyncRequest
                0x0000000000105a7c        0x8 C:/devkitPro/libctru/lib\libctru.a(svc.o)
                0x0000000000105a7c                svcSendSyncRequest
 .text.svcGetResourceLimit
                0x0000000000105a84       0x14 C:/devkitPro/libctru/lib\libctru.a(svc.o)
                0x0000000000105a84                svcGetResourceLimit
 .text.svcGetResourceLimitLimitValues
                0x0000000000105a98        0x8 C:/devkitPro/libctru/lib\libctru.a(svc.o)
                0x0000000000105a98                svcGetResourceLimitLimitValues
 .text.svcGetResourceLimitCurrentValues
                0x0000000000105aa0        0x8 C:/devkitPro/libctru/lib\libctru.a(svc.o)
                0x0000000000105aa0                svcGetResourceLimitCurrentValues
 .text.svcBreak
                0x0000000000105aa8        0x8 C:/devkitPro/libctru/lib\libctru.a(svc.o)
                0x0000000000105aa8                svcBreak
 .text.initSystem
                0x0000000000105ab0       0x50 C:/devkitPro/libctru/lib\libctru.a(stack_adjust.o)
                0x0000000000105ab0                initSystem
 .text.__ctru_exit
                0x0000000000105b00       0x18 C:/devkitPro/libctru/lib\libctru.a(stack_adjust.o)
                0x0000000000105b00                __ctru_exit
 .text._ZL21addrMapNodeComparatorPK11rbtree_nodeS1_
                0x0000000000105b18       0x24 C:/devkitPro/libctru/lib\libctru.a(vram.o)
 .text._ZL21addrMapNodeDestructorP11rbtree_node
                0x0000000000105b3c        0x4 C:/devkitPro/libctru/lib\libctru.a(vram.o)
 .text.vramMemAlign
                0x0000000000105b40      0x114 C:/devkitPro/libctru/lib\libctru.a(vram.o)
                0x0000000000105b40                vramMemAlign
 .text.vramAlloc
                0x0000000000105c54        0x8 C:/devkitPro/libctru/lib\libctru.a(vram.o)
                0x0000000000105c54                vramAlloc
 .text.vramFree
                0x0000000000105c5c       0x5c C:/devkitPro/libctru/lib\libctru.a(vram.o)
                0x0000000000105c5c                vramFree
 .text._ZL21addrMapNodeComparatorPK11rbtree_nodeS1_
                0x0000000000105cb8       0x24 C:/devkitPro/libctru/lib\libctru.a(linear.o)
 .text._ZL21addrMapNodeDestructorP11rbtree_node
                0x0000000000105cdc        0x4 C:/devkitPro/libctru/lib\libctru.a(linear.o)
 .text.linearMemAlign
                0x0000000000105ce0      0x120 C:/devkitPro/libctru/lib\libctru.a(linear.o)
                0x0000000000105ce0                linearMemAlign
 .text.linearAlloc
                0x0000000000105e00        0x8 C:/devkitPro/libctru/lib\libctru.a(linear.o)
                0x0000000000105e00                linearAlloc
 .text.linearFree
                0x0000000000105e08       0x5c C:/devkitPro/libctru/lib\libctru.a(linear.o)
                0x0000000000105e08                linearFree
 .text._ZN7MemPool13CoalesceRightEP8MemBlock
                0x0000000000105e64       0x84 C:/devkitPro/libctru/lib\libctru.a(mem_pool.o)
                0x0000000000105e64                MemPool::CoalesceRight(MemBlock*)
 .text._ZN7MemPool8AllocateER8MemChunkmi
                0x0000000000105ee8      0x170 C:/devkitPro/libctru/lib\libctru.a(mem_pool.o)
                0x0000000000105ee8                MemPool::Allocate(MemChunk&, unsigned long, int)
 .text._ZN7MemPool10DeallocateERK8MemChunk
                0x0000000000106058       0xfc C:/devkitPro/libctru/lib\libctru.a(mem_pool.o)
                0x0000000000106058                MemPool::Deallocate(MemChunk const&)
 .text.__sync_init
                0x0000000000106154        0xc C:/devkitPro/libctru/lib\libctru.a(synchronization.o)
                0x0000000000106154                __sync_init
 .text.__sync_fini
                0x0000000000106160       0x18 C:/devkitPro/libctru/lib\libctru.a(synchronization.o)
                0x0000000000106160                __sync_fini
 .text.syncArbitrateAddress
                0x0000000000106178       0x2c C:/devkitPro/libctru/lib\libctru.a(synchronization.o)
                0x0000000000106178                syncArbitrateAddress
 .text.LightLock_Init
                0x00000000001061a4       0x1c C:/devkitPro/libctru/lib\libctru.a(synchronization.o)
                0x00000000001061a4                LightLock_Init
 .text.LightLock_Lock
                0x00000000001061c0       0x94 C:/devkitPro/libctru/lib\libctru.a(synchronization.o)
                0x00000000001061c0                LightLock_Lock
 .text.LightLock_TryLock
                0x0000000000106254       0x44 C:/devkitPro/libctru/lib\libctru.a(synchronization.o)
                0x0000000000106254                LightLock_TryLock
 .text.LightLock_Unlock
                0x0000000000106298       0x40 C:/devkitPro/libctru/lib\libctru.a(synchronization.o)
                0x0000000000106298                LightLock_Unlock
 .text.RecursiveLock_Init
                0x00000000001062d8       0x24 C:/devkitPro/libctru/lib\libctru.a(synchronization.o)
                0x00000000001062d8                RecursiveLock_Init
 .text.RecursiveLock_Lock
                0x00000000001062fc       0x30 C:/devkitPro/libctru/lib\libctru.a(synchronization.o)
                0x00000000001062fc                RecursiveLock_Lock
 .text.RecursiveLock_TryLock
                0x000000000010632c       0x78 C:/devkitPro/libctru/lib\libctru.a(synchronization.o)
                0x000000000010632c                RecursiveLock_TryLock
 .text.RecursiveLock_Unlock
                0x00000000001063a4       0x54 C:/devkitPro/libctru/lib\libctru.a(synchronization.o)
                0x00000000001063a4                RecursiveLock_Unlock
 .text.LightEvent_Init
                0x00000000001063f8       0x40 C:/devkitPro/libctru/lib\libctru.a(synchronization.o)
                0x00000000001063f8                LightEvent_Init
 .text.LightEvent_Clear
                0x0000000000106438       0xa4 C:/devkitPro/libctru/lib\libctru.a(synchronization.o)
                0x0000000000106438                LightEvent_Clear
 .text.LightEvent_Signal
                0x00000000001064dc       0xc8 C:/devkitPro/libctru/lib\libctru.a(synchronization.o)
                0x00000000001064dc                LightEvent_Signal
 .text.LightEvent_TryWait
                0x00000000001065a4       0x58 C:/devkitPro/libctru/lib\libctru.a(synchronization.o)
                0x00000000001065a4                LightEvent_TryWait
 .text.LightEvent_Wait
                0x00000000001065fc       0xb0 C:/devkitPro/libctru/lib\libctru.a(synchronization.o)
                0x00000000001065fc                LightEvent_Wait
 .text.osGetTimeRef
                0x00000000001066ac       0x54 C:/devkitPro/libctru/lib\libctru.a(os.o)
                0x00000000001066ac                osGetTimeRef
 .text.osGetTime
                0x0000000000106700       0xe4 C:/devkitPro/libctru/lib\libctru.a(os.o)
                0x0000000000106700                osGetTime
 .text.__libctru_gtod
                0x00000000001067e4       0x74 C:/devkitPro/libctru/lib\libctru.a(os.o)
                0x00000000001067e4                __libctru_gtod
 .text.__ctru_speedup_config
                0x0000000000106858       0x34 C:/devkitPro/libctru/lib\libctru.a(os.o)
                0x0000000000106858                __ctru_speedup_config
 .text.srvInit  0x000000000010688c      0x124 C:/devkitPro/libctru/lib\libctru.a(srv.o)
                0x000000000010688c                srvInit
 .text.srvExit  0x00000000001069b0       0x58 C:/devkitPro/libctru/lib\libctru.a(srv.o)
                0x00000000001069b0                srvExit
 .text.srvGetServiceHandleDirect
                0x0000000000106a08       0x80 C:/devkitPro/libctru/lib\libctru.a(srv.o)
                0x0000000000106a08                srvGetServiceHandleDirect
 .text.srvGetServiceHandle
                0x0000000000106a88       0x48 C:/devkitPro/libctru/lib\libctru.a(srv.o)
                0x0000000000106a88                srvGetServiceHandle
 .text.srvPublishToSubscriber
                0x0000000000106ad0       0x38 C:/devkitPro/libctru/lib\libctru.a(srv.o)
                0x0000000000106ad0                srvPublishToSubscriber
 .text.threadCreate
                0x0000000000106b08      0x188 C:/devkitPro/libctru/lib\libctru.a(thread.o)
                0x0000000000106b08                threadCreate
 .text.threadFree
                0x0000000000106c90       0x2c C:/devkitPro/libctru/lib\libctru.a(thread.o)
                0x0000000000106c90                threadFree
 .text.threadJoin
                0x0000000000106cbc       0x24 C:/devkitPro/libctru/lib\libctru.a(thread.o)
                0x0000000000106cbc                threadJoin
 .text.threadGetCurrent
                0x0000000000106ce0       0x30 C:/devkitPro/libctru/lib\libctru.a(thread.o)
                0x0000000000106ce0                threadGetCurrent
 .text.threadExit
                0x0000000000106d10       0x40 C:/devkitPro/libctru/lib\libctru.a(thread.o)
                0x0000000000106d10                threadExit
 .text._thread_begin
                0x0000000000106d50       0x44 C:/devkitPro/libctru/lib\libctru.a(thread.o)
 .text.mappableFindAddressWithin
                0x0000000000106d94       0x94 C:/devkitPro/libctru/lib\libctru.a(mappable.o)
 .text.mappableInit
                0x0000000000106e28       0x28 C:/devkitPro/libctru/lib\libctru.a(mappable.o)
                0x0000000000106e28                mappableInit
 .text.mappableAlloc
                0x0000000000106e50       0x80 C:/devkitPro/libctru/lib\libctru.a(mappable.o)
                0x0000000000106e50                mappableAlloc
 .text.mappableFree
                0x0000000000106ed0        0x4 C:/devkitPro/libctru/lib\libctru.a(mappable.o)
                0x0000000000106ed0                mappableFree
 .text.irrstInit
                0x0000000000106ed4      0x160 C:/devkitPro/libctru/lib\libctru.a(irrst.o)
                0x0000000000106ed4                irrstInit
 .text.irrstExit
                0x0000000000107034       0xcc C:/devkitPro/libctru/lib\libctru.a(irrst.o)
                0x0000000000107034                irrstExit
 .text.irrstScanInput
                0x0000000000107100       0xb0 C:/devkitPro/libctru/lib\libctru.a(irrst.o)
                0x0000000000107100                irrstScanInput
 .text.irrstKeysHeld
                0x00000000001071b0       0x24 C:/devkitPro/libctru/lib\libctru.a(irrst.o)
                0x00000000001071b0                irrstKeysHeld
 .text.srvPmGetSessionHandle
                0x00000000001071d4        0xc C:/devkitPro/libctru/lib\libctru.a(srvpm.o)
                0x00000000001071d4                srvPmGetSessionHandle
 .text.ptmSysmInit
                0x00000000001071e0       0x74 C:/devkitPro/libctru/lib\libctru.a(ptmsysm.o)
                0x00000000001071e0                ptmSysmInit
 .text.ptmSysmExit
                0x0000000000107254       0x3c C:/devkitPro/libctru/lib\libctru.a(ptmsysm.o)
                0x0000000000107254                ptmSysmExit
 .text.PTMSYSM_ConfigureNew3DSCPU
                0x0000000000107290       0x34 C:/devkitPro/libctru/lib\libctru.a(ptmsysm.o)
                0x0000000000107290                PTMSYSM_ConfigureNew3DSCPU
 .text.rbtree_init
                0x00000000001072c4       0x10 C:/devkitPro/libctru/lib\libctru.a(rbtree_init.o)
                0x00000000001072c4                rbtree_init
 .text.do_insert
                0x00000000001072d4      0x1a0 C:/devkitPro/libctru/lib\libctru.a(rbtree_insert.o)
 .text.rbtree_insert
                0x0000000000107474        0x8 C:/devkitPro/libctru/lib\libctru.a(rbtree_insert.o)
                0x0000000000107474                rbtree_insert
 .text.rbtree_rotate
                0x000000000010747c       0x90 C:/devkitPro/libctru/lib\libctru.a(rbtree_rotate.o)
                0x000000000010747c                rbtree_rotate
 .text.rbtree_remove
                0x000000000010750c      0x338 C:/devkitPro/libctru/lib\libctru.a(rbtree_remove.o)
                0x000000000010750c                rbtree_remove
 .text.rbtree_find
                0x0000000000107844       0x74 C:/devkitPro/libctru/lib\libctru.a(rbtree_find.o)
                0x0000000000107844                rbtree_find
 .text.__appInit
                0x00000000001078b8       0x30 C:/devkitPro/libctru/lib\libctru.a(appInit.o)
                0x00000000001078b8                __appInit
 .text.__libctru_nanosleep
                0x00000000001078e8       0x30 C:/devkitPro/libctru/lib\libctru.a(syscalls.o)
 .text.__libctru_get_reent
                0x0000000000107918       0x30 C:/devkitPro/libctru/lib\libctru.a(syscalls.o)
 .text.__system_initSyscalls
                0x0000000000107948       0xf8 C:/devkitPro/libctru/lib\libctru.a(syscalls.o)
                0x0000000000107948                __system_initSyscalls
 .text.__system_allocateHeaps
                0x0000000000107a40      0x1e0 C:/devkitPro/libctru/lib\libctru.a(allocateHeaps.o)
                0x0000000000107a40                __system_allocateHeaps
 .text.__appExit
                0x0000000000107c20       0x30 C:/devkitPro/libctru/lib\libctru.a(appExit.o)
                0x0000000000107c20                __appExit
 .text.__libctru_exit
                0x0000000000107c50       0x90 C:/devkitPro/libctru/lib\libctru.a(ctru_exit.o)
                0x0000000000107c50                __libctru_exit
 .text.envGetHandle
                0x0000000000107ce0       0x84 C:/devkitPro/libctru/lib\libctru.a(env.o)
                0x0000000000107ce0                envGetHandle
 .text.envDestroyHandles
                0x0000000000107d64       0x50 C:/devkitPro/libctru/lib\libctru.a(env.o)
                0x0000000000107d64                envDestroyHandles
 .text.archive_link
                0x0000000000107db4       0x14 C:/devkitPro/libctru/lib\libctru.a(archive_dev.o)
 .text.archive_dirreset
                0x0000000000107dc8       0x14 C:/devkitPro/libctru/lib\libctru.a(archive_dev.o)
 .text.archive_chmod
                0x0000000000107ddc       0x14 C:/devkitPro/libctru/lib\libctru.a(archive_dev.o)
 .text.error_cmp
                0x0000000000107df0       0x24 C:/devkitPro/libctru/lib\libctru.a(archive_dev.o)
 .text.archive_translate_error
                0x0000000000107e14       0x50 C:/devkitPro/libctru/lib\libctru.a(archive_dev.o)
 .text.archive_seek
                0x0000000000107e64       0xd4 C:/devkitPro/libctru/lib\libctru.a(archive_dev.o)
 .text._archiveInit.part.0
                0x0000000000107f38       0x7c C:/devkitPro/libctru/lib\libctru.a(archive_dev.o)
 .text.archiveFindDevice.part.0
                0x0000000000107fb4       0x8c C:/devkitPro/libctru/lib\libctru.a(archive_dev.o)
 .text.archive_utf16path
                0x0000000000108040      0x294 C:/devkitPro/libctru/lib\libctru.a(archive_dev.o)
 .text._archiveUnmountDeviceStruct.part.0
                0x00000000001082d4       0xa0 C:/devkitPro/libctru/lib\libctru.a(archive_dev.o)
 .text.archive_fchmod
                0x0000000000108374       0x14 C:/devkitPro/libctru/lib\libctru.a(archive_dev.o)
 .text.archive_statvfs
                0x0000000000108388       0x14 C:/devkitPro/libctru/lib\libctru.a(archive_dev.o)
 .text._archiveMountDevice
                0x000000000010839c      0x158 C:/devkitPro/libctru/lib\libctru.a(archive_dev.o)
 .text.archive_diropen
                0x00000000001084f4       0xe8 C:/devkitPro/libctru/lib\libctru.a(archive_dev.o)
 .text.archive_fstat
                0x00000000001085dc       0xa4 C:/devkitPro/libctru/lib\libctru.a(archive_dev.o)
 .text.archive_close
                0x0000000000108680       0x6c C:/devkitPro/libctru/lib\libctru.a(archive_dev.o)
 .text.archive_fsync
                0x00000000001086ec       0x6c C:/devkitPro/libctru/lib\libctru.a(archive_dev.o)
 .text.archive_dirclose
                0x0000000000108758       0x70 C:/devkitPro/libctru/lib\libctru.a(archive_dev.o)
 .text.sdmc_statvfs
                0x00000000001087c8       0xe8 C:/devkitPro/libctru/lib\libctru.a(archive_dev.o)
 .text.archive_ftruncate
                0x00000000001088b0       0x80 C:/devkitPro/libctru/lib\libctru.a(archive_dev.o)
 .text.archive_chdir
                0x0000000000108930       0xfc C:/devkitPro/libctru/lib\libctru.a(archive_dev.o)
 .text.archive_read
                0x0000000000108a2c       0xb0 C:/devkitPro/libctru/lib\libctru.a(archive_dev.o)
 .text.archive_unlink
                0x0000000000108adc       0xac C:/devkitPro/libctru/lib\libctru.a(archive_dev.o)
 .text.archive_rmdir
                0x0000000000108b88       0xc8 C:/devkitPro/libctru/lib\libctru.a(archive_dev.o)
 .text.archive_mkdir
                0x0000000000108c50       0xec C:/devkitPro/libctru/lib\libctru.a(archive_dev.o)
 .text.archive_stat
                0x0000000000108d3c      0x1a8 C:/devkitPro/libctru/lib\libctru.a(archive_dev.o)
 .text.archive_rename
                0x0000000000108ee4      0x184 C:/devkitPro/libctru/lib\libctru.a(archive_dev.o)
 .text.archive_dirnext
                0x0000000000109068      0x168 C:/devkitPro/libctru/lib\libctru.a(archive_dev.o)
 .text.archive_write
                0x00000000001091d0      0x12c C:/devkitPro/libctru/lib\libctru.a(archive_dev.o)
 .text.archive_open
                0x00000000001092fc      0x1f0 C:/devkitPro/libctru/lib\libctru.a(archive_dev.o)
 .text.archiveMountSdmc
                0x00000000001094ec      0x1a4 C:/devkitPro/libctru/lib\libctru.a(archive_dev.o)
                0x00000000001094ec                archiveMountSdmc
 .text.archiveUnmountAll
                0x0000000000109690       0x54 C:/devkitPro/libctru/lib\libctru.a(archive_dev.o)
                0x0000000000109690                archiveUnmountAll
 .text.fsInit   0x00000000001096e4       0xc8 C:/devkitPro/libctru/lib\libctru.a(fs.o)
                0x00000000001096e4                fsInit
 .text.fsExit   0x00000000001097ac       0x3c C:/devkitPro/libctru/lib\libctru.a(fs.o)
                0x00000000001097ac                fsExit
 .text.fsExemptFromSession
                0x00000000001097e8       0x60 C:/devkitPro/libctru/lib\libctru.a(fs.o)
                0x00000000001097e8                fsExemptFromSession
 .text.fsUnexemptFromSession
                0x0000000000109848       0x50 C:/devkitPro/libctru/lib\libctru.a(fs.o)
                0x0000000000109848                fsUnexemptFromSession
 .text.FSUSER_OpenFile
                0x0000000000109898       0xcc C:/devkitPro/libctru/lib\libctru.a(fs.o)
                0x0000000000109898                FSUSER_OpenFile
 .text.FSUSER_DeleteFile
                0x0000000000109964       0xbc C:/devkitPro/libctru/lib\libctru.a(fs.o)
                0x0000000000109964                FSUSER_DeleteFile
 .text.FSUSER_RenameFile
                0x0000000000109a20       0xf8 C:/devkitPro/libctru/lib\libctru.a(fs.o)
                0x0000000000109a20                FSUSER_RenameFile
 .text.FSUSER_DeleteDirectory
                0x0000000000109b18       0xbc C:/devkitPro/libctru/lib\libctru.a(fs.o)
                0x0000000000109b18                FSUSER_DeleteDirectory
 .text.FSUSER_CreateFile
                0x0000000000109bd4       0xd4 C:/devkitPro/libctru/lib\libctru.a(fs.o)
                0x0000000000109bd4                FSUSER_CreateFile
 .text.FSUSER_CreateDirectory
                0x0000000000109ca8       0xc4 C:/devkitPro/libctru/lib\libctru.a(fs.o)
                0x0000000000109ca8                FSUSER_CreateDirectory
 .text.FSUSER_RenameDirectory
                0x0000000000109d6c       0xf8 C:/devkitPro/libctru/lib\libctru.a(fs.o)
                0x0000000000109d6c                FSUSER_RenameDirectory
 .text.FSUSER_OpenDirectory
                0x0000000000109e64       0xb4 C:/devkitPro/libctru/lib\libctru.a(fs.o)
                0x0000000000109e64                FSUSER_OpenDirectory
 .text.FSUSER_OpenArchive
                0x0000000000109f18       0x94 C:/devkitPro/libctru/lib\libctru.a(fs.o)
                0x0000000000109f18                FSUSER_OpenArchive
 .text.FSUSER_CloseArchive
                0x0000000000109fac       0x8c C:/devkitPro/libctru/lib\libctru.a(fs.o)
                0x0000000000109fac                FSUSER_CloseArchive
 .text.FSUSER_GetSdmcArchiveResource
                0x000000000010a038       0x74 C:/devkitPro/libctru/lib\libctru.a(fs.o)
                0x000000000010a038                FSUSER_GetSdmcArchiveResource
 .text.FSUSER_IsSdmcWritable
                0x000000000010a0ac       0x64 C:/devkitPro/libctru/lib\libctru.a(fs.o)
                0x000000000010a0ac                FSUSER_IsSdmcWritable
 .text.FSFILE_Read
                0x000000000010a110       0x58 C:/devkitPro/libctru/lib\libctru.a(fs.o)
                0x000000000010a110                FSFILE_Read
 .text.FSFILE_Write
                0x000000000010a168       0x60 C:/devkitPro/libctru/lib\libctru.a(fs.o)
                0x000000000010a168                FSFILE_Write
 .text.FSFILE_GetSize
                0x000000000010a1c8       0x38 C:/devkitPro/libctru/lib\libctru.a(fs.o)
                0x000000000010a1c8                FSFILE_GetSize
 .text.FSFILE_SetSize
                0x000000000010a200       0x28 C:/devkitPro/libctru/lib\libctru.a(fs.o)
                0x000000000010a200                FSFILE_SetSize
 .text.FSFILE_Close
                0x000000000010a228       0x3c C:/devkitPro/libctru/lib\libctru.a(fs.o)
                0x000000000010a228                FSFILE_Close
 .text.FSFILE_Flush
                0x000000000010a264       0x24 C:/devkitPro/libctru/lib\libctru.a(fs.o)
                0x000000000010a264                FSFILE_Flush
 .text.FSDIR_Read
                0x000000000010a288       0x50 C:/devkitPro/libctru/lib\libctru.a(fs.o)
                0x000000000010a288                FSDIR_Read
 .text.FSDIR_Close
                0x000000000010a2d8       0x3c C:/devkitPro/libctru/lib\libctru.a(fs.o)
                0x000000000010a2d8                FSDIR_Close
 .text.rbtree_node_next
                0x000000000010a314       0x50 C:/devkitPro/libctru/lib\libctru.a(rbtree_iterator.o)
                0x000000000010a314                rbtree_node_next
 .text.utf16_to_utf8
                0x000000000010a364       0xe8 C:/devkitPro/libctru/lib\libctru.a(utf16_to_utf8.o)
                0x000000000010a364                utf16_to_utf8
 .text.decode_utf16
                0x000000000010a44c       0x64 C:/devkitPro/libctru/lib\libctru.a(decode_utf16.o)
                0x000000000010a44c                decode_utf16
 .text.decode_utf8
                0x000000000010a4b0      0x13c C:/devkitPro/libctru/lib\libctru.a(decode_utf8.o)
                0x000000000010a4b0                decode_utf8
 .text.utf8_to_utf16
                0x000000000010a5ec       0xc0 C:/devkitPro/libctru/lib\libctru.a(utf8_to_utf16.o)
                0x000000000010a5ec                utf8_to_utf16
 .text.__aeabi_read_tp
                0x000000000010a6ac        0xc C:/devkitPro/libctru/lib\libctru.a(readtp.o)
                0x000000000010a6ac                __aeabi_read_tp
 .text.encode_utf16
                0x000000000010a6b8       0x60 C:/devkitPro/libctru/lib\libctru.a(encode_utf16.o)
                0x000000000010a6b8                encode_utf16
 .text.encode_utf8
                0x000000000010a718       0xfc C:/devkitPro/libctru/lib\libctru.a(encode_utf8.o)
                0x000000000010a718                encode_utf8
 .text.__udivmoddi4
                0x000000000010a814      0x120 c:/devkitpro/devkitarm/bin/../lib/gcc/arm-none-eabi/11.1.0/armv6k/fpu\libgcc.a(_udivmoddi4.o)
                0x000000000010a814                __udivmoddi4
 .text.bsearch  0x000000000010a934       0x78 c:/devkitpro/devkitarm/bin/../lib/gcc/arm-none-eabi/11.1.0/../../../../arm-none-eabi/lib/armv6k/fpu\libg.a(lib_a-bsearch.o)
                0x000000000010a934                bsearch
 .text.__errno  0x000000000010a9ac        0xc c:/devkitpro/devkitarm/bin/../lib/gcc/arm-none-eabi/11.1.0/../../../../arm-none-eabi/lib/armv6k/fpu\libg.a(lib_a-errno.o)
                0x000000000010a9ac                __errno
 .text.exit     0x000000000010a9b8       0x34 c:/devkitpro/devkitarm/bin/../lib/gcc/arm-none-eabi/11.1.0/../../../../arm-none-eabi/lib/armv6k/fpu\libg.a(lib_a-exit.o)
                0x000000000010a9b8                exit
 .text.__libc_fini_array
                0x000000000010a9ec       0x3c c:/devkitpro/devkitarm/bin/../lib/gcc/arm-none-eabi/11.1.0/../../../../arm-none-eabi/lib/armv6k/fpu\libg.a(lib_a-fini.o)
                0x000000000010a9ec                __libc_fini_array
 .text.__libc_init_array
                0x000000000010aa28       0x7c c:/devkitpro/devkitarm/bin/../lib/gcc/arm-none-eabi/11.1.0/../../../../arm-none-eabi/lib/armv6k/fpu\libg.a(lib_a-init.o)
                0x000000000010aa28                __libc_init_array
 .text.iprintf  0x000000000010aaa4       0x34 c:/devkitpro/devkitarm/bin/../lib/gcc/arm-none-eabi/11.1.0/../../../../arm-none-eabi/lib/armv6k/fpu\libg.a(lib_a-iprintf.o)
                0x000000000010aaa4                iprintf
 .text.memalign
                0x000000000010aad8       0x28 c:/devkitpro/devkitarm/bin/../lib/gcc/arm-none-eabi/11.1.0/../../../../arm-none-eabi/lib/armv6k/fpu\libg.a(lib_a-malign.o)
                0x000000000010aad8                memalign
 .text._memalign_r
                0x000000000010ab00      0x150 c:/devkitpro/devkitarm/bin/../lib/gcc/arm-none-eabi/11.1.0/../../../../arm-none-eabi/lib/armv6k/fpu\libg.a(lib_a-malignr.o)
                0x000000000010ab00                _memalign_r
 .text.malloc   0x000000000010ac50       0x20 c:/devkitpro/devkitarm/bin/../lib/gcc/arm-none-eabi/11.1.0/../../../../arm-none-eabi/lib/armv6k/fpu\libg.a(lib_a-malloc.o)
                0x000000000010ac50                malloc
 .text.free     0x000000000010ac70       0x20 c:/devkitpro/devkitarm/bin/../lib/gcc/arm-none-eabi/11.1.0/../../../../arm-none-eabi/lib/armv6k/fpu\libg.a(lib_a-malloc.o)
                0x000000000010ac70                free
 .text._malloc_r
                0x000000000010ac90      0x7e0 c:/devkitpro/devkitarm/bin/../lib/gcc/arm-none-eabi/11.1.0/../../../../arm-none-eabi/lib/armv6k/fpu\libg.a(lib_a-mallocr.o)
                0x000000000010ac90                _malloc_r
 .text.memchr   0x000000000010b470       0xe0 c:/devkitpro/devkitarm/bin/../lib/gcc/arm-none-eabi/11.1.0/../../../../arm-none-eabi/lib/armv6k/fpu\libg.a(lib_a-memchr-stub.o)
                0x000000000010b470                memchr
 .text.memcpy   0x000000000010b550      0x11c c:/devkitpro/devkitarm/bin/../lib/gcc/arm-none-eabi/11.1.0/../../../../arm-none-eabi/lib/armv6k/fpu\libg.a(lib_a-memcpy-stub.o)
                0x000000000010b550                memcpy
 .text.memset   0x000000000010b66c      0x118 c:/devkitpro/devkitarm/bin/../lib/gcc/arm-none-eabi/11.1.0/../../../../arm-none-eabi/lib/armv6k/fpu\libg.a(lib_a-memset.o)
                0x000000000010b66c                memset
 .text.__malloc_lock
                0x000000000010b784        0xc c:/devkitpro/devkitarm/bin/../lib/gcc/arm-none-eabi/11.1.0/../../../../arm-none-eabi/lib/armv6k/fpu\libg.a(lib_a-mlock.o)
                0x000000000010b784                __malloc_lock
 .text.__malloc_unlock
                0x000000000010b790        0xc c:/devkitpro/devkitarm/bin/../lib/gcc/arm-none-eabi/11.1.0/../../../../arm-none-eabi/lib/armv6k/fpu\libg.a(lib_a-mlock.o)
                0x000000000010b790                __malloc_unlock
 .text.printf   0x000000000010b79c       0x34 c:/devkitpro/devkitarm/bin/../lib/gcc/arm-none-eabi/11.1.0/../../../../arm-none-eabi/lib/armv6k/fpu\libg.a(lib_a-printf.o)
                0x000000000010b79c                printf
 .text.setvbuf  0x000000000010b7d0      0x260 c:/devkitpro/devkitarm/bin/../lib/gcc/arm-none-eabi/11.1.0/../../../../arm-none-eabi/lib/armv6k/fpu\libg.a(lib_a-setvbuf.o)
                0x000000000010b7d0                setvbuf
 .text.sscanf   0x000000000010ba30       0x74 c:/devkitpro/devkitarm/bin/../lib/gcc/arm-none-eabi/11.1.0/../../../../arm-none-eabi/lib/armv6k/fpu\libg.a(lib_a-sscanf.o)
                0x000000000010ba30                sscanf
 .text.__sread  0x000000000010baa4       0x44 c:/devkitpro/devkitarm/bin/../lib/gcc/arm-none-eabi/11.1.0/../../../../arm-none-eabi/lib/armv6k/fpu\libg.a(lib_a-stdio.o)
                0x000000000010baa4                __sread
 .text.__seofread
                0x000000000010bae8        0x8 c:/devkitpro/devkitarm/bin/../lib/gcc/arm-none-eabi/11.1.0/../../../../arm-none-eabi/lib/armv6k/fpu\libg.a(lib_a-stdio.o)
                0x000000000010bae8                __seofread
 .text.__swrite
                0x000000000010baf0       0x68 c:/devkitpro/devkitarm/bin/../lib/gcc/arm-none-eabi/11.1.0/../../../../arm-none-eabi/lib/armv6k/fpu\libg.a(lib_a-stdio.o)
                0x000000000010baf0                __swrite
 .text.__sseek  0x000000000010bb58       0x48 c:/devkitpro/devkitarm/bin/../lib/gcc/arm-none-eabi/11.1.0/../../../../arm-none-eabi/lib/armv6k/fpu\libg.a(lib_a-stdio.o)
                0x000000000010bb58                __sseek
 .text.__sclose
                0x000000000010bba0        0x8 c:/devkitpro/devkitarm/bin/../lib/gcc/arm-none-eabi/11.1.0/../../../../arm-none-eabi/lib/armv6k/fpu\libg.a(lib_a-stdio.o)
                0x000000000010bba0                __sclose
 .text.strlen   0x000000000010bba8       0x5c c:/devkitpro/devkitarm/bin/../lib/gcc/arm-none-eabi/11.1.0/../../../../arm-none-eabi/lib/armv6k/fpu\libg.a(lib_a-strlen-stub.o)
                0x000000000010bba8                strlen
 .text.strncat  0x000000000010bc04       0xec c:/devkitpro/devkitarm/bin/../lib/gcc/arm-none-eabi/11.1.0/../../../../arm-none-eabi/lib/armv6k/fpu\libg.a(lib_a-strncat.o)
                0x000000000010bc04                strncat
 .text.strncmp  0x000000000010bcf0       0xdc c:/devkitpro/devkitarm/bin/../lib/gcc/arm-none-eabi/11.1.0/../../../../arm-none-eabi/lib/armv6k/fpu\libg.a(lib_a-strncmp.o)
                0x000000000010bcf0                strncmp
 .text.strncpy  0x000000000010bdcc       0xc0 c:/devkitpro/devkitarm/bin/../lib/gcc/arm-none-eabi/11.1.0/../../../../arm-none-eabi/lib/armv6k/fpu\libg.a(lib_a-strncpy.o)
                0x000000000010bdcc                strncpy
 .text.strnlen  0x000000000010be8c       0x48 c:/devkitpro/devkitarm/bin/../lib/gcc/arm-none-eabi/11.1.0/../../../../arm-none-eabi/lib/armv6k/fpu\libg.a(lib_a-strnlen.o)
                0x000000000010be8c                strnlen
 .text.get_arg  0x000000000010bed4       0x50 c:/devkitpro/devkitarm/bin/../lib/gcc/arm-none-eabi/11.1.0/../../../../arm-none-eabi/lib/armv6k/fpu\libg.a(lib_a-svfscanf.o)
 .text.__ssvfscanf_r
                0x000000000010bf24     0x2bbc c:/devkitpro/devkitarm/bin/../lib/gcc/arm-none-eabi/11.1.0/../../../../arm-none-eabi/lib/armv6k/fpu\libg.a(lib_a-svfscanf.o)
                0x000000000010bf24                __ssvfscanf_r
 .text.get_arg  0x000000000010eae0      0x628 c:/devkitpro/devkitarm/bin/../lib/gcc/arm-none-eabi/11.1.0/../../../../arm-none-eabi/lib/armv6k/fpu\libg.a(lib_a-vfiprintf.o)
 .text.__sprint_r
                0x000000000010f108       0x30 c:/devkitpro/devkitarm/bin/../lib/gcc/arm-none-eabi/11.1.0/../../../../arm-none-eabi/lib/armv6k/fpu\libg.a(lib_a-vfiprintf.o)
                0x000000000010f108                __sprint_r
 .text._vfiprintf_r
                0x000000000010f138     0x233c c:/devkitpro/devkitarm/bin/../lib/gcc/arm-none-eabi/11.1.0/../../../../arm-none-eabi/lib/armv6k/fpu\libg.a(lib_a-vfiprintf.o)
                0x000000000010f138                _vfiprintf_r
 .text.__sbprintf
                0x0000000000111474       0xd4 c:/devkitpro/devkitarm/bin/../lib/gcc/arm-none-eabi/11.1.0/../../../../arm-none-eabi/lib/armv6k/fpu\libg.a(lib_a-vfiprintf.o)
 .text.get_arg  0x0000000000111548      0x628 c:/devkitpro/devkitarm/bin/../lib/gcc/arm-none-eabi/11.1.0/../../../../arm-none-eabi/lib/armv6k/fpu\libg.a(lib_a-vfprintf.o)
 .text._vfprintf_r
                0x0000000000111b70     0x3684 c:/devkitpro/devkitarm/bin/../lib/gcc/arm-none-eabi/11.1.0/../../../../arm-none-eabi/lib/armv6k/fpu\libg.a(lib_a-vfprintf.o)
                0x0000000000111b70                _vfprintf_r
 .text.__sbprintf
                0x00000000001151f4       0xd4 c:/devkitpro/devkitarm/bin/../lib/gcc/arm-none-eabi/11.1.0/../../../../arm-none-eabi/lib/armv6k/fpu\libg.a(lib_a-vfprintf.o)
 .text._wcrtomb_r
                0x00000000001152c8       0x54 c:/devkitpro/devkitarm/bin/../lib/gcc/arm-none-eabi/11.1.0/../../../../arm-none-eabi/lib/armv6k/fpu\libg.a(lib_a-wcrtomb.o)
                0x00000000001152c8                _wcrtomb_r
 .text._wcsrtombs_r
                0x000000000011531c       0x28 c:/devkitpro/devkitarm/bin/../lib/gcc/arm-none-eabi/11.1.0/../../../../arm-none-eabi/lib/armv6k/fpu\libg.a(lib_a-wcsrtombs.o)
                0x000000000011531c                _wcsrtombs_r
 .text.__swsetup_r
                0x0000000000115344      0x154 c:/devkitpro/devkitarm/bin/../lib/gcc/arm-none-eabi/11.1.0/../../../../arm-none-eabi/lib/armv6k/fpu\libg.a(lib_a-wsetup.o)
                0x0000000000115344                __swsetup_r
 .text.__call_exitprocs
                0x0000000000115498      0x114 c:/devkitpro/devkitarm/bin/../lib/gcc/arm-none-eabi/11.1.0/../../../../arm-none-eabi/lib/armv6k/fpu\libg.a(lib_a-__call_atexit.o)
                0x0000000000115498                __call_exitprocs
 .text.quorem   0x00000000001155ac      0x1ac c:/devkitpro/devkitarm/bin/../lib/gcc/arm-none-eabi/11.1.0/../../../../arm-none-eabi/lib/armv6k/fpu\libg.a(lib_a-dtoa.o)
 .text._dtoa_r  0x0000000000115758     0x12cc c:/devkitpro/devkitarm/bin/../lib/gcc/arm-none-eabi/11.1.0/../../../../arm-none-eabi/lib/armv6k/fpu\libg.a(lib_a-dtoa.o)
                0x0000000000115758                _dtoa_r
 .text.__sflush_r
                0x0000000000116a24      0x258 c:/devkitpro/devkitarm/bin/../lib/gcc/arm-none-eabi/11.1.0/../../../../arm-none-eabi/lib/armv6k/fpu\libg.a(lib_a-fflush.o)
                0x0000000000116a24                __sflush_r
 .text._fflush_r
                0x0000000000116c7c       0x94 c:/devkitpro/devkitarm/bin/../lib/gcc/arm-none-eabi/11.1.0/../../../../arm-none-eabi/lib/armv6k/fpu\libg.a(lib_a-fflush.o)
                0x0000000000116c7c                _fflush_r
 .text._cleanup_r
                0x0000000000116d10        0xc c:/devkitpro/devkitarm/bin/../lib/gcc/arm-none-eabi/11.1.0/../../../../arm-none-eabi/lib/armv6k/fpu\libg.a(lib_a-findfp.o)
                0x0000000000116d10                _cleanup_r
 .text.__sinit  0x0000000000116d1c      0x184 c:/devkitpro/devkitarm/bin/../lib/gcc/arm-none-eabi/11.1.0/../../../../arm-none-eabi/lib/armv6k/fpu\libg.a(lib_a-findfp.o)
                0x0000000000116d1c                __sinit
 .text.__sfp_lock_acquire
                0x0000000000116ea0        0xc c:/devkitpro/devkitarm/bin/../lib/gcc/arm-none-eabi/11.1.0/../../../../arm-none-eabi/lib/armv6k/fpu\libg.a(lib_a-findfp.o)
                0x0000000000116ea0                __sfp_lock_acquire
 .text.__sfp_lock_release
                0x0000000000116eac        0xc c:/devkitpro/devkitarm/bin/../lib/gcc/arm-none-eabi/11.1.0/../../../../arm-none-eabi/lib/armv6k/fpu\libg.a(lib_a-findfp.o)
                0x0000000000116eac                __sfp_lock_release
 .text._malloc_trim_r
                0x0000000000116eb8       0xf8 c:/devkitpro/devkitarm/bin/../lib/gcc/arm-none-eabi/11.1.0/../../../../arm-none-eabi/lib/armv6k/fpu\libg.a(lib_a-freer.o)
                0x0000000000116eb8                _malloc_trim_r
 .text._free_r  0x0000000000116fb0      0x2e4 c:/devkitpro/devkitarm/bin/../lib/gcc/arm-none-eabi/11.1.0/../../../../arm-none-eabi/lib/armv6k/fpu\libg.a(lib_a-freer.o)
                0x0000000000116fb0                _free_r
 .text.__sfvwrite_r
                0x0000000000117294      0x4c0 c:/devkitpro/devkitarm/bin/../lib/gcc/arm-none-eabi/11.1.0/../../../../arm-none-eabi/lib/armv6k/fpu\libg.a(lib_a-fvwrite.o)
                0x0000000000117294                __sfvwrite_r
 .text._fwalk_reent
                0x0000000000117754       0x70 c:/devkitpro/devkitarm/bin/../lib/gcc/arm-none-eabi/11.1.0/../../../../arm-none-eabi/lib/armv6k/fpu\libg.a(lib_a-fwalk.o)
                0x0000000000117754                _fwalk_reent
 .text.iswspace
                0x00000000001177c4        0x8 c:/devkitpro/devkitarm/bin/../lib/gcc/arm-none-eabi/11.1.0/../../../../arm-none-eabi/lib/armv6k/fpu\libg.a(lib_a-iswspace.o)
                0x00000000001177c4                iswspace
 .text._localeconv_r
                0x00000000001177cc        0xc c:/devkitpro/devkitarm/bin/../lib/gcc/arm-none-eabi/11.1.0/../../../../arm-none-eabi/lib/armv6k/fpu\libg.a(lib_a-localeconv.o)
                0x00000000001177cc                _localeconv_r
 .text.__locale_mb_cur_max
                0x00000000001177d8       0x10 c:/devkitpro/devkitarm/bin/../lib/gcc/arm-none-eabi/11.1.0/../../../../arm-none-eabi/lib/armv6k/fpu\libg.a(lib_a-locale.o)
                0x00000000001177d8                __locale_mb_cur_max
 .text.__smakebuf_r
                0x00000000001177e8      0x138 c:/devkitpro/devkitarm/bin/../lib/gcc/arm-none-eabi/11.1.0/../../../../arm-none-eabi/lib/armv6k/fpu\libg.a(lib_a-makebuf.o)
                0x00000000001177e8                __smakebuf_r
 .text.__swhatbuf_r
                0x0000000000117920       0x8c c:/devkitpro/devkitarm/bin/../lib/gcc/arm-none-eabi/11.1.0/../../../../arm-none-eabi/lib/armv6k/fpu\libg.a(lib_a-makebuf.o)
                0x0000000000117920                __swhatbuf_r
 .text._mbrtowc_r
                0x00000000001179ac       0x68 c:/devkitpro/devkitarm/bin/../lib/gcc/arm-none-eabi/11.1.0/../../../../arm-none-eabi/lib/armv6k/fpu\libg.a(lib_a-mbrtowc.o)
                0x00000000001179ac                _mbrtowc_r
 .text.__utf8_mbtowc
                0x0000000000117a14      0x2e4 c:/devkitpro/devkitarm/bin/../lib/gcc/arm-none-eabi/11.1.0/../../../../arm-none-eabi/lib/armv6k/fpu\libg.a(lib_a-mbtowc_r.o)
                0x0000000000117a14                __utf8_mbtowc
 .text.memmove  0x0000000000117cf8      0x154 c:/devkitpro/devkitarm/bin/../lib/gcc/arm-none-eabi/11.1.0/../../../../arm-none-eabi/lib/armv6k/fpu\libg.a(lib_a-memmove.o)
                0x0000000000117cf8                memmove
 .text._Balloc  0x0000000000117e4c       0x88 c:/devkitpro/devkitarm/bin/../lib/gcc/arm-none-eabi/11.1.0/../../../../arm-none-eabi/lib/armv6k/fpu\libg.a(lib_a-mprec.o)
                0x0000000000117e4c                _Balloc
 .text._Bfree   0x0000000000117ed4       0x1c c:/devkitpro/devkitarm/bin/../lib/gcc/arm-none-eabi/11.1.0/../../../../arm-none-eabi/lib/armv6k/fpu\libg.a(lib_a-mprec.o)
                0x0000000000117ed4                _Bfree
 .text.__multadd
                0x0000000000117ef0       0xf4 c:/devkitpro/devkitarm/bin/../lib/gcc/arm-none-eabi/11.1.0/../../../../arm-none-eabi/lib/armv6k/fpu\libg.a(lib_a-mprec.o)
                0x0000000000117ef0                __multadd
 .text.__s2b    0x0000000000117fe4      0x110 c:/devkitpro/devkitarm/bin/../lib/gcc/arm-none-eabi/11.1.0/../../../../arm-none-eabi/lib/armv6k/fpu\libg.a(lib_a-mprec.o)
                0x0000000000117fe4                __s2b
 .text.__hi0bits
                0x00000000001180f4       0x58 c:/devkitpro/devkitarm/bin/../lib/gcc/arm-none-eabi/11.1.0/../../../../arm-none-eabi/lib/armv6k/fpu\libg.a(lib_a-mprec.o)
                0x00000000001180f4                __hi0bits
 .text.__lo0bits
                0x000000000011814c       0x94 c:/devkitpro/devkitarm/bin/../lib/gcc/arm-none-eabi/11.1.0/../../../../arm-none-eabi/lib/armv6k/fpu\libg.a(lib_a-mprec.o)
                0x000000000011814c                __lo0bits
 .text.__i2b    0x00000000001181e0       0xa4 c:/devkitpro/devkitarm/bin/../lib/gcc/arm-none-eabi/11.1.0/../../../../arm-none-eabi/lib/armv6k/fpu\libg.a(lib_a-mprec.o)
                0x00000000001181e0                __i2b
 .text.__multiply
                0x0000000000118284      0x204 c:/devkitpro/devkitarm/bin/../lib/gcc/arm-none-eabi/11.1.0/../../../../arm-none-eabi/lib/armv6k/fpu\libg.a(lib_a-mprec.o)
                0x0000000000118284                __multiply
 .text.__pow5mult
                0x0000000000118488      0x120 c:/devkitpro/devkitarm/bin/../lib/gcc/arm-none-eabi/11.1.0/../../../../arm-none-eabi/lib/armv6k/fpu\libg.a(lib_a-mprec.o)
                0x0000000000118488                __pow5mult
 .text.__lshift
                0x00000000001185a8      0x13c c:/devkitpro/devkitarm/bin/../lib/gcc/arm-none-eabi/11.1.0/../../../../arm-none-eabi/lib/armv6k/fpu\libg.a(lib_a-mprec.o)
                0x00000000001185a8                __lshift
 .text.__mcmp   0x00000000001186e4       0x58 c:/devkitpro/devkitarm/bin/../lib/gcc/arm-none-eabi/11.1.0/../../../../arm-none-eabi/lib/armv6k/fpu\libg.a(lib_a-mprec.o)
                0x00000000001186e4                __mcmp
 .text.__mdiff  0x000000000011873c      0x1cc c:/devkitpro/devkitarm/bin/../lib/gcc/arm-none-eabi/11.1.0/../../../../arm-none-eabi/lib/armv6k/fpu\libg.a(lib_a-mprec.o)
                0x000000000011873c                __mdiff
 .text.__ulp    0x0000000000118908       0x74 c:/devkitpro/devkitarm/bin/../lib/gcc/arm-none-eabi/11.1.0/../../../../arm-none-eabi/lib/armv6k/fpu\libg.a(lib_a-mprec.o)
                0x0000000000118908                __ulp
 .text.__b2d    0x000000000011897c       0xd0 c:/devkitpro/devkitarm/bin/../lib/gcc/arm-none-eabi/11.1.0/../../../../arm-none-eabi/lib/armv6k/fpu\libg.a(lib_a-mprec.o)
                0x000000000011897c                __b2d
 .text.__d2b    0x0000000000118a4c      0x124 c:/devkitpro/devkitarm/bin/../lib/gcc/arm-none-eabi/11.1.0/../../../../arm-none-eabi/lib/armv6k/fpu\libg.a(lib_a-mprec.o)
                0x0000000000118a4c                __d2b
 .text.__ratio  0x0000000000118b70       0x78 c:/devkitpro/devkitarm/bin/../lib/gcc/arm-none-eabi/11.1.0/../../../../arm-none-eabi/lib/armv6k/fpu\libg.a(lib_a-mprec.o)
                0x0000000000118b70                __ratio
 .text.__copybits
                0x0000000000118be8       0x88 c:/devkitpro/devkitarm/bin/../lib/gcc/arm-none-eabi/11.1.0/../../../../arm-none-eabi/lib/armv6k/fpu\libg.a(lib_a-mprec.o)
                0x0000000000118be8                __copybits
 .text.__any_on
                0x0000000000118c70       0x5c c:/devkitpro/devkitarm/bin/../lib/gcc/arm-none-eabi/11.1.0/../../../../arm-none-eabi/lib/armv6k/fpu\libg.a(lib_a-mprec.o)
                0x0000000000118c70                __any_on
 .text.realloc  0x0000000000118ccc       0x28 c:/devkitpro/devkitarm/bin/../lib/gcc/arm-none-eabi/11.1.0/../../../../arm-none-eabi/lib/armv6k/fpu\libg.a(lib_a-realloc.o)
                0x0000000000118ccc                realloc
 .text._realloc_r
                0x0000000000118cf4      0x558 c:/devkitpro/devkitarm/bin/../lib/gcc/arm-none-eabi/11.1.0/../../../../arm-none-eabi/lib/armv6k/fpu\libg.a(lib_a-reallocr.o)
                0x0000000000118cf4                _realloc_r
 .text.__sccl   0x000000000011924c       0xe4 c:/devkitpro/devkitarm/bin/../lib/gcc/arm-none-eabi/11.1.0/../../../../arm-none-eabi/lib/armv6k/fpu\libg.a(lib_a-sccl.o)
                0x000000000011924c                __sccl
 .text.nanf     0x0000000000119330        0xc c:/devkitpro/devkitarm/bin/../lib/gcc/arm-none-eabi/11.1.0/../../../../arm-none-eabi/lib/armv6k/fpu\libg.a(lib_a-sf_nan.o)
                0x0000000000119330                nanf
 *fill*         0x000000000011933c        0x4 
 .text.frexp    0x0000000000119340       0xa8 c:/devkitpro/devkitarm/bin/../lib/gcc/arm-none-eabi/11.1.0/../../../../arm-none-eabi/lib/armv6k/fpu\libg.a(lib_a-s_frexp.o)
                0x0000000000119340                frexp
 .text.sprintf  0x00000000001193e8       0x64 c:/devkitpro/devkitarm/bin/../lib/gcc/arm-none-eabi/11.1.0/../../../../arm-none-eabi/lib/armv6k/fpu\libg.a(lib_a-sprintf.o)
                0x00000000001193e8                sprintf
 .text.stpncpy  0x000000000011944c       0xb8 c:/devkitpro/devkitarm/bin/../lib/gcc/arm-none-eabi/11.1.0/../../../../arm-none-eabi/lib/armv6k/fpu\libg.a(lib_a-stpncpy.o)
                0x000000000011944c                stpncpy
 .text.strchr   0x0000000000119504      0x12c c:/devkitpro/devkitarm/bin/../lib/gcc/arm-none-eabi/11.1.0/../../../../arm-none-eabi/lib/armv6k/fpu\libg.a(lib_a-strchr.o)
                0x0000000000119504                strchr
 .text._strtod_l
                0x0000000000119630     0x1368 c:/devkitpro/devkitarm/bin/../lib/gcc/arm-none-eabi/11.1.0/../../../../arm-none-eabi/lib/armv6k/fpu\libg.a(lib_a-strtod.o)
                0x0000000000119630                _strtod_l
 .text._strtod_r
                0x000000000011a998        0xc c:/devkitpro/devkitarm/bin/../lib/gcc/arm-none-eabi/11.1.0/../../../../arm-none-eabi/lib/armv6k/fpu\libg.a(lib_a-strtod.o)
                0x000000000011a998                _strtod_r
 .text._strtoll_l.constprop.0
                0x000000000011a9a4      0x22c c:/devkitpro/devkitarm/bin/../lib/gcc/arm-none-eabi/11.1.0/../../../../arm-none-eabi/lib/armv6k/fpu\libg.a(lib_a-strtoll.o)
 .text._strtoll_r
                0x000000000011abd0        0x4 c:/devkitpro/devkitarm/bin/../lib/gcc/arm-none-eabi/11.1.0/../../../../arm-none-eabi/lib/armv6k/fpu\libg.a(lib_a-strtoll.o)
                0x000000000011abd0                _strtoll_r
 .text._strtol_l.part.0
                0x000000000011abd4      0x1a4 c:/devkitpro/devkitarm/bin/../lib/gcc/arm-none-eabi/11.1.0/../../../../arm-none-eabi/lib/armv6k/fpu\libg.a(lib_a-strtol.o)
 .text._strtol_r
                0x000000000011ad78       0x3c c:/devkitpro/devkitarm/bin/../lib/gcc/arm-none-eabi/11.1.0/../../../../arm-none-eabi/lib/armv6k/fpu\libg.a(lib_a-strtol.o)
                0x000000000011ad78                _strtol_r
 .text._strtoull_l.constprop.0
                0x000000000011adb4      0x244 c:/devkitpro/devkitarm/bin/../lib/gcc/arm-none-eabi/11.1.0/../../../../arm-none-eabi/lib/armv6k/fpu\libg.a(lib_a-strtoull.o)
 .text._strtoull_r
                0x000000000011aff8        0x4 c:/devkitpro/devkitarm/bin/../lib/gcc/arm-none-eabi/11.1.0/../../../../arm-none-eabi/lib/armv6k/fpu\libg.a(lib_a-strtoull.o)
                0x000000000011aff8                _strtoull_r
 .text._strtoul_l.constprop.0
                0x000000000011affc      0x1c4 c:/devkitpro/devkitarm/bin/../lib/gcc/arm-none-eabi/11.1.0/../../../../arm-none-eabi/lib/armv6k/fpu\libg.a(lib_a-strtoul.o)
 .text._strtoul_r
                0x000000000011b1c0        0x4 c:/devkitpro/devkitarm/bin/../lib/gcc/arm-none-eabi/11.1.0/../../../../arm-none-eabi/lib/armv6k/fpu\libg.a(lib_a-strtoul.o)
                0x000000000011b1c0                _strtoul_r
 .text.__ssprint_r
                0x000000000011b1c4      0x190 c:/devkitpro/devkitarm/bin/../lib/gcc/arm-none-eabi/11.1.0/../../../../arm-none-eabi/lib/armv6k/fpu\libg.a(lib_a-svfiprintf.o)
                0x000000000011b1c4                __ssprint_r
 .text._sungetc_r
                0x000000000011b354       0xe0 c:/devkitpro/devkitarm/bin/../lib/gcc/arm-none-eabi/11.1.0/../../../../arm-none-eabi/lib/armv6k/fpu\libg.a(lib_a-svfiscanf.o)
                0x000000000011b354                _sungetc_r
 .text.__ssrefill_r
                0x000000000011b434       0x6c c:/devkitpro/devkitarm/bin/../lib/gcc/arm-none-eabi/11.1.0/../../../../arm-none-eabi/lib/armv6k/fpu\libg.a(lib_a-svfiscanf.o)
                0x000000000011b434                __ssrefill_r
 .text._sfread_r
                0x000000000011b4a0       0xc8 c:/devkitpro/devkitarm/bin/../lib/gcc/arm-none-eabi/11.1.0/../../../../arm-none-eabi/lib/armv6k/fpu\libg.a(lib_a-svfiscanf.o)
                0x000000000011b4a0                _sfread_r
 .text.get_arg  0x000000000011b568      0x628 c:/devkitpro/devkitarm/bin/../lib/gcc/arm-none-eabi/11.1.0/../../../../arm-none-eabi/lib/armv6k/fpu\libg.a(lib_a-svfprintf.o)
 .text._svfprintf_r
                0x000000000011bb90     0x35b8 c:/devkitpro/devkitarm/bin/../lib/gcc/arm-none-eabi/11.1.0/../../../../arm-none-eabi/lib/armv6k/fpu\libg.a(lib_a-svfprintf.o)
                0x000000000011bb90                _svfprintf_r
 .text.__submore
                0x000000000011f148       0xa8 c:/devkitpro/devkitarm/bin/../lib/gcc/arm-none-eabi/11.1.0/../../../../arm-none-eabi/lib/armv6k/fpu\libg.a(lib_a-ungetc.o)
                0x000000000011f148                __submore
 .text._wcsnrtombs_l
                0x000000000011f1f0      0x190 c:/devkitpro/devkitarm/bin/../lib/gcc/arm-none-eabi/11.1.0/../../../../arm-none-eabi/lib/armv6k/fpu\libg.a(lib_a-wcsnrtombs.o)
                0x000000000011f1f0                _wcsnrtombs_l
 .text._wcsnrtombs_r
                0x000000000011f380       0x4c c:/devkitpro/devkitarm/bin/../lib/gcc/arm-none-eabi/11.1.0/../../../../arm-none-eabi/lib/armv6k/fpu\libg.a(lib_a-wcsnrtombs.o)
                0x000000000011f380                _wcsnrtombs_r
 .text.__utf8_wctomb
                0x000000000011f3cc       0xf0 c:/devkitpro/devkitarm/bin/../lib/gcc/arm-none-eabi/11.1.0/../../../../arm-none-eabi/lib/armv6k/fpu\libg.a(lib_a-wctomb_r.o)
                0x000000000011f3cc                __utf8_wctomb
 .text.__assert_func
                0x000000000011f4bc       0x54 c:/devkitpro/devkitarm/bin/../lib/gcc/arm-none-eabi/11.1.0/../../../../arm-none-eabi/lib/armv6k/fpu\libg.a(lib_a-assert.o)
                0x000000000011f4bc                __assert_func
 .text._calloc_r
                0x000000000011f510       0xbc c:/devkitpro/devkitarm/bin/../lib/gcc/arm-none-eabi/11.1.0/../../../../arm-none-eabi/lib/armv6k/fpu\libg.a(lib_a-callocr.o)
                0x000000000011f510                _calloc_r
 .text._fclose_r
                0x000000000011f5cc      0x160 c:/devkitpro/devkitarm/bin/../lib/gcc/arm-none-eabi/11.1.0/../../../../arm-none-eabi/lib/armv6k/fpu\libg.a(lib_a-fclose.o)
                0x000000000011f5cc                _fclose_r
 .text.fiprintf
                0x000000000011f72c       0x3c c:/devkitpro/devkitarm/bin/../lib/gcc/arm-none-eabi/11.1.0/../../../../arm-none-eabi/lib/armv6k/fpu\libg.a(lib_a-fiprintf.o)
                0x000000000011f72c                fiprintf
 .text.rshift   0x000000000011f768       0xec c:/devkitpro/devkitarm/bin/../lib/gcc/arm-none-eabi/11.1.0/../../../../arm-none-eabi/lib/armv6k/fpu\libg.a(lib_a-gdtoa-gethex.o)
 .text.__gethex
                0x000000000011f854      0x904 c:/devkitpro/devkitarm/bin/../lib/gcc/arm-none-eabi/11.1.0/../../../../arm-none-eabi/lib/armv6k/fpu\libg.a(lib_a-gdtoa-gethex.o)
                0x000000000011f854                __gethex
 .text.__match  0x0000000000120158       0x4c c:/devkitpro/devkitarm/bin/../lib/gcc/arm-none-eabi/11.1.0/../../../../arm-none-eabi/lib/armv6k/fpu\libg.a(lib_a-gdtoa-hexnan.o)
                0x0000000000120158                __match
 .text.__hexnan
                0x00000000001201a4      0x29c c:/devkitpro/devkitarm/bin/../lib/gcc/arm-none-eabi/11.1.0/../../../../arm-none-eabi/lib/armv6k/fpu\libg.a(lib_a-gdtoa-hexnan.o)
                0x00000000001201a4                __hexnan
 .text.iswspace_l
                0x0000000000120440       0x3c c:/devkitpro/devkitarm/bin/../lib/gcc/arm-none-eabi/11.1.0/../../../../arm-none-eabi/lib/armv6k/fpu\libg.a(lib_a-iswspace_l.o)
                0x0000000000120440                iswspace_l
 .text.__jp2uc  0x000000000012047c      0x1d4 c:/devkitpro/devkitarm/bin/../lib/gcc/arm-none-eabi/11.1.0/../../../../arm-none-eabi/lib/armv6k/fpu\libg.a(lib_a-jp2uc.o)
 .text._jp2uc_l
                0x0000000000120650       0x9c c:/devkitpro/devkitarm/bin/../lib/gcc/arm-none-eabi/11.1.0/../../../../arm-none-eabi/lib/armv6k/fpu\libg.a(lib_a-jp2uc.o)
                0x0000000000120650                _jp2uc_l
 *fill*         0x00000000001206ec        0x4 
 .text.nan      0x00000000001206f0       0x10 c:/devkitpro/devkitarm/bin/../lib/gcc/arm-none-eabi/11.1.0/../../../../arm-none-eabi/lib/armv6k/fpu\libg.a(lib_a-s_nan.o)
                0x00000000001206f0                nan
 .text.abort    0x0000000000120700       0x14 c:/devkitpro/devkitarm/bin/../lib/gcc/arm-none-eabi/11.1.0/../../../../arm-none-eabi/lib/armv6k/fpu\libg.a(lib_a-abort.o)
                0x0000000000120700                abort
 .text.category
                0x0000000000120714       0x84 c:/devkitpro/devkitarm/bin/../lib/gcc/arm-none-eabi/11.1.0/../../../../arm-none-eabi/lib/armv6k/fpu\libg.a(lib_a-categories.o)
                0x0000000000120714                category
 .text._raise_r
                0x0000000000120798       0x98 c:/devkitpro/devkitarm/bin/../lib/gcc/arm-none-eabi/11.1.0/../../../../arm-none-eabi/lib/armv6k/fpu\libg.a(lib_a-signal.o)
                0x0000000000120798                _raise_r
 .text.raise    0x0000000000120830       0x20 c:/devkitpro/devkitarm/bin/../lib/gcc/arm-none-eabi/11.1.0/../../../../arm-none-eabi/lib/armv6k/fpu\libg.a(lib_a-signal.o)
                0x0000000000120830                raise
 .text.null_write
                0x0000000000120850        0x8 c:/devkitpro/devkitarm/bin/../lib/gcc/arm-none-eabi/11.1.0/../../../../arm-none-eabi/lib/armv6k/fpu\libsysbase.a(iosupport.o)
 .text.setDefaultDevice
                0x0000000000120858       0x18 c:/devkitpro/devkitarm/bin/../lib/gcc/arm-none-eabi/11.1.0/../../../../arm-none-eabi/lib/armv6k/fpu\libsysbase.a(iosupport.o)
                0x0000000000120858                setDefaultDevice
 .text.FindDevice
                0x0000000000120870       0xc8 c:/devkitpro/devkitarm/bin/../lib/gcc/arm-none-eabi/11.1.0/../../../../arm-none-eabi/lib/armv6k/fpu\libsysbase.a(iosupport.o)
                0x0000000000120870                FindDevice
 .text.RemoveDevice
                0x0000000000120938       0x28 c:/devkitpro/devkitarm/bin/../lib/gcc/arm-none-eabi/11.1.0/../../../../arm-none-eabi/lib/armv6k/fpu\libsysbase.a(iosupport.o)
                0x0000000000120938                RemoveDevice
 .text.AddDevice
                0x0000000000120960       0x9c c:/devkitpro/devkitarm/bin/../lib/gcc/arm-none-eabi/11.1.0/../../../../arm-none-eabi/lib/armv6k/fpu\libsysbase.a(iosupport.o)
                0x0000000000120960                AddDevice
 .text.GetDeviceOpTab
                0x00000000001209fc       0x20 c:/devkitpro/devkitarm/bin/../lib/gcc/arm-none-eabi/11.1.0/../../../../arm-none-eabi/lib/armv6k/fpu\libsysbase.a(iosupport.o)
                0x00000000001209fc                GetDeviceOpTab
 .text._fstat_r
                0x0000000000120a1c       0x78 c:/devkitpro/devkitarm/bin/../lib/gcc/arm-none-eabi/11.1.0/../../../../arm-none-eabi/lib/armv6k/fpu\libsysbase.a(fstat.o)
                0x0000000000120a1c                _fstat_r
 .text._getpid_r
                0x0000000000120a94       0x14 c:/devkitpro/devkitarm/bin/../lib/gcc/arm-none-eabi/11.1.0/../../../../arm-none-eabi/lib/armv6k/fpu\libsysbase.a(getpid.o)
                0x0000000000120a94                _getpid_r
 .text._isatty_r
                0x0000000000120aa8        0x8 c:/devkitpro/devkitarm/bin/../lib/gcc/arm-none-eabi/11.1.0/../../../../arm-none-eabi/lib/armv6k/fpu\libsysbase.a(isatty.o)
                0x0000000000120aa8                _isatty_r
 .text._kill_r  0x0000000000120ab0       0x14 c:/devkitpro/devkitarm/bin/../lib/gcc/arm-none-eabi/11.1.0/../../../../arm-none-eabi/lib/armv6k/fpu\libsysbase.a(kill.o)
                0x0000000000120ab0                _kill_r
 .text._lseek_r
                0x0000000000120ac4       0x84 c:/devkitpro/devkitarm/bin/../lib/gcc/arm-none-eabi/11.1.0/../../../../arm-none-eabi/lib/armv6k/fpu\libsysbase.a(lseek.o)
                0x0000000000120ac4                _lseek_r
 .text._read_r  0x0000000000120b48       0x80 c:/devkitpro/devkitarm/bin/../lib/gcc/arm-none-eabi/11.1.0/../../../../arm-none-eabi/lib/armv6k/fpu\libsysbase.a(read.o)
                0x0000000000120b48                _read_r
 .text._sbrk_r  0x0000000000120bc8       0x78 c:/devkitpro/devkitarm/bin/../lib/gcc/arm-none-eabi/11.1.0/../../../../arm-none-eabi/lib/armv6k/fpu\libsysbase.a(sbrk.o)
                0x0000000000120bc8                _sbrk_r
 .text._write_r
                0x0000000000120c40       0x80 c:/devkitpro/devkitarm/bin/../lib/gcc/arm-none-eabi/11.1.0/../../../../arm-none-eabi/lib/armv6k/fpu\libsysbase.a(write.o)
                0x0000000000120c40                _write_r
 .text._exit    0x0000000000120cc0       0x24 c:/devkitpro/devkitarm/bin/../lib/gcc/arm-none-eabi/11.1.0/../../../../arm-none-eabi/lib/armv6k/fpu\libsysbase.a(_exit.o)
                0x0000000000120cc0                _exit
 .text._concatenate_path
                0x0000000000120ce4      0x1b8 c:/devkitpro/devkitarm/bin/../lib/gcc/arm-none-eabi/11.1.0/../../../../arm-none-eabi/lib/armv6k/fpu\libsysbase.a(chdir.o)
                0x0000000000120ce4                _concatenate_path
 .text.chdir    0x0000000000120e9c      0x160 c:/devkitpro/devkitarm/bin/../lib/gcc/arm-none-eabi/11.1.0/../../../../arm-none-eabi/lib/armv6k/fpu\libsysbase.a(chdir.o)
                0x0000000000120e9c                chdir
 .text.__flockfile
                0x0000000000120ffc        0x8 c:/devkitpro/devkitarm/bin/../lib/gcc/arm-none-eabi/11.1.0/../../../../arm-none-eabi/lib/armv6k/fpu\libsysbase.a(flock.o)
                0x0000000000120ffc                __flockfile
 .text.__funlockfile
                0x0000000000121004        0x8 c:/devkitpro/devkitarm/bin/../lib/gcc/arm-none-eabi/11.1.0/../../../../arm-none-eabi/lib/armv6k/fpu\libsysbase.a(flock.o)
                0x0000000000121004                __funlockfile
 .text.__libc_lock_acquire
                0x000000000012100c       0x18 c:/devkitpro/devkitarm/bin/../lib/gcc/arm-none-eabi/11.1.0/../../../../arm-none-eabi/lib/armv6k/fpu\libsysbase.a(syscall_support.o)
                0x000000000012100c                __libc_lock_acquire
 .text.__libc_lock_release
                0x0000000000121024       0x18 c:/devkitpro/devkitarm/bin/../lib/gcc/arm-none-eabi/11.1.0/../../../../arm-none-eabi/lib/armv6k/fpu\libsysbase.a(syscall_support.o)
                0x0000000000121024                __libc_lock_release
 .text.__libc_lock_init_recursive
                0x000000000012103c       0x18 c:/devkitpro/devkitarm/bin/../lib/gcc/arm-none-eabi/11.1.0/../../../../arm-none-eabi/lib/armv6k/fpu\libsysbase.a(syscall_support.o)
                0x000000000012103c                __libc_lock_init_recursive
 .text.__libc_lock_acquire_recursive
                0x0000000000121054       0x18 c:/devkitpro/devkitarm/bin/../lib/gcc/arm-none-eabi/11.1.0/../../../../arm-none-eabi/lib/armv6k/fpu\libsysbase.a(syscall_support.o)
                0x0000000000121054                __libc_lock_acquire_recursive
 .text.__libc_lock_release_recursive
                0x000000000012106c       0x18 c:/devkitpro/devkitarm/bin/../lib/gcc/arm-none-eabi/11.1.0/../../../../arm-none-eabi/lib/armv6k/fpu\libsysbase.a(syscall_support.o)
                0x000000000012106c                __libc_lock_release_recursive
 .text.__libc_lock_close_recursive
                0x0000000000121084       0x18 c:/devkitpro/devkitarm/bin/../lib/gcc/arm-none-eabi/11.1.0/../../../../arm-none-eabi/lib/armv6k/fpu\libsysbase.a(syscall_support.o)
                0x0000000000121084                __libc_lock_close_recursive
 .text.__get_handle
                0x000000000012109c       0x3c c:/devkitpro/devkitarm/bin/../lib/gcc/arm-none-eabi/11.1.0/../../../../arm-none-eabi/lib/armv6k/fpu\libsysbase.a(handle_manager.o)
                0x000000000012109c                __get_handle
 .text._close_r
                0x00000000001210d8       0xf4 c:/devkitpro/devkitarm/bin/../lib/gcc/arm-none-eabi/11.1.0/../../../../arm-none-eabi/lib/armv6k/fpu\libsysbase.a(handle_manager.o)
                0x00000000001210d8                _close_r
 .text.__getreent
                0x00000000001211cc       0x28 c:/devkitpro/devkitarm/bin/../lib/gcc/arm-none-eabi/11.1.0/../../../../arm-none-eabi/lib/armv6k/fpu\libsysbase.a(getreent.o)
                0x00000000001211cc                __getreent
 .text.__fixdfdi
                0x00000000001211f4       0x38 c:/devkitpro/devkitarm/bin/../lib/gcc/arm-none-eabi/11.1.0/armv6k/fpu\libgcc.a(_fixdfdi.o)
                0x00000000001211f4                __fixdfdi
                0x00000000001211f4                __aeabi_d2lz
 *fill*         0x000000000012122c        0x4 
 .text.__fixunsdfdi
                0x0000000000121230       0x40 c:/devkitpro/devkitarm/bin/../lib/gcc/arm-none-eabi/11.1.0/armv6k/fpu\libgcc.a(_fixunsdfdi.o)
                0x0000000000121230                __fixunsdfdi
                0x0000000000121230                __aeabi_d2ulz
 .text.strrchr  0x0000000000121270       0x44 c:/devkitpro/devkitarm/bin/../lib/gcc/arm-none-eabi/11.1.0/../../../../arm-none-eabi/lib/armv6k/fpu\libg.a(lib_a-strrchr.o)
                0x0000000000121270                strrchr
 *(.glue_7)
 .glue_7        0x00000000001212b4        0x0 linker stubs
 *(.glue_7t)
 .glue_7t       0x00000000001212b4        0x0 linker stubs
 *(.stub)
 *(.gnu.warning)
 *(.gnu.linkonce.t*)
                0x00000000001212b4                . = ALIGN (0x4)
 *(.fini)
 .fini          0x00000000001212b4        0xc c:/devkitpro/devkitarm/bin/../lib/gcc/arm-none-eabi/11.1.0/armv6k/fpu/crti.o
                0x00000000001212b4                _fini
 .fini          0x00000000001212c0        0xc c:/devkitpro/devkitarm/bin/../lib/gcc/arm-none-eabi/11.1.0/armv6k/fpu/crtn.o
                0x00000000001212cc                . = ALIGN (0x4)

.vfp11_veneer   0x00000000001212cc        0x0
 .vfp11_veneer  0x00000000001212cc        0x0 linker stubs

.v4_bx          0x00000000001212cc        0x0
 .v4_bx         0x00000000001212cc        0x0 linker stubs

.iplt           0x00000000001212cc        0x0
 .iplt          0x00000000001212cc        0x0 c:/devkitpro/devkitarm/bin/../lib/gcc/arm-none-eabi/11.1.0/../../../../arm-none-eabi/lib/armv6k/fpu/3dsx_crt0.o
                0x0000000000122000                . = ALIGN (0x1000)

.rodata         0x0000000000122000    0x78200
 *(.rodata)
 .rodata        0x0000000000122000        0x3 C:/devkitPro/libctru/lib\libctru.a(apt.o)
 *fill*         0x0000000000122003        0x1 
 .rodata        0x0000000000122004        0xc C:/devkitPro/libctru/lib\libctru.a(archive_dev.o)
 *(.roda)
 *(.rodata.*)
 .rodata.buy1_bgr
                0x0000000000122010    0x38400 buy1.bgr.o
                0x0000000000122010                buy1_bgr
                0x000000000015a410                buy1_bgr_end
 .rodata.buy2_bgr
                0x000000000015a410    0x38400 buy2.bgr.o
                0x000000000015a410                buy2_bgr
                0x0000000000192810                buy2_bgr_end
 .rodata.str1.4
                0x0000000000192810       0xe4 main.o
 .rodata.con_write.str1.4
                0x00000000001928f4       0x52 C:/devkitPro/libctru/lib\libctru.a(console.o)
 *fill*         0x0000000000192946        0x2 
 .rodata.consoleClear.str1.4
                0x0000000000192948        0x5 C:/devkitPro/libctru/lib\libctru.a(console.o)
 *fill*         0x000000000019294d        0x3 
 .rodata.str1.4
                0x0000000000192950       0x10 C:/devkitPro/libctru/lib\libctru.a(console.o)
 .rodata.colorTable
                0x0000000000192960       0x30 C:/devkitPro/libctru/lib\libctru.a(console.o)
 .rodata.dotab_stdout
                0x0000000000192990       0x70 C:/devkitPro/libctru/lib\libctru.a(console.o)
 .rodata.gspInit.str1.4
                0x0000000000192a00        0x9 C:/devkitPro/libctru/lib\libctru.a(gspgpu.o)
 *fill*         0x0000000000192a09        0x3 
 .rodata.aptSendCommand.str1.4
                0x0000000000192a0c       0x16 C:/devkitPro/libctru/lib\libctru.a(apt.o)
 *fill*         0x0000000000192a22        0x2 
 .rodata.morton_x.3
                0x0000000000192a24        0x8 C:/devkitPro/libctru/lib\libctru.a(apt.o)
 .rodata.morton_y.2
                0x0000000000192a2c        0x8 C:/devkitPro/libctru/lib\libctru.a(apt.o)
 .rodata.s_sleepWakeEvents.4
                0x0000000000192a34        0x8 C:/devkitPro/libctru/lib\libctru.a(apt.o)
 .rodata.hidInit.str1.4
                0x0000000000192a3c       0x15 C:/devkitPro/libctru/lib\libctru.a(hid.o)
 *fill*         0x0000000000192a51        0x3 
 .rodata.default_font_bin
                0x0000000000192a54      0x800 C:/devkitPro/libctru/lib\libctru.a(default_font.bin.o)
                0x0000000000192a54                default_font_bin
                0x0000000000193254                default_font_bin_end
 .rodata.srvInit.str1.4
                0x0000000000193254        0x5 C:/devkitPro/libctru/lib\libctru.a(srv.o)
 *fill*         0x0000000000193259        0x3 
 .rodata.irrstInit.str1.4
                0x000000000019325c        0x7 C:/devkitPro/libctru/lib\libctru.a(irrst.o)
 *fill*         0x0000000000193263        0x1 
 .rodata.ptmSysmInit.str1.4
                0x0000000000193264        0x9 C:/devkitPro/libctru/lib\libctru.a(ptmsysm.o)
 *fill*         0x000000000019326d        0x3 
 .rodata.str1.4
                0x0000000000193270        0x8 C:/devkitPro/libctru/lib\libctru.a(archive_dev.o)
                                          0xc (size before relaxing)
 .rodata._archiveUnmountDeviceStruct.part.0.str1.4
                0x0000000000193278        0x2 C:/devkitPro/libctru/lib\libctru.a(archive_dev.o)
 *fill*         0x000000000019327a        0x2 
 .rodata._archiveMountDevice.str1.4
                0x000000000019327c        0x8 C:/devkitPro/libctru/lib\libctru.a(archive_dev.o)
 .rodata.archiveMountSdmc.str1.4
                0x0000000000193284        0x5 C:/devkitPro/libctru/lib\libctru.a(archive_dev.o)
 *fill*         0x0000000000193289        0x3 
 .rodata.archive_devoptab
                0x000000000019328c       0x70 C:/devkitPro/libctru/lib\libctru.a(archive_dev.o)
 .rodata.error_table
                0x00000000001932fc       0x30 C:/devkitPro/libctru/lib\libctru.a(archive_dev.o)
 .rodata.fsInit.str1.4
                0x000000000019332c        0x8 C:/devkitPro/libctru/lib\libctru.a(fs.o)
 .rodata._global_impure_ptr
                0x0000000000193334        0x4 c:/devkitpro/devkitarm/bin/../lib/gcc/arm-none-eabi/11.1.0/../../../../arm-none-eabi/lib/armv6k/fpu\libg.a(lib_a-impure.o)
                0x0000000000193334                _global_impure_ptr
 .rodata.__ssvfscanf_r.str1.1
                0x0000000000193338        0x5 c:/devkitpro/devkitarm/bin/../lib/gcc/arm-none-eabi/11.1.0/../../../../arm-none-eabi/lib/armv6k/fpu\libg.a(lib_a-svfscanf.o)
                                          0x6 (size before relaxing)
 *fill*         0x000000000019333d        0x3 
 .rodata.basefix.0
                0x0000000000193340       0x22 c:/devkitpro/devkitarm/bin/../lib/gcc/arm-none-eabi/11.1.0/../../../../arm-none-eabi/lib/armv6k/fpu\libg.a(lib_a-svfscanf.o)
 .rodata._vfiprintf_r.str1.1
                0x0000000000193362       0x29 c:/devkitpro/devkitarm/bin/../lib/gcc/arm-none-eabi/11.1.0/../../../../arm-none-eabi/lib/armv6k/fpu\libg.a(lib_a-vfiprintf.o)
 *fill*         0x000000000019338b        0x1 
 .rodata.blanks.1
                0x000000000019338c       0x10 c:/devkitpro/devkitarm/bin/../lib/gcc/arm-none-eabi/11.1.0/../../../../arm-none-eabi/lib/armv6k/fpu\libg.a(lib_a-vfiprintf.o)
 .rodata.zeroes.0
                0x000000000019339c       0x10 c:/devkitpro/devkitarm/bin/../lib/gcc/arm-none-eabi/11.1.0/../../../../arm-none-eabi/lib/armv6k/fpu\libg.a(lib_a-vfiprintf.o)
 .rodata._vfprintf_r.str1.1
                0x00000000001933ac       0x12 c:/devkitpro/devkitarm/bin/../lib/gcc/arm-none-eabi/11.1.0/../../../../arm-none-eabi/lib/armv6k/fpu\libg.a(lib_a-vfprintf.o)
                                         0x3b (size before relaxing)
 *fill*         0x00000000001933be        0x2 
 .rodata.blanks.1
                0x00000000001933c0       0x10 c:/devkitpro/devkitarm/bin/../lib/gcc/arm-none-eabi/11.1.0/../../../../arm-none-eabi/lib/armv6k/fpu\libg.a(lib_a-vfprintf.o)
 .rodata.zeroes.0
                0x00000000001933d0       0x10 c:/devkitpro/devkitarm/bin/../lib/gcc/arm-none-eabi/11.1.0/../../../../arm-none-eabi/lib/armv6k/fpu\libg.a(lib_a-vfprintf.o)
 .rodata._ctype_
                0x00000000001933e0      0x101 c:/devkitpro/devkitarm/bin/../lib/gcc/arm-none-eabi/11.1.0/../../../../arm-none-eabi/lib/armv6k/fpu\libg.a(lib_a-ctype_.o)
                0x00000000001933e0                _ctype_
 *fill*         0x00000000001934e1        0x3 
 .rodata._dtoa_r.str1.4
                0x00000000001934e4       0x67 c:/devkitpro/devkitarm/bin/../lib/gcc/arm-none-eabi/11.1.0/../../../../arm-none-eabi/lib/armv6k/fpu\libg.a(lib_a-dtoa.o)
 *fill*         0x000000000019354b        0x1 
 .rodata.str1.4
                0x000000000019354c       0x48 c:/devkitpro/devkitarm/bin/../lib/gcc/arm-none-eabi/11.1.0/../../../../arm-none-eabi/lib/armv6k/fpu\libg.a(lib_a-locale.o)
                                         0x4c (size before relaxing)
 .rodata._mbrtowc_r.str1.4
                0x0000000000193594        0x1 c:/devkitpro/devkitarm/bin/../lib/gcc/arm-none-eabi/11.1.0/../../../../arm-none-eabi/lib/armv6k/fpu\libg.a(lib_a-mbrtowc.o)
 .rodata.__multadd.str1.4
                0x0000000000193594       0x40 c:/devkitpro/devkitarm/bin/../lib/gcc/arm-none-eabi/11.1.0/../../../../arm-none-eabi/lib/armv6k/fpu\libg.a(lib_a-mprec.o)
                                         0x54 (size before relaxing)
 *fill*         0x00000000001935d4        0x4 
 .rodata.__mprec_bigtens
                0x00000000001935d8       0x28 c:/devkitpro/devkitarm/bin/../lib/gcc/arm-none-eabi/11.1.0/../../../../arm-none-eabi/lib/armv6k/fpu\libg.a(lib_a-mprec.o)
                0x00000000001935d8                __mprec_bigtens
 .rodata.__mprec_tens
                0x0000000000193600       0xc8 c:/devkitpro/devkitarm/bin/../lib/gcc/arm-none-eabi/11.1.0/../../../../arm-none-eabi/lib/armv6k/fpu\libg.a(lib_a-mprec.o)
                0x0000000000193600                __mprec_tens
 .rodata.p05.0  0x00000000001936c8        0xc c:/devkitpro/devkitarm/bin/../lib/gcc/arm-none-eabi/11.1.0/../../../../arm-none-eabi/lib/armv6k/fpu\libg.a(lib_a-mprec.o)
 .rodata._strtod_l.str1.4
                0x00000000001936d4        0xf c:/devkitpro/devkitarm/bin/../lib/gcc/arm-none-eabi/11.1.0/../../../../arm-none-eabi/lib/armv6k/fpu\libg.a(lib_a-strtod.o)
                                         0x11 (size before relaxing)
 *fill*         0x00000000001936e3        0x1 
 .rodata.fpi.1  0x00000000001936e4       0x14 c:/devkitpro/devkitarm/bin/../lib/gcc/arm-none-eabi/11.1.0/../../../../arm-none-eabi/lib/armv6k/fpu\libg.a(lib_a-strtod.o)
 .rodata.fpinan.0
                0x00000000001936f8       0x14 c:/devkitpro/devkitarm/bin/../lib/gcc/arm-none-eabi/11.1.0/../../../../arm-none-eabi/lib/armv6k/fpu\libg.a(lib_a-strtod.o)
 *fill*         0x000000000019370c        0x4 
 .rodata.tinytens
                0x0000000000193710       0x28 c:/devkitpro/devkitarm/bin/../lib/gcc/arm-none-eabi/11.1.0/../../../../arm-none-eabi/lib/armv6k/fpu\libg.a(lib_a-strtod.o)
 .rodata.__action_table
                0x0000000000193738       0x6c c:/devkitpro/devkitarm/bin/../lib/gcc/arm-none-eabi/11.1.0/../../../../arm-none-eabi/lib/armv6k/fpu\libg.a(lib_a-svfiprintf.o)
                0x0000000000193738                __action_table
 .rodata.__chclass
                0x00000000001937a4      0x100 c:/devkitpro/devkitarm/bin/../lib/gcc/arm-none-eabi/11.1.0/../../../../arm-none-eabi/lib/armv6k/fpu\libg.a(lib_a-svfiprintf.o)
                0x00000000001937a4                __chclass
 .rodata.__state_table
                0x00000000001938a4       0x6c c:/devkitpro/devkitarm/bin/../lib/gcc/arm-none-eabi/11.1.0/../../../../arm-none-eabi/lib/armv6k/fpu\libg.a(lib_a-svfiprintf.o)
                0x00000000001938a4                __state_table
 .rodata._svfprintf_r.str1.1
                0x0000000000193910       0x3b c:/devkitpro/devkitarm/bin/../lib/gcc/arm-none-eabi/11.1.0/../../../../arm-none-eabi/lib/armv6k/fpu\libg.a(lib_a-svfprintf.o)
 .rodata.blanks.1
                0x0000000000193910       0x10 c:/devkitpro/devkitarm/bin/../lib/gcc/arm-none-eabi/11.1.0/../../../../arm-none-eabi/lib/armv6k/fpu\libg.a(lib_a-svfprintf.o)
 .rodata.zeroes.0
                0x0000000000193920       0x10 c:/devkitpro/devkitarm/bin/../lib/gcc/arm-none-eabi/11.1.0/../../../../arm-none-eabi/lib/armv6k/fpu\libg.a(lib_a-svfprintf.o)
 .rodata.__assert_func.str1.4
                0x0000000000193930       0x3f c:/devkitpro/devkitarm/bin/../lib/gcc/arm-none-eabi/11.1.0/../../../../arm-none-eabi/lib/armv6k/fpu\libg.a(lib_a-assert.o)
                                         0x43 (size before relaxing)
 *fill*         0x000000000019396f        0x1 
 .rodata.__gethex.str1.4
                0x0000000000193970       0x47 c:/devkitpro/devkitarm/bin/../lib/gcc/arm-none-eabi/11.1.0/../../../../arm-none-eabi/lib/armv6k/fpu\libg.a(lib_a-gdtoa-gethex.o)
                                         0x5b (size before relaxing)
 *fill*         0x00000000001939b7        0x1 
 .rodata.__hexdig
                0x00000000001939b8      0x100 c:/devkitpro/devkitarm/bin/../lib/gcc/arm-none-eabi/11.1.0/../../../../arm-none-eabi/lib/armv6k/fpu\libg.a(lib_a-gdtoa-gethex.o)
                0x00000000001939b8                __hexdig
 .rodata._jp2uc_l.str1.4
                0x0000000000193ab8       0x12 c:/devkitpro/devkitarm/bin/../lib/gcc/arm-none-eabi/11.1.0/../../../../arm-none-eabi/lib/armv6k/fpu\libg.a(lib_a-jp2uc.o)
 *fill*         0x0000000000193aca        0x2 
 .rodata.a1     0x0000000000193acc       0xbc c:/devkitpro/devkitarm/bin/../lib/gcc/arm-none-eabi/11.1.0/../../../../arm-none-eabi/lib/armv6k/fpu\libg.a(lib_a-jp2uc.o)
 .rodata.a2     0x0000000000193b88       0xbc c:/devkitpro/devkitarm/bin/../lib/gcc/arm-none-eabi/11.1.0/../../../../arm-none-eabi/lib/armv6k/fpu\libg.a(lib_a-jp2uc.o)
 .rodata.a3     0x0000000000193c44       0x5b c:/devkitpro/devkitarm/bin/../lib/gcc/arm-none-eabi/11.1.0/../../../../arm-none-eabi/lib/armv6k/fpu\libg.a(lib_a-jp2uc.o)
 *fill*         0x0000000000193c9f        0x1 
 .rodata.a6     0x0000000000193ca0       0x70 c:/devkitpro/devkitarm/bin/../lib/gcc/arm-none-eabi/11.1.0/../../../../arm-none-eabi/lib/armv6k/fpu\libg.a(lib_a-jp2uc.o)
 .rodata.a7     0x0000000000193d10       0xa2 c:/devkitpro/devkitarm/bin/../lib/gcc/arm-none-eabi/11.1.0/../../../../arm-none-eabi/lib/armv6k/fpu\libg.a(lib_a-jp2uc.o)
 *fill*         0x0000000000193db2        0x2 
 .rodata.a8     0x0000000000193db4       0x40 c:/devkitpro/devkitarm/bin/../lib/gcc/arm-none-eabi/11.1.0/../../../../arm-none-eabi/lib/armv6k/fpu\libg.a(lib_a-jp2uc.o)
 .rodata.b02cf  0x0000000000193df4     0x172a c:/devkitpro/devkitarm/bin/../lib/gcc/arm-none-eabi/11.1.0/../../../../arm-none-eabi/lib/armv6k/fpu\libg.a(lib_a-jp2uc.o)
 *fill*         0x000000000019551e        0x2 
 .rodata.d02f4  0x0000000000195520     0x1a7c c:/devkitpro/devkitarm/bin/../lib/gcc/arm-none-eabi/11.1.0/../../../../arm-none-eabi/lib/armv6k/fpu\libg.a(lib_a-jp2uc.o)
 .rodata.str1.4
                0x0000000000196f9c        0x5 c:/devkitpro/devkitarm/bin/../lib/gcc/arm-none-eabi/11.1.0/../../../../arm-none-eabi/lib/armv6k/fpu\libg.a(lib_a-lnumeric.o)
 .rodata._C_numeric_locale
                0x0000000000196f9c        0xc c:/devkitpro/devkitarm/bin/../lib/gcc/arm-none-eabi/11.1.0/../../../../arm-none-eabi/lib/armv6k/fpu\libg.a(lib_a-lnumeric.o)
                0x0000000000196f9c                _C_numeric_locale
 .rodata.categories
                0x0000000000196fa8     0x31e6 c:/devkitpro/devkitarm/bin/../lib/gcc/arm-none-eabi/11.1.0/../../../../arm-none-eabi/lib/armv6k/fpu\libg.a(lib_a-categories.o)
 .rodata.AddDevice.str1.4
                0x000000000019a18e        0x8 c:/devkitpro/devkitarm/bin/../lib/gcc/arm-none-eabi/11.1.0/../../../../arm-none-eabi/lib/armv6k/fpu\libsysbase.a(iosupport.o)
 *fill*         0x000000000019a18e        0x2 
 .rodata.dotab_stdnull
                0x000000000019a190       0x70 c:/devkitpro/devkitarm/bin/../lib/gcc/arm-none-eabi/11.1.0/../../../../arm-none-eabi/lib/armv6k/fpu\libsysbase.a(iosupport.o)
                0x000000000019a190                dotab_stdnull
 *all.rodata*(*)
 *(.gnu.linkonce.r*)
                0x000000000019a200                . = ALIGN (0x4)

.eh_frame       0x000000000019a200        0x0